
*** Running vivado
    with args -log top_shell.vds -m64 -product Vivado -mode batch -messageDb vivado.pb -notrace -source top_shell.tcl



****** Vivado v2024.2.2 (64-bit)
  **** SW Build 6060944 on Thu Mar 06 19:10:01 MST 2025
  **** IP Build 6050500 on Thu Mar  6 23:33:39 MST 2025
  **** SharedData Build 6060542 on Thu Mar 06 10:31:07 MST 2025
  **** Start of session at: Mon Aug 17 21:12:08 2026
    ** Copyright 1986-2022 Xilinx, Inc. All Rights Reserved.
    ** Copyright 2022-2025 Advanced Micro Devices, Inc. All Rights Reserved.

source top_shell.tcl -notrace
Command: read_checkpoint -auto_incremental -incremental O:/ENGS31/Etch_A_Sketch/FPGA_Etch_A_Sketch/VIVADO/FPGA_Etch_A_Sketch.srcs/utils_1/imports/synth_1/top_shell.dcp
INFO: [Vivado 12-5825] Read reference checkpoint from O:/ENGS31/Etch_A_Sketch/FPGA_Etch_A_Sketch/VIVADO/FPGA_Etch_A_Sketch.srcs/utils_1/imports/synth_1/top_shell.dcp for incremental synthesis
INFO: [Vivado 12-7989] Please ensure there are no constraint changes
Command: synth_design -top top_shell -part xc7a35tcpg236-1
Starting synth_design
Attempting to get a license for feature 'Synthesis' and/or device 'xc7a35t'
INFO: [Common 17-349] Got license for feature 'Synthesis' and/or device 'xc7a35t'
INFO: [Device 21-403] Loading part xc7a35tcpg236-1
INFO: [Designutils 20-5440] No compile time benefit to using incremental synthesis; A full resynthesis will be run
INFO: [Designutils 20-4379] Flow is switching to default flow due to incremental criteria not met. If you would like to alter this behaviour and have the flow terminate instead, please set the following parameter config_implementation {autoIncr.Synth.RejectBehavior Terminate}
INFO: [Synth 8-7079] Multithreading enabled for synth_design using a maximum of 2 processes.
INFO: [Synth 8-7078] Launching helper process for spawning children vivado processes
INFO: [Synth 8-7075] Helper process launched with PID 620
---------------------------------------------------------------------------------
Starting RTL Elaboration : Time (s): cpu = 00:00:03 ; elapsed = 00:00:03 . Memory (MB): peak = 996.887 ; gain = 466.801
---------------------------------------------------------------------------------
INFO: [Synth 8-638] synthesizing module 'top_shell' [O:/ENGS31/Etch_A_Sketch/FPGA_Etch_A_Sketch/VHDL/top_shell.vhd:40]
	Parameter CLOCK_DIVIDER_RATIO bound to: 4 - type: integer 
INFO: [Synth 8-3491] module 'system_clock_generator' declared at 'O:/ENGS31/Etch_A_Sketch/FPGA_Etch_A_Sketch/VHDL/clock_divider.vhd:14' bound to instance 'clocking' of component 'system_clock_generator' [O:/ENGS31/Etch_A_Sketch/FPGA_Etch_A_Sketch/VHDL/top_shell.vhd:161]
INFO: [Synth 8-638] synthesizing module 'system_clock_generator' [O:/ENGS31/Etch_A_Sketch/FPGA_Etch_A_Sketch/VHDL/clock_divider.vhd:25]
	Parameter CLOCK_DIVIDER_RATIO bound to: 4 - type: integer 
INFO: [Synth 8-113] binding component instance 'system_clock_buffer' to cell 'BUFG' [O:/ENGS31/Etch_A_Sketch/FPGA_Etch_A_Sketch/VHDL/clock_divider.vhd:63]
	Parameter DDR_CLK_EDGE bound to: SAME_EDGE - type: string 
	Parameter INIT bound to: 1'b0 
	Parameter SRTYPE bound to: SYNC - type: string 
INFO: [Synth 8-113] binding component instance 'clock_forwarding_ODDR' to cell 'ODDR' [O:/ENGS31/Etch_A_Sketch/FPGA_Etch_A_Sketch/VHDL/clock_divider.vhd:72]
INFO: [Synth 8-256] done synthesizing module 'system_clock_generator' (0#1) [O:/ENGS31/Etch_A_Sketch/FPGA_Etch_A_Sketch/VHDL/clock_divider.vhd:25]
	Parameter STABLE_TIME bound to: 100 - type: integer 
INFO: [Synth 8-3491] module 'button_interface' declared at 'O:/ENGS31/Etch_A_Sketch/FPGA_Etch_A_Sketch/VHDL/button_conditioning.vhd:14' bound to instance 'up_debounce' of component 'button_interface' [O:/ENGS31/Etch_A_Sketch/FPGA_Etch_A_Sketch/VHDL/top_shell.vhd:171]
INFO: [Synth 8-638] synthesizing module 'button_interface' [O:/ENGS31/Etch_A_Sketch/FPGA_Etch_A_Sketch/VHDL/button_conditioning.vhd:25]
	Parameter STABLE_TIME bound to: 100 - type: integer 
INFO: [Synth 8-256] done synthesizing module 'button_interface' (0#1) [O:/ENGS31/Etch_A_Sketch/FPGA_Etch_A_Sketch/VHDL/button_conditioning.vhd:25]
	Parameter STABLE_TIME bound to: 100 - type: integer 
INFO: [Synth 8-3491] module 'button_interface' declared at 'O:/ENGS31/Etch_A_Sketch/FPGA_Etch_A_Sketch/VHDL/button_conditioning.vhd:14' bound to instance 'down_debounce' of component 'button_interface' [O:/ENGS31/Etch_A_Sketch/FPGA_Etch_A_Sketch/VHDL/top_shell.vhd:181]
	Parameter STABLE_TIME bound to: 100 - type: integer 
INFO: [Synth 8-3491] module 'button_interface' declared at 'O:/ENGS31/Etch_A_Sketch/FPGA_Etch_A_Sketch/VHDL/button_conditioning.vhd:14' bound to instance 'left_debounce' of component 'button_interface' [O:/ENGS31/Etch_A_Sketch/FPGA_Etch_A_Sketch/VHDL/top_shell.vhd:191]
	Parameter STABLE_TIME bound to: 100 - type: integer 
INFO: [Synth 8-3491] module 'button_interface' declared at 'O:/ENGS31/Etch_A_Sketch/FPGA_Etch_A_Sketch/VHDL/button_conditioning.vhd:14' bound to instance 'right_debounce' of component 'button_interface' [O:/ENGS31/Etch_A_Sketch/FPGA_Etch_A_Sketch/VHDL/top_shell.vhd:201]
	Parameter STABLE_TIME bound to: 100 - type: integer 
INFO: [Synth 8-3491] module 'button_interface' declared at 'O:/ENGS31/Etch_A_Sketch/FPGA_Etch_A_Sketch/VHDL/button_conditioning.vhd:14' bound to instance 'clear_debounce' of component 'button_interface' [O:/ENGS31/Etch_A_Sketch/FPGA_Etch_A_Sketch/VHDL/top_shell.vhd:211]
	Parameter CLK_DIVIDER bound to: 416667 - type: integer 
INFO: [Synth 8-3491] module 'cursor_tracker' declared at 'O:/ENGS31/Etch_A_Sketch/FPGA_Etch_A_Sketch/VHDL/cursor_tracker.vhd:17' bound to instance 'tracker' of component 'cursor_tracker' [O:/ENGS31/Etch_A_Sketch/FPGA_Etch_A_Sketch/VHDL/top_shell.vhd:222]
INFO: [Synth 8-638] synthesizing module 'cursor_tracker' [O:/ENGS31/Etch_A_Sketch/FPGA_Etch_A_Sketch/VHDL/cursor_tracker.vhd:39]
	Parameter CLK_DIVIDER bound to: 416667 - type: integer 
INFO: [Synth 8-256] done synthesizing module 'cursor_tracker' (0#1) [O:/ENGS31/Etch_A_Sketch/FPGA_Etch_A_Sketch/VHDL/cursor_tracker.vhd:39]
INFO: [Synth 8-3491] module 'frame_updater' declared at 'O:/ENGS31/Etch_A_Sketch/FPGA_Etch_A_Sketch/VHDL/frame_updater.vhd:11' bound to instance 'frame_update' of component 'frame_updater' [O:/ENGS31/Etch_A_Sketch/FPGA_Etch_A_Sketch/VHDL/top_shell.vhd:241]
INFO: [Synth 8-638] synthesizing module 'frame_updater' [O:/ENGS31/Etch_A_Sketch/FPGA_Etch_A_Sketch/VHDL/frame_updater.vhd:27]
INFO: [Synth 8-256] done synthesizing module 'frame_updater' (0#1) [O:/ENGS31/Etch_A_Sketch/FPGA_Etch_A_Sketch/VHDL/frame_updater.vhd:27]
INFO: [Synth 8-3491] module 'frame_buffer_IP' declared at 'O:/ENGS31/Etch_A_Sketch/FPGA_Etch_A_Sketch/VIVADO/FPGA_Etch_A_Sketch.runs/synth_1/.Xil/Vivado-30164-c011-09/realtime/frame_buffer_IP_stub.vhdl:6' bound to instance 'frame_buf' of component 'frame_buffer_IP' [O:/ENGS31/Etch_A_Sketch/FPGA_Etch_A_Sketch/VHDL/top_shell.vhd:259]
INFO: [Synth 8-638] synthesizing module 'frame_buffer_IP' [O:/ENGS31/Etch_A_Sketch/FPGA_Etch_A_Sketch/VIVADO/FPGA_Etch_A_Sketch.runs/synth_1/.Xil/Vivado-30164-c011-09/realtime/frame_buffer_IP_stub.vhdl:24]
INFO: [Synth 8-3491] module 'vga_controller' declared at 'O:/ENGS31/Etch_A_Sketch/FPGA_Etch_A_Sketch/VHDL/vga_controller.vhd:10' bound to instance 'vga_control' of component 'vga_controller' [O:/ENGS31/Etch_A_Sketch/FPGA_Etch_A_Sketch/VHDL/top_shell.vhd:270]
INFO: [Synth 8-638] synthesizing module 'vga_controller' [O:/ENGS31/Etch_A_Sketch/FPGA_Etch_A_Sketch/VHDL/vga_controller.vhd:25]
INFO: [Synth 8-256] done synthesizing module 'vga_controller' (0#1) [O:/ENGS31/Etch_A_Sketch/FPGA_Etch_A_Sketch/VHDL/vga_controller.vhd:25]
INFO: [Synth 8-3491] module 'vga_synchronizer' declared at 'O:/ENGS31/Etch_A_Sketch/FPGA_Etch_A_Sketch/VHDL/vga_synchronizer.vhd:11' bound to instance 'vga_sync' of component 'vga_synchronizer' [O:/ENGS31/Etch_A_Sketch/FPGA_Etch_A_Sketch/VHDL/top_shell.vhd:284]
INFO: [Synth 8-638] synthesizing module 'vga_synchronizer' [O:/ENGS31/Etch_A_Sketch/FPGA_Etch_A_Sketch/VHDL/vga_synchronizer.vhd:27]
INFO: [Synth 8-256] done synthesizing module 'vga_synchronizer' (0#1) [O:/ENGS31/Etch_A_Sketch/FPGA_Etch_A_Sketch/VHDL/vga_synchronizer.vhd:27]
INFO: [Synth 8-256] done synthesizing module 'top_shell' (0#1) [O:/ENGS31/Etch_A_Sketch/FPGA_Etch_A_Sketch/VHDL/top_shell.vhd:40]
WARNING: [Synth 8-7129] Port clk_port in module frame_updater is either unconnected or has no load
WARNING: [Synth 8-7129] Port cursorX_port[9] in module frame_updater is either unconnected or has no load
WARNING: [Synth 8-7129] Port cursorX_port[8] in module frame_updater is either unconnected or has no load
WARNING: [Synth 8-7129] Port cursorX_port[7] in module frame_updater is either unconnected or has no load
WARNING: [Synth 8-7129] Port cursorX_port[6] in module frame_updater is either unconnected or has no load
WARNING: [Synth 8-7129] Port cursorX_port[5] in module frame_updater is either unconnected or has no load
WARNING: [Synth 8-7129] Port cursorX_port[4] in module frame_updater is either unconnected or has no load
WARNING: [Synth 8-7129] Port cursorX_port[3] in module frame_updater is either unconnected or has no load
WARNING: [Synth 8-7129] Port cursorX_port[2] in module frame_updater is either unconnected or has no load
WARNING: [Synth 8-7129] Port cursorX_port[1] in module frame_updater is either unconnected or has no load
WARNING: [Synth 8-7129] Port cursorX_port[0] in module frame_updater is either unconnected or has no load
WARNING: [Synth 8-7129] Port cursorY_port[8] in module frame_updater is either unconnected or has no load
WARNING: [Synth 8-7129] Port cursorY_port[7] in module frame_updater is either unconnected or has no load
WARNING: [Synth 8-7129] Port cursorY_port[6] in module frame_updater is either unconnected or has no load
WARNING: [Synth 8-7129] Port cursorY_port[5] in module frame_updater is either unconnected or has no load
WARNING: [Synth 8-7129] Port cursorY_port[4] in module frame_updater is either unconnected or has no load
WARNING: [Synth 8-7129] Port cursorY_port[3] in module frame_updater is either unconnected or has no load
WARNING: [Synth 8-7129] Port cursorY_port[2] in module frame_updater is either unconnected or has no load
WARNING: [Synth 8-7129] Port cursorY_port[1] in module frame_updater is either unconnected or has no load
WARNING: [Synth 8-7129] Port cursorY_port[0] in module frame_updater is either unconnected or has no load
WARNING: [Synth 8-7129] Port clear_port in module frame_updater is either unconnected or has no load
WARNING: [Synth 8-7129] Port Vblank_port in module frame_updater is either unconnected or has no load
---------------------------------------------------------------------------------
Finished RTL Elaboration : Time (s): cpu = 00:00:04 ; elapsed = 00:00:05 . Memory (MB): peak = 1108.242 ; gain = 578.156
---------------------------------------------------------------------------------
---------------------------------------------------------------------------------
Start Handling Custom Attributes
---------------------------------------------------------------------------------
---------------------------------------------------------------------------------
Finished Handling Custom Attributes : Time (s): cpu = 00:00:04 ; elapsed = 00:00:05 . Memory (MB): peak = 1108.242 ; gain = 578.156
---------------------------------------------------------------------------------
---------------------------------------------------------------------------------
Finished RTL Optimization Phase 1 : Time (s): cpu = 00:00:04 ; elapsed = 00:00:05 . Memory (MB): peak = 1108.242 ; gain = 578.156
---------------------------------------------------------------------------------
Netlist sorting complete. Time (s): cpu = 00:00:00 ; elapsed = 00:00:00.002 . Memory (MB): peak = 1108.242 ; gain = 0.000
INFO: [Netlist 29-17] Analyzing 1 Unisim elements for replacement
INFO: [Netlist 29-28] Unisim Transformation completed in 0 CPU seconds
INFO: [Project 1-570] Preparing netlist for logic optimization

Processing XDC Constraints
Initializing timing engine
Parsing XDC File [o:/ENGS31/Etch_A_Sketch/FPGA_Etch_A_Sketch/VIVADO/FPGA_Etch_A_Sketch.gen/sources_1/ip/frame_buffer_IP/frame_buffer_IP/frame_buffer_IP_in_context.xdc] for cell 'frame_buf'
Finished Parsing XDC File [o:/ENGS31/Etch_A_Sketch/FPGA_Etch_A_Sketch/VIVADO/FPGA_Etch_A_Sketch.gen/sources_1/ip/frame_buffer_IP/frame_buffer_IP/frame_buffer_IP_in_context.xdc] for cell 'frame_buf'
Parsing XDC File [O:/ENGS31/Etch_A_Sketch/FPGA_Etch_A_Sketch/VHDL/ENGS31_Constraints_Template.xdc]
Finished Parsing XDC File [O:/ENGS31/Etch_A_Sketch/FPGA_Etch_A_Sketch/VHDL/ENGS31_Constraints_Template.xdc]
INFO: [Project 1-236] Implementation specific constraints were found while reading constraint file [O:/ENGS31/Etch_A_Sketch/FPGA_Etch_A_Sketch/VHDL/ENGS31_Constraints_Template.xdc]. These constraints will be ignored for synthesis but will be used in implementation. Impacted constraints are listed in the file [.Xil/top_shell_propImpl.xdc].
Resolution: To avoid this warning, move constraints listed in [.Xil/top_shell_propImpl.xdc] to another XDC file and exclude this new file from synthesis with the used_in_synthesis property (File Properties dialog in GUI) and re-run elaboration/synthesis.
Completed Processing XDC Constraints

Netlist sorting complete. Time (s): cpu = 00:00:00 ; elapsed = 00:00:00 . Memory (MB): peak = 1198.078 ; gain = 0.000
INFO: [Project 1-111] Unisim Transformation Summary:
No Unisim elements were transformed.

Constraint Validation Runtime : Time (s): cpu = 00:00:00 ; elapsed = 00:00:00.008 . Memory (MB): peak = 1198.078 ; gain = 0.000
INFO: [Designutils 20-5440] No compile time benefit to using incremental synthesis; A full resynthesis will be run
INFO: [Designutils 20-4379] Flow is switching to default flow due to incremental criteria not met. If you would like to alter this behaviour and have the flow terminate instead, please set the following parameter config_implementation {autoIncr.Synth.RejectBehavior Terminate}
---------------------------------------------------------------------------------
Finished Constraint Validation : Time (s): cpu = 00:00:08 ; elapsed = 00:00:10 . Memory (MB): peak = 1198.078 ; gain = 667.992
---------------------------------------------------------------------------------
---------------------------------------------------------------------------------
Start Loading Part and Timing Information
---------------------------------------------------------------------------------
Loading part: xc7a35tcpg236-1
---------------------------------------------------------------------------------
Finished Loading Part and Timing Information : Time (s): cpu = 00:00:08 ; elapsed = 00:00:10 . Memory (MB): peak = 1198.078 ; gain = 667.992
---------------------------------------------------------------------------------
---------------------------------------------------------------------------------
Start Applying 'set_property' XDC Constraints
---------------------------------------------------------------------------------
Applied set_property KEEP_HIERARCHY = SOFT for frame_buf. (constraint file  auto generated constraint).
---------------------------------------------------------------------------------
Finished applying 'set_property' XDC Constraints : Time (s): cpu = 00:00:08 ; elapsed = 00:00:10 . Memory (MB): peak = 1198.078 ; gain = 667.992
---------------------------------------------------------------------------------
INFO: [Synth 8-802] inferred FSM for state register 'current_state_reg' in module 'button_interface'
---------------------------------------------------------------------------------------------------
                   State |                     New Encoding |                Previous Encoding 
---------------------------------------------------------------------------------------------------
                     low |                               00 |                               00
             low_to_high |                               01 |                               01
                    high |                               10 |                               10
             high_to_low |                               11 |                               11
---------------------------------------------------------------------------------------------------
INFO: [Synth 8-3354] encoded FSM with state register 'current_state_reg' using encoding 'sequential' in module 'button_interface'
---------------------------------------------------------------------------------
Finished RTL Optimization Phase 2 : Time (s): cpu = 00:00:08 ; elapsed = 00:00:11 . Memory (MB): peak = 1198.078 ; gain = 667.992
---------------------------------------------------------------------------------
---------------------------------------------------------------------------------
Start RTL Component Statistics 
---------------------------------------------------------------------------------
Detailed RTL Component Info : 
+---Adders : 
	   2 Input   32 Bit       Adders := 2     
	   2 Input   19 Bit       Adders := 1     
	   2 Input   10 Bit       Adders := 1     
	   2 Input    9 Bit       Adders := 1     
	   2 Input    8 Bit       Adders := 5     
+---Registers : 
	               32 Bit    Registers := 3     
	               19 Bit    Registers := 1     
	               10 Bit    Registers := 1     
	                9 Bit    Registers := 1     
	                8 Bit    Registers := 5     
	                2 Bit    Registers := 5     
	                1 Bit    Registers := 11    
+---Muxes : 
	   2 Input   19 Bit        Muxes := 2     
	   3 Input    3 Bit        Muxes := 1     
	   4 Input    2 Bit        Muxes := 5     
	   2 Input    2 Bit        Muxes := 12    
	   2 Input    1 Bit        Muxes := 12    
	   4 Input    1 Bit        Muxes := 10    
---------------------------------------------------------------------------------
Finished RTL Component Statistics 
---------------------------------------------------------------------------------
---------------------------------------------------------------------------------
Start Part Resource Summary
---------------------------------------------------------------------------------
Part Resources:
DSPs: 90 (col length:60)
BRAMs: 100 (col length: RAMB18 60 RAMB36 30)
---------------------------------------------------------------------------------
Finished Part Resource Summary
---------------------------------------------------------------------------------
---------------------------------------------------------------------------------
Start Cross Boundary and Area Optimization
---------------------------------------------------------------------------------
WARNING: [Synth 8-7080] Parallel synthesis criteria is not met
DSP Report: Generating DSP addr_port0, operation Mode is: C'+A2*(B:0x280).
DSP Report: register ycord_reg is absorbed into DSP addr_port0.
DSP Report: register xcord_reg is absorbed into DSP addr_port0.
DSP Report: operator addr_port0 is absorbed into DSP addr_port0.
DSP Report: operator addr_port1 is absorbed into DSP addr_port0.
WARNING: [Synth 8-3332] Sequential element (up_debounce/FSM_sequential_current_state_reg[1]) is unused and will be removed from module top_shell.
WARNING: [Synth 8-3332] Sequential element (up_debounce/FSM_sequential_current_state_reg[0]) is unused and will be removed from module top_shell.
WARNING: [Synth 8-3332] Sequential element (down_debounce/FSM_sequential_current_state_reg[1]) is unused and will be removed from module top_shell.
WARNING: [Synth 8-3332] Sequential element (down_debounce/FSM_sequential_current_state_reg[0]) is unused and will be removed from module top_shell.
WARNING: [Synth 8-3332] Sequential element (left_debounce/FSM_sequential_current_state_reg[1]) is unused and will be removed from module top_shell.
WARNING: [Synth 8-3332] Sequential element (left_debounce/FSM_sequential_current_state_reg[0]) is unused and will be removed from module top_shell.
WARNING: [Synth 8-3332] Sequential element (right_debounce/FSM_sequential_current_state_reg[1]) is unused and will be removed from module top_shell.
WARNING: [Synth 8-3332] Sequential element (right_debounce/FSM_sequential_current_state_reg[0]) is unused and will be removed from module top_shell.
WARNING: [Synth 8-3332] Sequential element (clear_debounce/FSM_sequential_current_state_reg[1]) is unused and will be removed from module top_shell.
WARNING: [Synth 8-3332] Sequential element (clear_debounce/FSM_sequential_current_state_reg[0]) is unused and will be removed from module top_shell.
---------------------------------------------------------------------------------
Finished Cross Boundary and Area Optimization : Time (s): cpu = 00:00:09 ; elapsed = 00:00:13 . Memory (MB): peak = 1198.078 ; gain = 667.992
---------------------------------------------------------------------------------
 Sort Area is  addr_port0_0 : 0 0 : 415 415 : Used 1 time 0
---------------------------------------------------------------------------------
Start ROM, RAM, DSP, Shift Register and Retiming Reporting
---------------------------------------------------------------------------------

DSP: Preliminary Mapping Report (see note below. The ' indicates corresponding REG is set)
+---------------+-----------------+--------+--------+--------+--------+--------+------+------+------+------+-------+------+------+
|Module Name    | DSP Mapping     | A Size | B Size | C Size | D Size | P Size | AREG | BREG | CREG | DREG | ADREG | MREG | PREG | 
+---------------+-----------------+--------+--------+--------+--------+--------+------+------+------+------+-------+------+------+
|vga_controller | C'+A2*(B:0x280) | 19     | 11     | 19     | -      | 19     | 1    | 0    | 1    | -    | -     | 0    | 0    | 
+---------------+-----------------+--------+--------+--------+--------+--------+------+------+------+------+-------+------+------+

Note: The table above is a preliminary report that shows the DSPs inferred at the current stage of the synthesis flow. Some DSP may be reimplemented as non DSP primitives later in the synthesis flow. Multiple instantiated DSPs are reported only once.
---------------------------------------------------------------------------------
Finished ROM, RAM, DSP, Shift Register and Retiming Reporting
---------------------------------------------------------------------------------
---------------------------------------------------------------------------------
Start Applying XDC Timing Constraints
---------------------------------------------------------------------------------
---------------------------------------------------------------------------------
Finished Applying XDC Timing Constraints : Time (s): cpu = 00:00:14 ; elapsed = 00:00:17 . Memory (MB): peak = 1339.285 ; gain = 809.199
---------------------------------------------------------------------------------
---------------------------------------------------------------------------------
Start Timing Optimization
---------------------------------------------------------------------------------
---------------------------------------------------------------------------------
Finished Timing Optimization : Time (s): cpu = 00:00:14 ; elapsed = 00:00:17 . Memory (MB): peak = 1339.648 ; gain = 809.562
---------------------------------------------------------------------------------
---------------------------------------------------------------------------------
Start Technology Mapping
---------------------------------------------------------------------------------
---------------------------------------------------------------------------------
Finished Technology Mapping : Time (s): cpu = 00:00:14 ; elapsed = 00:00:18 . Memory (MB): peak = 1368.254 ; gain = 838.168
---------------------------------------------------------------------------------
---------------------------------------------------------------------------------
Start IO Insertion
---------------------------------------------------------------------------------
---------------------------------------------------------------------------------
Start Flattening Before IO Insertion
---------------------------------------------------------------------------------
---------------------------------------------------------------------------------
Finished Flattening Before IO Insertion
---------------------------------------------------------------------------------
---------------------------------------------------------------------------------
Start Final Netlist Cleanup
---------------------------------------------------------------------------------
---------------------------------------------------------------------------------
Finished Final Netlist Cleanup
---------------------------------------------------------------------------------
---------------------------------------------------------------------------------
Finished IO Insertion : Time (s): cpu = 00:00:16 ; elapsed = 00:00:19 . Memory (MB): peak = 1565.078 ; gain = 1034.992
---------------------------------------------------------------------------------
---------------------------------------------------------------------------------
Start Renaming Generated Instances
---------------------------------------------------------------------------------
---------------------------------------------------------------------------------
Finished Renaming Generated Instances : Time (s): cpu = 00:00:16 ; elapsed = 00:00:19 . Memory (MB): peak = 1565.078 ; gain = 1034.992
---------------------------------------------------------------------------------
---------------------------------------------------------------------------------
Start Rebuilding User Hierarchy
---------------------------------------------------------------------------------
---------------------------------------------------------------------------------
Finished Rebuilding User Hierarchy : Time (s): cpu = 00:00:16 ; elapsed = 00:00:19 . Memory (MB): peak = 1565.078 ; gain = 1034.992
---------------------------------------------------------------------------------
---------------------------------------------------------------------------------
Start Renaming Generated Ports
---------------------------------------------------------------------------------
---------------------------------------------------------------------------------
Finished Renaming Generated Ports : Time (s): cpu = 00:00:16 ; elapsed = 00:00:19 . Memory (MB): peak = 1565.078 ; gain = 1034.992
---------------------------------------------------------------------------------
---------------------------------------------------------------------------------
Start Handling Custom Attributes
---------------------------------------------------------------------------------
---------------------------------------------------------------------------------
Finished Handling Custom Attributes : Time (s): cpu = 00:00:16 ; elapsed = 00:00:19 . Memory (MB): peak = 1565.078 ; gain = 1034.992
---------------------------------------------------------------------------------
---------------------------------------------------------------------------------
Start Renaming Generated Nets
---------------------------------------------------------------------------------
---------------------------------------------------------------------------------
Finished Renaming Generated Nets : Time (s): cpu = 00:00:16 ; elapsed = 00:00:19 . Memory (MB): peak = 1565.078 ; gain = 1034.992
---------------------------------------------------------------------------------
---------------------------------------------------------------------------------
Start Writing Synthesis Report
---------------------------------------------------------------------------------

DSP Final Report (the ' indicates corresponding REG is set)
+---------------+-------------+--------+--------+--------+--------+--------+------+------+------+------+-------+------+------+
|Module Name    | DSP Mapping | A Size | B Size | C Size | D Size | P Size | AREG | BREG | CREG | DREG | ADREG | MREG | PREG | 
+---------------+-------------+--------+--------+--------+--------+--------+------+------+------+------+-------+------+------+
|vga_controller | C'+A'*B     | 30     | 10     | 48     | -      | 19     | 1    | 0    | 1    | -    | -     | 0    | 0    | 
+---------------+-------------+--------+--------+--------+--------+--------+------+------+------+------+-------+------+------+


Report BlackBoxes: 
+------+----------------+----------+
|      |BlackBox name   |Instances |
+------+----------------+----------+
|1     |frame_buffer_IP |         1|
+------+----------------+----------+

Report Cell Usage: 
+------+---------------------+------+
|      |Cell                 |Count |
+------+---------------------+------+
|1     |frame_buffer_IP_bbox |     1|
|2     |BUFG                 |     2|
|3     |CARRY4               |    40|
|4     |DSP48E1              |     1|
|5     |LUT1                 |     6|
|6     |LUT2                 |   168|
|7     |LUT3                 |    20|
|8     |LUT4                 |     8|
|9     |LUT5                 |    21|
|10    |LUT6                 |    29|
|11    |ODDR                 |     1|
|12    |FDRE                 |    70|
|13    |IBUF                 |     1|
|14    |OBUF                 |     5|
+------+---------------------+------+
---------------------------------------------------------------------------------
Finished Writing Synthesis Report : Time (s): cpu = 00:00:16 ; elapsed = 00:00:20 . Memory (MB): peak = 1565.078 ; gain = 1034.992
---------------------------------------------------------------------------------
Synthesis finished with 0 errors, 0 critical warnings and 11 warnings.
Synthesis Optimization Runtime : Time (s): cpu = 00:00:11 ; elapsed = 00:00:18 . Memory (MB): peak = 1565.078 ; gain = 945.156
Synthesis Optimization Complete : Time (s): cpu = 00:00:16 ; elapsed = 00:00:20 . Memory (MB): peak = 1565.078 ; gain = 1034.992
INFO: [Project 1-571] Translating synthesized netlist
Netlist sorting complete. Time (s): cpu = 00:00:00 ; elapsed = 00:00:00.001 . Memory (MB): peak = 1565.078 ; gain = 0.000
INFO: [Netlist 29-17] Analyzing 42 Unisim elements for replacement
INFO: [Netlist 29-28] Unisim Transformation completed in 0 CPU seconds
INFO: [Project 1-570] Preparing netlist for logic optimization
INFO: [Opt 31-138] Pushed 0 inverter(s) to 0 load pin(s).
Netlist sorting complete. Time (s): cpu = 00:00:00 ; elapsed = 00:00:00 . Memory (MB): peak = 1565.078 ; gain = 0.000
INFO: [Project 1-111] Unisim Transformation Summary:
No Unisim elements were transformed.

Synth Design complete | Checksum: 2eaeccb1
INFO: [Common 17-83] Releasing license: Synthesis
53 Infos, 33 Warnings, 0 Critical Warnings and 0 Errors encountered.
synth_design completed successfully
synth_design: Time (s): cpu = 00:00:18 ; elapsed = 00:00:24 . Memory (MB): peak = 1565.078 ; gain = 1226.562
Write ShapeDB Complete: Time (s): cpu = 00:00:00 ; elapsed = 00:00:00.009 . Memory (MB): peak = 1565.078 ; gain = 0.000
INFO: [Common 17-1381] The checkpoint 'O:/ENGS31/Etch_A_Sketch/FPGA_Etch_A_Sketch/VIVADO/FPGA_Etch_A_Sketch.runs/synth_1/top_shell.dcp' has been generated.
INFO: [Vivado 12-24828] Executing command : report_utilization -file top_shell_utilization_synth.rpt -pb top_shell_utilization_synth.pb
INFO: [Common 17-206] Exiting Vivado at Mon Aug 17 21:12:37 2026...
