#-----------------------------------------------------------
# Vivado v2024.2.2 (64-bit)
# SW Build 6060944 on Thu Mar 06 19:10:01 MST 2025
# IP Build 6050500 on Thu Mar  6 23:33:39 MST 2025
# SharedData Build 6060542 on Thu Mar 06 10:31:07 MST 2025
# Start of session at: Mon Aug 17 20:04:02 2026
# Process ID         : 26524
# Current directory  : O:/ENGS31/Etch_A_Sketch/FPGA_Etch_A_Sketch/VIVADO/FPGA_Etch_A_Sketch.runs/synth_1
# Command line       : vivado.exe -log top_shell.vds -product Vivado -mode batch -messageDb vivado.pb -notrace -source top_shell.tcl
# Log file           : O:/ENGS31/Etch_A_Sketch/FPGA_Etch_A_Sketch/VIVADO/FPGA_Etch_A_Sketch.runs/synth_1/top_shell.vds
# Journal file       : O:/ENGS31/Etch_A_Sketch/FPGA_Etch_A_Sketch/VIVADO/FPGA_Etch_A_Sketch.runs/synth_1\vivado.jou
# Running On         : c011-09
# Platform           : Windows Server 2016 or Windows 10
# Operating System   : 26100
# Processor Detail   : Intel(R) Core(TM) i7-14700
# CPU Frequency      : 2112 MHz
# CPU Physical cores : 20
# CPU Logical cores  : 28
# Host memory        : 34031 MB
# Swap memory        : 2147 MB
# Total Virtual      : 36178 MB
# Available Virtual  : 13650 MB
#-----------------------------------------------------------
source top_shell.tcl -notrace
