Vivado Simulator v2024.2.2
Copyright 1986-2022 Xilinx, Inc. All Rights Reserved.
Copyright 2022-2024 Advanced Micro Devices, Inc. All Rights Reserved.
Running: C:/Xilinx/Vivado/2024.2/bin/unwrapped/win64.o/xelab.exe --incr --debug typical --relax --mt 2 -L xil_defaultlib -L secureip --snapshot vga_test_Shell_behav xil_defaultlib.vga_test_Shell -log elaborate.log 
Using 2 slave threads.
Starting static elaboration
Completed static elaboration
Starting simulation data flow analysis
Completed simulation data flow analysis
Time Resolution for simulation is 1ps
Compiling package std.standard
Compiling package std.textio
Compiling package ieee.std_logic_1164
Compiling package ieee.numeric_std
Compiling package unisim.vcomponents
Compiling package ieee.math_real
Compiling package ieee.vital_timing
Compiling package ieee.vital_primitives
Compiling package unisim.vpkg
Compiling architecture bufg_v of entity unisim.BUFG [bufg_default]
Compiling architecture oddr_v of entity unisim.ODDR [\ODDR(ddr_clk_edge="SAME_EDGE")(...]
Compiling architecture behavioral_architecture of entity xil_defaultlib.system_clock_generator [\system_clock_generator(clock_di...]
Compiling architecture behavioral_architecture of entity xil_defaultlib.VGA_test [vga_test_default]
Compiling architecture behavioral_architecture of entity xil_defaultlib.vga_test_shell
Built simulation snapshot vga_test_Shell_behav
