#-----------------------------------------------------------
# Vivado v2024.2.2 (64-bit)
# SW Build 6060944 on Thu Mar 06 19:10:01 MST 2025
# IP Build 6050500 on Thu Mar  6 23:33:39 MST 2025
# SharedData Build 6060542 on Thu Mar 06 10:31:07 MST 2025
# Start of session at: Mon Aug 17 14:12:04 2026
# Process ID         : 19708
# Current directory  : O:/ENGS31/Etch_A_Sketch/FPGA_Etch_A_Sketch/VIVADO
# Command line       : vivado.exe -gui_launcher_event rodinguilauncherevent15444 O:\ENGS31\Etch_A_Sketch\FPGA_Etch_A_Sketch\VIVADO\FPGA_Etch_A_Sketch.xpr
# Log file           : O:/ENGS31/Etch_A_Sketch/FPGA_Etch_A_Sketch/VIVADO/vivado.log
# Journal file       : O:/ENGS31/Etch_A_Sketch/FPGA_Etch_A_Sketch/VIVADO\vivado.jou
# Running On         : c011-09
# Platform           : Windows Server 2016 or Windows 10
# Operating System   : 26100
# Processor Detail   : Intel(R) Core(TM) i7-14700
# CPU Frequency      : 2112 MHz
# CPU Physical cores : 20
# CPU Logical cores  : 28
# Host memory        : 34031 MB
# Swap memory        : 2147 MB
# Total Virtual      : 36178 MB
# Available Virtual  : 24366 MB
#-----------------------------------------------------------
start_gui
open_project O:/ENGS31/Etch_A_Sketch/FPGA_Etch_A_Sketch/VIVADO/FPGA_Etch_A_Sketch.xpr
WARNING: [Board 49-26] cannot add Board Part digilentinc.com:arty-s7-25:part0:1.1 available at C:/Xilinx/Vivado/2024.2/data/boards/board_files/arty-s7-25/E.0/board.xml as part xc7s25csga324-1 specified in board_part file is either invalid or not available
WARNING: [Board 49-26] cannot add Board Part digilentinc.com:arty-s7-50:part0:1.1 available at C:/Xilinx/Vivado/2024.2/data/boards/board_files/arty-s7-50/B.0/board.xml as part xc7s50csga324-1 specified in board_part file is either invalid or not available
WARNING: [Board 49-26] cannot add Board Part digilentinc.com:cmod-s7-25:part0:1.0 available at C:/Xilinx/Vivado/2024.2/data/boards/board_files/cmod-s7-25/B.0/board.xml as part xc7s25csga225-1 specified in board_part file is either invalid or not available
WARNING: [Board 49-26] cannot add Board Part digilentinc.com:genesys2:part0:1.1 available at C:/Xilinx/Vivado/2024.2/data/boards/board_files/genesys2/H/board.xml as part xc7k325tffg900-2 specified in board_part file is either invalid or not available
WARNING: [Board 49-26] cannot add Board Part digilentinc.com:gzu_3eg:part0:1.0 available at C:/Xilinx/Vivado/2024.2/data/boards/board_files/genesys-zu-3eg/B.0/board.xml as part xczu3eg-sfvc784-1-e specified in board_part file is either invalid or not available
WARNING: [Board 49-26] cannot add Board Part digilentinc.com:gzu_3eg:part0:1.1 available at C:/Xilinx/Vivado/2024.2/data/boards/board_files/genesys-zu-3eg/D.0/board.xml as part xczu3eg-sfvc784-1-e specified in board_part file is either invalid or not available
WARNING: [Board 49-26] cannot add Board Part digilentinc.com:gzu_5ev:part0:1.1 available at C:/Xilinx/Vivado/2024.2/data/boards/board_files/genesys-zu-5ev/C.0/board.xml as part xczu5ev-sfvc784-1-e specified in board_part file is either invalid or not available
WARNING: [Board 49-26] cannot add Board Part digilentinc.com:sword:part0:1.0 available at C:/Xilinx/Vivado/2024.2/data/boards/board_files/sword/C.0/board.xml as part xc7k325tffg900-2 specified in board_part file is either invalid or not available
INFO: [Project 1-313] Project file moved from 'O:/ENGS31/Etch_A_Sketch/FPGA_Etch_A_Sketch' since last save.
INFO: [filemgmt 56-3] Default IP Output Path : Could not find the directory 'O:/ENGS31/Etch_A_Sketch/FPGA_Etch_A_Sketch/VIVADO/FPGA_Etch_A_Sketch.gen/sources_1'.
Scanning sources...
Finished scanning sources
INFO: [IP_Flow 19-234] Refreshing IP repositories
INFO: [IP_Flow 19-1704] No user IP repositories specified
INFO: [IP_Flow 19-2313] Loaded Vivado IP repository 'C:/Xilinx/Vivado/2024.2/data/ip'.
add_files {O:/ENGS31/Etch_A_Sketch/FPGA_Etch_A_Sketch/VHDL/VGA/vga_controller.vhd O:/ENGS31/Etch_A_Sketch/FPGA_Etch_A_Sketch/VHDL/VGA/frame_buffer.vhd {O:/ENGS31/Etch_A_Sketch/FPGA_Etch_A_Sketch/VHDL/Cursor Tracker/cursor_tracker.vhd} {O:/ENGS31/Etch_A_Sketch/FPGA_Etch_A_Sketch/VHDL/Cursor Tracker/cursor_tracker_tb.vhd} O:/ENGS31/Etch_A_Sketch/FPGA_Etch_A_Sketch/VHDL/VGA/vga_test_Shell.vhd O:/ENGS31/Etch_A_Sketch/FPGA_Etch_A_Sketch/VHDL/VGA/vga_test.vhd O:/ENGS31/Etch_A_Sketch/FPGA_Etch_A_Sketch/VHDL/VGA/vga_test_clk.vhd}
update_compile_order -fileset sources_1
update_compile_order -fileset sources_1
add_files -fileset constrs_1 -norecurse O:/ENGS31/Etch_A_Sketch/FPGA_Etch_A_Sketch/VHDL/ENGS31_Constraints_Template.xdc
