#-----------------------------------------------------------
# Vivado v2024.2.2 (64-bit)
# SW Build 6060944 on Thu Mar 06 19:10:01 MST 2025
# IP Build 6050500 on Thu Mar  6 23:33:39 MST 2025
# SharedData Build 6060542 on Thu Mar 06 10:31:07 MST 2025
# Start of session at: Mon Aug 17 21:05:19 2026
# Process ID         : 26816
# Current directory  : O:/ENGS31/Etch_A_Sketch/FPGA_Etch_A_Sketch/VIVADO
# Command line       : vivado.exe -gui_launcher_event rodinguilauncherevent13396 O:\ENGS31\Etch_A_Sketch\FPGA_Etch_A_Sketch\VIVADO\FPGA_Etch_A_Sketch.xpr
# Log file           : O:/ENGS31/Etch_A_Sketch/FPGA_Etch_A_Sketch/VIVADO/vivado.log
# Journal file       : O:/ENGS31/Etch_A_Sketch/FPGA_Etch_A_Sketch/VIVADO\vivado.jou
# Running On         : c011-09
# Platform           : Windows Server 2016 or Windows 10
# Operating System   : 26100
# Processor Detail   : Intel(R) Core(TM) i7-14700
# CPU Frequency      : 2112 MHz
# CPU Physical cores : 20
# CPU Logical cores  : 28
# Host memory        : 34031 MB
# Swap memory        : 2147 MB
# Total Virtual      : 36178 MB
# Available Virtual  : 25273 MB
#-----------------------------------------------------------
start_gui
open_project O:/ENGS31/Etch_A_Sketch/FPGA_Etch_A_Sketch/VIVADO/FPGA_Etch_A_Sketch.xpr
launch_simulation
launch_simulation
launch_simulation
source top_shell_tb.tcl
current_wave_config {Untitled 1}
add_wave {{/top_shell_tb/uut/Hsync_ext_port}} {{/top_shell_tb/uut/Vsync_ext_port}} {{/top_shell_tb/uut/vgaR_ext_port}} {{/top_shell_tb/uut/vgaG_ext_port}} {{/top_shell_tb/uut/vgaB_ext_port}} 
relaunch_sim
current_wave_config {Untitled 1}
add_wave {{/top_shell_tb/uut/vga_control/xcord}} {{/top_shell_tb/uut/vga_control/ycord}} 
run all
reset_run synth_1
launch_runs impl_1 -to_step write_bitstream -jobs 14
wait_on_run impl_1
open_hw_manager
connect_hw_server -allow_non_jtag
open_hw_target
set_property PROGRAM.FILE {O:/ENGS31/Etch_A_Sketch/FPGA_Etch_A_Sketch/VIVADO/FPGA_Etch_A_Sketch.runs/impl_1/top_shell.bit} [get_hw_devices xc7a35t_0]
current_hw_device [get_hw_devices xc7a35t_0]
refresh_hw_device -update_hw_probes false [lindex [get_hw_devices xc7a35t_0] 0]
set_property PROBES.FILE {} [get_hw_devices xc7a35t_0]
set_property FULL_PROBES.FILE {} [get_hw_devices xc7a35t_0]
set_property PROGRAM.FILE {O:/ENGS31/Etch_A_Sketch/FPGA_Etch_A_Sketch/VIVADO/FPGA_Etch_A_Sketch.runs/impl_1/top_shell.bit} [get_hw_devices xc7a35t_0]
program_hw_devices [get_hw_devices xc7a35t_0]
refresh_hw_device [lindex [get_hw_devices xc7a35t_0] 0]
close_hw_manager
