Copyright 1986-2022 Xilinx, Inc. All Rights Reserved. Copyright 2022-2025 Advanced Micro Devices, Inc. All Rights Reserved.
------------------------------------------------------------------------------------------------------------------------------------------------------------------------------------------------------------------------
| Tool Version : Vivado v.2024.2.2 (win64) Build 6060944 Thu Mar 06 19:10:01 MST 2025
| Date         : Mon Aug 17 20:05:14 2026
| Host         : c011-09 running 64-bit major release  (build 9200)
| Command      : report_timing_summary -max_paths 10 -report_unconstrained -file top_shell_timing_summary_routed.rpt -pb top_shell_timing_summary_routed.pb -rpx top_shell_timing_summary_routed.rpx -warn_on_violation
| Design       : top_shell
| Device       : 7a35t-cpg236
| Speed File   : -1  PRODUCTION 1.23 2018-06-13
| Design State : Routed
------------------------------------------------------------------------------------------------------------------------------------------------------------------------------------------------------------------------

Timing Summary Report

------------------------------------------------------------------------------------------------
| Timer Settings
| --------------
------------------------------------------------------------------------------------------------

  Enable Multi Corner Analysis               :  Yes
  Enable Pessimism Removal                   :  Yes
  Pessimism Removal Resolution               :  Nearest Common Node
  Enable Input Delay Default Clock           :  No
  Enable Preset / Clear Arcs                 :  No
  Disable Flight Delays                      :  No
  Ignore I/O Paths                           :  No
  Timing Early Launch at Borrowing Latches   :  No
  Borrow Time for Max Delay Exceptions       :  Yes
  Merge Timing Exceptions                    :  Yes
  Inter-SLR Compensation                     :  Conservative

  Corner  Analyze    Analyze    
  Name    Max Paths  Min Paths  
  ------  ---------  ---------  
  Slow    Yes        Yes        
  Fast    Yes        Yes        


------------------------------------------------------------------------------------------------
| Report Methodology
| ------------------
------------------------------------------------------------------------------------------------

Rule       Severity          Description                  Violations  
---------  ----------------  ---------------------------  ----------  
TIMING-17  Critical Warning  Non-clocked sequential cell  89          

Note: This report is based on the most recent report_methodology run and may not be up-to-date. Run report_methodology on the current design for the latest report.



check_timing report

Table of Contents
-----------------
1. checking no_clock (89)
2. checking constant_clock (0)
3. checking pulse_width_clock (0)
4. checking unconstrained_internal_endpoints (425)
5. checking no_input_delay (0)
6. checking no_output_delay (5)
7. checking multiple_clock (0)
8. checking generated_clocks (0)
9. checking loops (0)
10. checking partial_input_delay (0)
11. checking partial_output_delay (0)
12. checking latch_loops (0)

1. checking no_clock (89)
-------------------------
 There are 89 register/latch pins with no clock driven by root clock pin: clocking/system_clk_tog_reg/Q (HIGH)


2. checking constant_clock (0)
------------------------------
 There are 0 register/latch pins with constant_clock.


3. checking pulse_width_clock (0)
---------------------------------
 There are 0 register/latch pins which need pulse_width check


4. checking unconstrained_internal_endpoints (425)
--------------------------------------------------
 There are 425 pins that are not constrained for maximum delay. (HIGH)

 There are 0 pins that are not constrained for maximum delay due to constant clock.


5. checking no_input_delay (0)
------------------------------
 There are 0 input ports with no input delay specified.

 There are 0 input ports with no input delay but user has a false path constraint.


6. checking no_output_delay (5)
-------------------------------
 There are 5 ports with no output delay specified. (HIGH)

 There are 0 ports with no output delay but user has a false path constraint

 There are 0 ports with no output delay but with a timing clock defined on it or propagating through it


7. checking multiple_clock (0)
------------------------------
 There are 0 register/latch pins with multiple clocks.


8. checking generated_clocks (0)
--------------------------------
 There are 0 generated clocks that are not connected to a clock source.


9. checking loops (0)
---------------------
 There are 0 combinational loops in the design.


10. checking partial_input_delay (0)
------------------------------------
 There are 0 input ports with partial input delay specified.


11. checking partial_output_delay (0)
-------------------------------------
 There are 0 ports with partial output delay specified.


12. checking latch_loops (0)
----------------------------
 There are 0 combinational latch loops in the design through latch input



------------------------------------------------------------------------------------------------
| Design Timing Summary
| ---------------------
------------------------------------------------------------------------------------------------

    WNS(ns)      TNS(ns)  TNS Failing Endpoints  TNS Total Endpoints      WHS(ns)      THS(ns)  THS Failing Endpoints  THS Total Endpoints     WPWS(ns)     TPWS(ns)  TPWS Failing Endpoints  TPWS Total Endpoints  
    -------      -------  ---------------------  -------------------      -------      -------  ---------------------  -------------------     --------     --------  ----------------------  --------------------  
      8.157        0.000                      0                    2        0.440        0.000                      0                    2        4.500        0.000                       0                     3  


All user specified timing constraints are met.


------------------------------------------------------------------------------------------------
| Clock Summary
| -------------
------------------------------------------------------------------------------------------------

Clock        Waveform(ns)       Period(ns)      Frequency(MHz)
-----        ------------       ----------      --------------
sys_clk_pin  {0.000 5.000}      10.000          100.000         


------------------------------------------------------------------------------------------------
| Intra Clock Table
| -----------------
------------------------------------------------------------------------------------------------

Clock             WNS(ns)      TNS(ns)  TNS Failing Endpoints  TNS Total Endpoints      WHS(ns)      THS(ns)  THS Failing Endpoints  THS Total Endpoints     WPWS(ns)     TPWS(ns)  TPWS Failing Endpoints  TPWS Total Endpoints  
-----             -------      -------  ---------------------  -------------------      -------      -------  ---------------------  -------------------     --------     --------  ----------------------  --------------------  
sys_clk_pin         8.157        0.000                      0                    2        0.440        0.000                      0                    2        4.500        0.000                       0                     3  


------------------------------------------------------------------------------------------------
| Inter Clock Table
| -----------------
------------------------------------------------------------------------------------------------

From Clock    To Clock          WNS(ns)      TNS(ns)  TNS Failing Endpoints  TNS Total Endpoints      WHS(ns)      THS(ns)  THS Failing Endpoints  THS Total Endpoints  
----------    --------          -------      -------  ---------------------  -------------------      -------      -------  ---------------------  -------------------  


------------------------------------------------------------------------------------------------
| Other Path Groups Table
| -----------------------
------------------------------------------------------------------------------------------------

Path Group    From Clock    To Clock          WNS(ns)      TNS(ns)  TNS Failing Endpoints  TNS Total Endpoints      WHS(ns)      THS(ns)  THS Failing Endpoints  THS Total Endpoints  
----------    ----------    --------          -------      -------  ---------------------  -------------------      -------      -------  ---------------------  -------------------  


------------------------------------------------------------------------------------------------
| User Ignored Path Table
| -----------------------
------------------------------------------------------------------------------------------------

Path Group    From Clock    To Clock    
----------    ----------    --------    


------------------------------------------------------------------------------------------------
| Unconstrained Path Table
| ------------------------
------------------------------------------------------------------------------------------------

Path Group    From Clock    To Clock    
----------    ----------    --------    
(none)                                    


------------------------------------------------------------------------------------------------
| Timing Details
| --------------
------------------------------------------------------------------------------------------------


---------------------------------------------------------------------------------------------------
From Clock:  sys_clk_pin
  To Clock:  sys_clk_pin

Setup :            0  Failing Endpoints,  Worst Slack        8.157ns,  Total Violation        0.000ns
Hold  :            0  Failing Endpoints,  Worst Slack        0.440ns,  Total Violation        0.000ns
PW    :            0  Failing Endpoints,  Worst Slack        4.500ns,  Total Violation        0.000ns
---------------------------------------------------------------------------------------------------


Max Delay Paths
--------------------------------------------------------------------------------------
Slack (MET) :             8.157ns  (required time - arrival time)
  Source:                 clocking/system_clk_divider_counter_reg[0]/C
                            (rising edge-triggered cell FDRE clocked by sys_clk_pin  {rise@0.000ns fall@5.000ns period=10.000ns})
  Destination:            clocking/system_clk_divider_counter_reg[0]/D
                            (rising edge-triggered cell FDRE clocked by sys_clk_pin  {rise@0.000ns fall@5.000ns period=10.000ns})
  Path Group:             sys_clk_pin
  Path Type:              Setup (Max at Slow Process Corner)
  Requirement:            10.000ns  (sys_clk_pin rise@10.000ns - sys_clk_pin rise@0.000ns)
  Data Path Delay:        1.836ns  (logic 0.580ns (31.582%)  route 1.256ns (68.418%))
  Logic Levels:           1  (LUT1=1)
  Clock Path Skew:        0.000ns (DCD - SCD + CPR)
    Destination Clock Delay (DCD):    4.786ns = ( 14.786 - 10.000 ) 
    Source Clock Delay      (SCD):    5.086ns
    Clock Pessimism Removal (CPR):    0.300ns
  Clock Uncertainty:      0.035ns  ((TSJ^2 + TIJ^2)^1/2 + DJ) / 2 + PE
    Total System Jitter     (TSJ):    0.071ns
    Total Input Jitter      (TIJ):    0.000ns
    Discrete Jitter          (DJ):    0.000ns
    Phase Error              (PE):    0.000ns

    Location             Delay type                Incr(ns)  Path(ns)    Netlist Resource(s)
  -------------------------------------------------------------------    -------------------
                         (clock sys_clk_pin rise edge)
                                                      0.000     0.000 r  
    W5                                                0.000     0.000 r  clk_ext_port (IN)
                         net (fo=0)                   0.000     0.000    clk_ext_port
    W5                   IBUF (Prop_ibuf_I_O)         1.458     1.458 r  clk_ext_port_IBUF_inst/O
                         net (fo=1, routed)           1.967     3.425    clk_ext_port_IBUF
    BUFGCTRL_X0Y1        BUFG (Prop_bufg_I_O)         0.096     3.521 r  clk_ext_port_IBUF_BUFG_inst/O
                         net (fo=2, routed)           1.565     5.086    clocking/clk_ext_port_IBUF_BUFG
    SLICE_X36Y46         FDRE                                         r  clocking/system_clk_divider_counter_reg[0]/C
  -------------------------------------------------------------------    -------------------
    SLICE_X36Y46         FDRE (Prop_fdre_C_Q)         0.456     5.542 f  clocking/system_clk_divider_counter_reg[0]/Q
                         net (fo=2, routed)           1.256     6.799    clocking/system_clk_divider_counter
    SLICE_X36Y46         LUT1 (Prop_lut1_I0_O)        0.124     6.923 r  clocking/system_clk_divider_counter[0]_i_1/O
                         net (fo=1, routed)           0.000     6.923    clocking/system_clk_divider_counter[0]_i_1_n_0
    SLICE_X36Y46         FDRE                                         r  clocking/system_clk_divider_counter_reg[0]/D
  -------------------------------------------------------------------    -------------------

                         (clock sys_clk_pin rise edge)
                                                     10.000    10.000 r  
    W5                                                0.000    10.000 r  clk_ext_port (IN)
                         net (fo=0)                   0.000    10.000    clk_ext_port
    W5                   IBUF (Prop_ibuf_I_O)         1.388    11.388 r  clk_ext_port_IBUF_inst/O
                         net (fo=1, routed)           1.862    13.250    clk_ext_port_IBUF
    BUFGCTRL_X0Y1        BUFG (Prop_bufg_I_O)         0.091    13.341 r  clk_ext_port_IBUF_BUFG_inst/O
                         net (fo=2, routed)           1.445    14.786    clocking/clk_ext_port_IBUF_BUFG
    SLICE_X36Y46         FDRE                                         r  clocking/system_clk_divider_counter_reg[0]/C
                         clock pessimism              0.300    15.086    
                         clock uncertainty           -0.035    15.051    
    SLICE_X36Y46         FDRE (Setup_fdre_C_D)        0.029    15.080    clocking/system_clk_divider_counter_reg[0]
  -------------------------------------------------------------------
                         required time                         15.080    
                         arrival time                          -6.923    
  -------------------------------------------------------------------
                         slack                                  8.157    

Slack (MET) :             8.175ns  (required time - arrival time)
  Source:                 clocking/system_clk_divider_counter_reg[0]/C
                            (rising edge-triggered cell FDRE clocked by sys_clk_pin  {rise@0.000ns fall@5.000ns period=10.000ns})
  Destination:            clocking/system_clk_tog_reg/D
                            (rising edge-triggered cell FDRE clocked by sys_clk_pin  {rise@0.000ns fall@5.000ns period=10.000ns})
  Path Group:             sys_clk_pin
  Path Type:              Setup (Max at Slow Process Corner)
  Requirement:            10.000ns  (sys_clk_pin rise@10.000ns - sys_clk_pin rise@0.000ns)
  Data Path Delay:        1.864ns  (logic 0.608ns (32.609%)  route 1.256ns (67.391%))
  Logic Levels:           1  (LUT2=1)
  Clock Path Skew:        0.000ns (DCD - SCD + CPR)
    Destination Clock Delay (DCD):    4.786ns = ( 14.786 - 10.000 ) 
    Source Clock Delay      (SCD):    5.086ns
    Clock Pessimism Removal (CPR):    0.300ns
  Clock Uncertainty:      0.035ns  ((TSJ^2 + TIJ^2)^1/2 + DJ) / 2 + PE
    Total System Jitter     (TSJ):    0.071ns
    Total Input Jitter      (TIJ):    0.000ns
    Discrete Jitter          (DJ):    0.000ns
    Phase Error              (PE):    0.000ns

    Location             Delay type                Incr(ns)  Path(ns)    Netlist Resource(s)
  -------------------------------------------------------------------    -------------------
                         (clock sys_clk_pin rise edge)
                                                      0.000     0.000 r  
    W5                                                0.000     0.000 r  clk_ext_port (IN)
                         net (fo=0)                   0.000     0.000    clk_ext_port
    W5                   IBUF (Prop_ibuf_I_O)         1.458     1.458 r  clk_ext_port_IBUF_inst/O
                         net (fo=1, routed)           1.967     3.425    clk_ext_port_IBUF
    BUFGCTRL_X0Y1        BUFG (Prop_bufg_I_O)         0.096     3.521 r  clk_ext_port_IBUF_BUFG_inst/O
                         net (fo=2, routed)           1.565     5.086    clocking/clk_ext_port_IBUF_BUFG
    SLICE_X36Y46         FDRE                                         r  clocking/system_clk_divider_counter_reg[0]/C
  -------------------------------------------------------------------    -------------------
    SLICE_X36Y46         FDRE (Prop_fdre_C_Q)         0.456     5.542 r  clocking/system_clk_divider_counter_reg[0]/Q
                         net (fo=2, routed)           1.256     6.799    clocking/system_clk_divider_counter
    SLICE_X36Y46         LUT2 (Prop_lut2_I0_O)        0.152     6.951 r  clocking/system_clk_tog_i_1/O
                         net (fo=1, routed)           0.000     6.951    clocking/system_clk_tog_i_1_n_0
    SLICE_X36Y46         FDRE                                         r  clocking/system_clk_tog_reg/D
  -------------------------------------------------------------------    -------------------

                         (clock sys_clk_pin rise edge)
                                                     10.000    10.000 r  
    W5                                                0.000    10.000 r  clk_ext_port (IN)
                         net (fo=0)                   0.000    10.000    clk_ext_port
    W5                   IBUF (Prop_ibuf_I_O)         1.388    11.388 r  clk_ext_port_IBUF_inst/O
                         net (fo=1, routed)           1.862    13.250    clk_ext_port_IBUF
    BUFGCTRL_X0Y1        BUFG (Prop_bufg_I_O)         0.091    13.341 r  clk_ext_port_IBUF_BUFG_inst/O
                         net (fo=2, routed)           1.445    14.786    clocking/clk_ext_port_IBUF_BUFG
    SLICE_X36Y46         FDRE                                         r  clocking/system_clk_tog_reg/C
                         clock pessimism              0.300    15.086    
                         clock uncertainty           -0.035    15.051    
    SLICE_X36Y46         FDRE (Setup_fdre_C_D)        0.075    15.126    clocking/system_clk_tog_reg
  -------------------------------------------------------------------
                         required time                         15.126    
                         arrival time                          -6.951    
  -------------------------------------------------------------------
                         slack                                  8.175    





Min Delay Paths
--------------------------------------------------------------------------------------
Slack (MET) :             0.440ns  (arrival time - required time)
  Source:                 clocking/system_clk_tog_reg/C
                            (rising edge-triggered cell FDRE clocked by sys_clk_pin  {rise@0.000ns fall@5.000ns period=10.000ns})
  Destination:            clocking/system_clk_tog_reg/D
                            (rising edge-triggered cell FDRE clocked by sys_clk_pin  {rise@0.000ns fall@5.000ns period=10.000ns})
  Path Group:             sys_clk_pin
  Path Type:              Hold (Min at Fast Process Corner)
  Requirement:            0.000ns  (sys_clk_pin rise@0.000ns - sys_clk_pin rise@0.000ns)
  Data Path Delay:        0.547ns  (logic 0.228ns (41.713%)  route 0.319ns (58.287%))
  Logic Levels:           1  (LUT2=1)
  Clock Path Skew:        0.000ns (DCD - SCD - CPR)
    Destination Clock Delay (DCD):    1.959ns
    Source Clock Delay      (SCD):    1.446ns
    Clock Pessimism Removal (CPR):    0.513ns

    Location             Delay type                Incr(ns)  Path(ns)    Netlist Resource(s)
  -------------------------------------------------------------------    -------------------
                         (clock sys_clk_pin rise edge)
                                                      0.000     0.000 r  
    W5                                                0.000     0.000 r  clk_ext_port (IN)
                         net (fo=0)                   0.000     0.000    clk_ext_port
    W5                   IBUF (Prop_ibuf_I_O)         0.226     0.226 r  clk_ext_port_IBUF_inst/O
                         net (fo=1, routed)           0.631     0.858    clk_ext_port_IBUF
    BUFGCTRL_X0Y1        BUFG (Prop_bufg_I_O)         0.026     0.884 r  clk_ext_port_IBUF_BUFG_inst/O
                         net (fo=2, routed)           0.563     1.446    clocking/clk_ext_port_IBUF_BUFG
    SLICE_X36Y46         FDRE                                         r  clocking/system_clk_tog_reg/C
  -------------------------------------------------------------------    -------------------
    SLICE_X36Y46         FDRE (Prop_fdre_C_Q)         0.128     1.574 r  clocking/system_clk_tog_reg/Q
                         net (fo=2, routed)           0.319     1.893    clocking/I
    SLICE_X36Y46         LUT2 (Prop_lut2_I1_O)        0.100     1.993 r  clocking/system_clk_tog_i_1/O
                         net (fo=1, routed)           0.000     1.993    clocking/system_clk_tog_i_1_n_0
    SLICE_X36Y46         FDRE                                         r  clocking/system_clk_tog_reg/D
  -------------------------------------------------------------------    -------------------

                         (clock sys_clk_pin rise edge)
                                                      0.000     0.000 r  
    W5                                                0.000     0.000 r  clk_ext_port (IN)
                         net (fo=0)                   0.000     0.000    clk_ext_port
    W5                   IBUF (Prop_ibuf_I_O)         0.414     0.414 r  clk_ext_port_IBUF_inst/O
                         net (fo=1, routed)           0.685     1.099    clk_ext_port_IBUF
    BUFGCTRL_X0Y1        BUFG (Prop_bufg_I_O)         0.029     1.128 r  clk_ext_port_IBUF_BUFG_inst/O
                         net (fo=2, routed)           0.832     1.959    clocking/clk_ext_port_IBUF_BUFG
    SLICE_X36Y46         FDRE                                         r  clocking/system_clk_tog_reg/C
                         clock pessimism             -0.513     1.446    
    SLICE_X36Y46         FDRE (Hold_fdre_C_D)         0.107     1.553    clocking/system_clk_tog_reg
  -------------------------------------------------------------------
                         required time                         -1.553    
                         arrival time                           1.993    
  -------------------------------------------------------------------
                         slack                                  0.440    

Slack (MET) :             0.553ns  (arrival time - required time)
  Source:                 clocking/system_clk_divider_counter_reg[0]/C
                            (rising edge-triggered cell FDRE clocked by sys_clk_pin  {rise@0.000ns fall@5.000ns period=10.000ns})
  Destination:            clocking/system_clk_divider_counter_reg[0]/D
                            (rising edge-triggered cell FDRE clocked by sys_clk_pin  {rise@0.000ns fall@5.000ns period=10.000ns})
  Path Group:             sys_clk_pin
  Path Type:              Hold (Min at Fast Process Corner)
  Requirement:            0.000ns  (sys_clk_pin rise@0.000ns - sys_clk_pin rise@0.000ns)
  Data Path Delay:        0.644ns  (logic 0.186ns (28.860%)  route 0.458ns (71.140%))
  Logic Levels:           1  (LUT1=1)
  Clock Path Skew:        0.000ns (DCD - SCD - CPR)
    Destination Clock Delay (DCD):    1.959ns
    Source Clock Delay      (SCD):    1.446ns
    Clock Pessimism Removal (CPR):    0.513ns

    Location             Delay type                Incr(ns)  Path(ns)    Netlist Resource(s)
  -------------------------------------------------------------------    -------------------
                         (clock sys_clk_pin rise edge)
                                                      0.000     0.000 r  
    W5                                                0.000     0.000 r  clk_ext_port (IN)
                         net (fo=0)                   0.000     0.000    clk_ext_port
    W5                   IBUF (Prop_ibuf_I_O)         0.226     0.226 r  clk_ext_port_IBUF_inst/O
                         net (fo=1, routed)           0.631     0.858    clk_ext_port_IBUF
    BUFGCTRL_X0Y1        BUFG (Prop_bufg_I_O)         0.026     0.884 r  clk_ext_port_IBUF_BUFG_inst/O
                         net (fo=2, routed)           0.563     1.446    clocking/clk_ext_port_IBUF_BUFG
    SLICE_X36Y46         FDRE                                         r  clocking/system_clk_divider_counter_reg[0]/C
  -------------------------------------------------------------------    -------------------
    SLICE_X36Y46         FDRE (Prop_fdre_C_Q)         0.141     1.587 f  clocking/system_clk_divider_counter_reg[0]/Q
                         net (fo=2, routed)           0.458     2.046    clocking/system_clk_divider_counter
    SLICE_X36Y46         LUT1 (Prop_lut1_I0_O)        0.045     2.091 r  clocking/system_clk_divider_counter[0]_i_1/O
                         net (fo=1, routed)           0.000     2.091    clocking/system_clk_divider_counter[0]_i_1_n_0
    SLICE_X36Y46         FDRE                                         r  clocking/system_clk_divider_counter_reg[0]/D
  -------------------------------------------------------------------    -------------------

                         (clock sys_clk_pin rise edge)
                                                      0.000     0.000 r  
    W5                                                0.000     0.000 r  clk_ext_port (IN)
                         net (fo=0)                   0.000     0.000    clk_ext_port
    W5                   IBUF (Prop_ibuf_I_O)         0.414     0.414 r  clk_ext_port_IBUF_inst/O
                         net (fo=1, routed)           0.685     1.099    clk_ext_port_IBUF
    BUFGCTRL_X0Y1        BUFG (Prop_bufg_I_O)         0.029     1.128 r  clk_ext_port_IBUF_BUFG_inst/O
                         net (fo=2, routed)           0.832     1.959    clocking/clk_ext_port_IBUF_BUFG
    SLICE_X36Y46         FDRE                                         r  clocking/system_clk_divider_counter_reg[0]/C
                         clock pessimism             -0.513     1.446    
    SLICE_X36Y46         FDRE (Hold_fdre_C_D)         0.091     1.537    clocking/system_clk_divider_counter_reg[0]
  -------------------------------------------------------------------
                         required time                         -1.537    
                         arrival time                           2.091    
  -------------------------------------------------------------------
                         slack                                  0.553    





Pulse Width Checks
--------------------------------------------------------------------------------------
Clock Name:         sys_clk_pin
Waveform(ns):       { 0.000 5.000 }
Period(ns):         10.000
Sources:            { clk_ext_port }

Check Type        Corner  Lib Pin  Reference Pin  Required(ns)  Actual(ns)  Slack(ns)  Location       Pin
Min Period        n/a     BUFG/I   n/a            2.155         10.000      7.845      BUFGCTRL_X0Y1  clk_ext_port_IBUF_BUFG_inst/I
Min Period        n/a     FDRE/C   n/a            1.000         10.000      9.000      SLICE_X36Y46   clocking/system_clk_divider_counter_reg[0]/C
Min Period        n/a     FDRE/C   n/a            1.000         10.000      9.000      SLICE_X36Y46   clocking/system_clk_tog_reg/C
Low Pulse Width   Slow    FDRE/C   n/a            0.500         5.000       4.500      SLICE_X36Y46   clocking/system_clk_divider_counter_reg[0]/C
Low Pulse Width   Fast    FDRE/C   n/a            0.500         5.000       4.500      SLICE_X36Y46   clocking/system_clk_divider_counter_reg[0]/C
Low Pulse Width   Slow    FDRE/C   n/a            0.500         5.000       4.500      SLICE_X36Y46   clocking/system_clk_tog_reg/C
Low Pulse Width   Fast    FDRE/C   n/a            0.500         5.000       4.500      SLICE_X36Y46   clocking/system_clk_tog_reg/C
High Pulse Width  Slow    FDRE/C   n/a            0.500         5.000       4.500      SLICE_X36Y46   clocking/system_clk_divider_counter_reg[0]/C
High Pulse Width  Fast    FDRE/C   n/a            0.500         5.000       4.500      SLICE_X36Y46   clocking/system_clk_divider_counter_reg[0]/C
High Pulse Width  Slow    FDRE/C   n/a            0.500         5.000       4.500      SLICE_X36Y46   clocking/system_clk_tog_reg/C
High Pulse Width  Fast    FDRE/C   n/a            0.500         5.000       4.500      SLICE_X36Y46   clocking/system_clk_tog_reg/C



--------------------------------------------------------------------------------------
Path Group:  (none)
From Clock:  
  To Clock:  

Max Delay           430 Endpoints
Min Delay           430 Endpoints
--------------------------------------------------------------------------------------


Max Delay Paths
--------------------------------------------------------------------------------------
Slack:                    inf
  Source:                 <hidden>
                            (rising edge-triggered cell RAMB36E1)
  Destination:            vgaR_ext_port
                            (output port)
  Path Group:             (none)
  Path Type:              Max at Slow Process Corner
  Data Path Delay:        10.886ns  (logic 5.585ns (51.309%)  route 5.301ns (48.691%))
  Logic Levels:           6  (LUT2=1 LUT6=1 MUXF7=1 OBUF=1 RAMB36E1=2)

    Location             Delay type                Incr(ns)  Path(ns)    Netlist Resource(s)
  -------------------------------------------------------------------    -------------------
    RAMB36_X0Y12         RAMB36E1                     0.000     0.000 r  <hidden>
    RAMB36_X0Y12         RAMB36E1 (Prop_ramb36e1_CLKARDCLK_CASCADEOUTA)
                                                      1.028     1.028 r  <hidden>
                         net (fo=1, routed)           0.065     1.093    <hidden>
    RAMB36_X0Y13         RAMB36E1 (Prop_ramb36e1_CASCADEINA_DOADO[0])
                                                      0.425     1.518 f  <hidden>
                         net (fo=1, routed)           1.781     3.299    <hidden>
    SLICE_X8Y43          LUT6 (Prop_lut6_I0_O)        0.124     3.423 f  <hidden>
                         net (fo=1, routed)           0.000     3.423    <hidden>
    SLICE_X8Y43          MUXF7 (Prop_muxf7_I0_O)      0.209     3.632 f  <hidden>
                         net (fo=1, routed)           0.596     4.228    vga_control/douta[0]
    SLICE_X8Y45          LUT2 (Prop_lut2_I0_O)        0.297     4.525 r  vga_control/vgaR_ext_port_OBUF_inst_i_1/O
                         net (fo=3, routed)           2.859     7.384    vgaB_ext_port_OBUF
    N19                  OBUF (Prop_obuf_I_O)         3.502    10.886 r  vgaR_ext_port_OBUF_inst/O
                         net (fo=0)                   0.000    10.886    vgaR_ext_port
    N19                                                               r  vgaR_ext_port (OUT)
  -------------------------------------------------------------------    -------------------

Slack:                    inf
  Source:                 <hidden>
                            (rising edge-triggered cell RAMB36E1)
  Destination:            vgaB_ext_port
                            (output port)
  Path Group:             (none)
  Path Type:              Max at Slow Process Corner
  Data Path Delay:        10.621ns  (logic 5.608ns (52.799%)  route 5.013ns (47.201%))
  Logic Levels:           6  (LUT2=1 LUT6=1 MUXF7=1 OBUF=1 RAMB36E1=2)

    Location             Delay type                Incr(ns)  Path(ns)    Netlist Resource(s)
  -------------------------------------------------------------------    -------------------
    RAMB36_X0Y12         RAMB36E1                     0.000     0.000 r  <hidden>
    RAMB36_X0Y12         RAMB36E1 (Prop_ramb36e1_CLKARDCLK_CASCADEOUTA)
                                                      1.028     1.028 r  <hidden>
                         net (fo=1, routed)           0.065     1.093    <hidden>
    RAMB36_X0Y13         RAMB36E1 (Prop_ramb36e1_CASCADEINA_DOADO[0])
                                                      0.425     1.518 f  <hidden>
                         net (fo=1, routed)           1.781     3.299    <hidden>
    SLICE_X8Y43          LUT6 (Prop_lut6_I0_O)        0.124     3.423 f  <hidden>
                         net (fo=1, routed)           0.000     3.423    <hidden>
    SLICE_X8Y43          MUXF7 (Prop_muxf7_I0_O)      0.209     3.632 f  <hidden>
                         net (fo=1, routed)           0.596     4.228    vga_control/douta[0]
    SLICE_X8Y45          LUT2 (Prop_lut2_I0_O)        0.297     4.525 r  vga_control/vgaR_ext_port_OBUF_inst_i_1/O
                         net (fo=3, routed)           2.571     7.096    vgaB_ext_port_OBUF
    J18                  OBUF (Prop_obuf_I_O)         3.525    10.621 r  vgaB_ext_port_OBUF_inst/O
                         net (fo=0)                   0.000    10.621    vgaB_ext_port
    J18                                                               r  vgaB_ext_port (OUT)
  -------------------------------------------------------------------    -------------------

Slack:                    inf
  Source:                 <hidden>
                            (rising edge-triggered cell RAMB36E1)
  Destination:            vgaG_ext_port
                            (output port)
  Path Group:             (none)
  Path Type:              Max at Slow Process Corner
  Data Path Delay:        10.066ns  (logic 5.613ns (55.768%)  route 4.452ns (44.232%))
  Logic Levels:           6  (LUT2=1 LUT6=1 MUXF7=1 OBUF=1 RAMB36E1=2)

    Location             Delay type                Incr(ns)  Path(ns)    Netlist Resource(s)
  -------------------------------------------------------------------    -------------------
    RAMB36_X0Y12         RAMB36E1                     0.000     0.000 r  <hidden>
    RAMB36_X0Y12         RAMB36E1 (Prop_ramb36e1_CLKARDCLK_CASCADEOUTA)
                                                      1.028     1.028 r  <hidden>
                         net (fo=1, routed)           0.065     1.093    <hidden>
    RAMB36_X0Y13         RAMB36E1 (Prop_ramb36e1_CASCADEINA_DOADO[0])
                                                      0.425     1.518 f  <hidden>
                         net (fo=1, routed)           1.781     3.299    <hidden>
    SLICE_X8Y43          LUT6 (Prop_lut6_I0_O)        0.124     3.423 f  <hidden>
                         net (fo=1, routed)           0.000     3.423    <hidden>
    SLICE_X8Y43          MUXF7 (Prop_muxf7_I0_O)      0.209     3.632 f  <hidden>
                         net (fo=1, routed)           0.596     4.228    vga_control/douta[0]
    SLICE_X8Y45          LUT2 (Prop_lut2_I0_O)        0.297     4.525 r  vga_control/vgaR_ext_port_OBUF_inst_i_1/O
                         net (fo=3, routed)           2.011     6.535    vgaB_ext_port_OBUF
    D17                  OBUF (Prop_obuf_I_O)         3.530    10.066 r  vgaG_ext_port_OBUF_inst/O
                         net (fo=0)                   0.000    10.066    vgaG_ext_port
    D17                                                               r  vgaG_ext_port (OUT)
  -------------------------------------------------------------------    -------------------

Slack:                    inf
  Source:                 vga_control/addr_port0/CLK
                            (rising edge-triggered cell DSP48E1)
  Destination:            <hidden>
  Path Group:             (none)
  Path Type:              Max at Slow Process Corner
  Data Path Delay:        8.601ns  (logic 4.485ns (52.146%)  route 4.116ns (47.854%))
  Logic Levels:           3  (DSP48E1=1 LUT2=1 LUT3=1)

    Location             Delay type                Incr(ns)  Path(ns)    Netlist Resource(s)
  -------------------------------------------------------------------    -------------------
    DSP48_X0Y18          DSP48E1                      0.000     0.000 r  vga_control/addr_port0/CLK
    DSP48_X0Y18          DSP48E1 (Prop_dsp48e1_CLK_P[16])
                                                      4.009     4.009 f  vga_control/addr_port0/P[16]
                         net (fo=1, routed)           1.178     5.187    vga_control/addr_port0_n_89
    SLICE_X7Y48          LUT2 (Prop_lut2_I0_O)        0.150     5.337 f  vga_control/frame_buf_i_3/O
                         net (fo=7, routed)           1.388     6.725    <hidden>
    SLICE_X8Y44          LUT3 (Prop_lut3_I0_O)        0.326     7.051 r  <hidden>
                         net (fo=2, routed)           1.550     8.601    <hidden>
    RAMB36_X0Y4          RAMB36E1                                     r  <hidden>
  -------------------------------------------------------------------    -------------------

Slack:                    inf
  Source:                 vga_control/addr_port0/CLK
                            (rising edge-triggered cell DSP48E1)
  Destination:            <hidden>
  Path Group:             (none)
  Path Type:              Max at Slow Process Corner
  Data Path Delay:        8.349ns  (logic 4.514ns (54.068%)  route 3.835ns (45.932%))
  Logic Levels:           3  (DSP48E1=1 LUT2=1 LUT3=1)

    Location             Delay type                Incr(ns)  Path(ns)    Netlist Resource(s)
  -------------------------------------------------------------------    -------------------
    DSP48_X0Y18          DSP48E1                      0.000     0.000 r  vga_control/addr_port0/CLK
    DSP48_X0Y18          DSP48E1 (Prop_dsp48e1_CLK_P[16])
                                                      4.009     4.009 r  vga_control/addr_port0/P[16]
                         net (fo=1, routed)           1.178     5.187    vga_control/addr_port0_n_89
    SLICE_X7Y48          LUT2 (Prop_lut2_I0_O)        0.150     5.337 r  vga_control/frame_buf_i_3/O
                         net (fo=7, routed)           1.039     6.376    <hidden>
    SLICE_X8Y44          LUT3 (Prop_lut3_I2_O)        0.355     6.731 r  <hidden>
                         net (fo=2, routed)           1.617     8.349    <hidden>
    RAMB36_X0Y13         RAMB36E1                                     r  <hidden>
  -------------------------------------------------------------------    -------------------

Slack:                    inf
  Source:                 vga_control/addr_port0/CLK
                            (rising edge-triggered cell DSP48E1)
  Destination:            <hidden>
  Path Group:             (none)
  Path Type:              Max at Slow Process Corner
  Data Path Delay:        8.312ns  (logic 4.513ns (54.296%)  route 3.799ns (45.704%))
  Logic Levels:           3  (DSP48E1=1 LUT2=1 LUT3=1)

    Location             Delay type                Incr(ns)  Path(ns)    Netlist Resource(s)
  -------------------------------------------------------------------    -------------------
    DSP48_X0Y18          DSP48E1                      0.000     0.000 r  vga_control/addr_port0/CLK
    DSP48_X0Y18          DSP48E1 (Prop_dsp48e1_CLK_P[16])
                                                      4.009     4.009 r  vga_control/addr_port0/P[16]
                         net (fo=1, routed)           1.178     5.187    vga_control/addr_port0_n_89
    SLICE_X7Y48          LUT2 (Prop_lut2_I0_O)        0.150     5.337 r  vga_control/frame_buf_i_3/O
                         net (fo=7, routed)           1.388     6.725    <hidden>
    SLICE_X8Y44          LUT3 (Prop_lut3_I2_O)        0.354     7.079 r  <hidden>
                         net (fo=2, routed)           1.233     8.312    <hidden>
    RAMB36_X0Y11         RAMB36E1                                     r  <hidden>
  -------------------------------------------------------------------    -------------------

Slack:                    inf
  Source:                 vga_control/addr_port0/CLK
                            (rising edge-triggered cell DSP48E1)
  Destination:            <hidden>
  Path Group:             (none)
  Path Type:              Max at Slow Process Corner
  Data Path Delay:        8.220ns  (logic 4.485ns (54.564%)  route 3.735ns (45.436%))
  Logic Levels:           3  (DSP48E1=1 LUT2=1 LUT3=1)

    Location             Delay type                Incr(ns)  Path(ns)    Netlist Resource(s)
  -------------------------------------------------------------------    -------------------
    DSP48_X0Y18          DSP48E1                      0.000     0.000 r  vga_control/addr_port0/CLK
    DSP48_X0Y18          DSP48E1 (Prop_dsp48e1_CLK_P[16])
                                                      4.009     4.009 f  vga_control/addr_port0/P[16]
                         net (fo=1, routed)           1.178     5.187    vga_control/addr_port0_n_89
    SLICE_X7Y48          LUT2 (Prop_lut2_I0_O)        0.150     5.337 f  vga_control/frame_buf_i_3/O
                         net (fo=7, routed)           1.388     6.725    <hidden>
    SLICE_X8Y44          LUT3 (Prop_lut3_I0_O)        0.326     7.051 r  <hidden>
                         net (fo=2, routed)           1.169     8.220    <hidden>
    RAMB36_X0Y5          RAMB36E1                                     r  <hidden>
  -------------------------------------------------------------------    -------------------

Slack:                    inf
  Source:                 vga_control/addr_port0/CLK
                            (rising edge-triggered cell DSP48E1)
  Destination:            <hidden>
  Path Group:             (none)
  Path Type:              Max at Slow Process Corner
  Data Path Delay:        7.945ns  (logic 4.485ns (56.449%)  route 3.460ns (43.551%))
  Logic Levels:           3  (DSP48E1=1 LUT2=1 LUT3=1)

    Location             Delay type                Incr(ns)  Path(ns)    Netlist Resource(s)
  -------------------------------------------------------------------    -------------------
    DSP48_X0Y18          DSP48E1                      0.000     0.000 r  vga_control/addr_port0/CLK
    DSP48_X0Y18          DSP48E1 (Prop_dsp48e1_CLK_P[16])
                                                      4.009     4.009 f  vga_control/addr_port0/P[16]
                         net (fo=1, routed)           1.178     5.187    vga_control/addr_port0_n_89
    SLICE_X7Y48          LUT2 (Prop_lut2_I0_O)        0.150     5.337 f  vga_control/frame_buf_i_3/O
                         net (fo=7, routed)           1.039     6.376    <hidden>
    SLICE_X8Y44          LUT3 (Prop_lut3_I0_O)        0.326     6.702 r  <hidden>
                         net (fo=2, routed)           1.243     7.945    <hidden>
    RAMB36_X0Y6          RAMB36E1                                     r  <hidden>
  -------------------------------------------------------------------    -------------------

Slack:                    inf
  Source:                 vga_control/addr_port0/CLK
                            (rising edge-triggered cell DSP48E1)
  Destination:            <hidden>
  Path Group:             (none)
  Path Type:              Max at Slow Process Corner
  Data Path Delay:        7.925ns  (logic 4.513ns (56.948%)  route 3.412ns (43.052%))
  Logic Levels:           3  (DSP48E1=1 LUT2=1 LUT3=1)

    Location             Delay type                Incr(ns)  Path(ns)    Netlist Resource(s)
  -------------------------------------------------------------------    -------------------
    DSP48_X0Y18          DSP48E1                      0.000     0.000 r  vga_control/addr_port0/CLK
    DSP48_X0Y18          DSP48E1 (Prop_dsp48e1_CLK_P[16])
                                                      4.009     4.009 r  vga_control/addr_port0/P[16]
                         net (fo=1, routed)           1.178     5.187    vga_control/addr_port0_n_89
    SLICE_X7Y48          LUT2 (Prop_lut2_I0_O)        0.150     5.337 r  vga_control/frame_buf_i_3/O
                         net (fo=7, routed)           1.388     6.725    <hidden>
    SLICE_X8Y44          LUT3 (Prop_lut3_I2_O)        0.354     7.079 r  <hidden>
                         net (fo=2, routed)           0.846     7.925    <hidden>
    RAMB36_X0Y10         RAMB36E1                                     r  <hidden>
  -------------------------------------------------------------------    -------------------

Slack:                    inf
  Source:                 vga_control/addr_port0/CLK
                            (rising edge-triggered cell DSP48E1)
  Destination:            <hidden>
  Path Group:             (none)
  Path Type:              Max at Slow Process Corner
  Data Path Delay:        7.835ns  (logic 4.514ns (57.610%)  route 3.321ns (42.390%))
  Logic Levels:           3  (DSP48E1=1 LUT2=1 LUT3=1)

    Location             Delay type                Incr(ns)  Path(ns)    Netlist Resource(s)
  -------------------------------------------------------------------    -------------------
    DSP48_X0Y18          DSP48E1                      0.000     0.000 r  vga_control/addr_port0/CLK
    DSP48_X0Y18          DSP48E1 (Prop_dsp48e1_CLK_P[16])
                                                      4.009     4.009 r  vga_control/addr_port0/P[16]
                         net (fo=1, routed)           1.178     5.187    vga_control/addr_port0_n_89
    SLICE_X7Y48          LUT2 (Prop_lut2_I0_O)        0.150     5.337 r  vga_control/frame_buf_i_3/O
                         net (fo=7, routed)           1.039     6.376    <hidden>
    SLICE_X8Y44          LUT3 (Prop_lut3_I2_O)        0.355     6.731 r  <hidden>
                         net (fo=2, routed)           1.104     7.835    <hidden>
    RAMB36_X0Y12         RAMB36E1                                     r  <hidden>
  -------------------------------------------------------------------    -------------------





Min Delay Paths
--------------------------------------------------------------------------------------
Slack:                    inf
  Source:                 vga_sync/hsync_onelate_reg/C
                            (rising edge-triggered cell FDRE)
  Destination:            vga_sync/hsync_out_port_reg/D
  Path Group:             (none)
  Path Type:              Min at Fast Process Corner
  Data Path Delay:        0.258ns  (logic 0.141ns (54.552%)  route 0.117ns (45.448%))
  Logic Levels:           1  (FDRE=1)

    Location             Delay type                Incr(ns)  Path(ns)    Netlist Resource(s)
  -------------------------------------------------------------------    -------------------
    SLICE_X7Y50          FDRE                         0.000     0.000 r  vga_sync/hsync_onelate_reg/C
    SLICE_X7Y50          FDRE (Prop_fdre_C_Q)         0.141     0.141 r  vga_sync/hsync_onelate_reg/Q
                         net (fo=1, routed)           0.117     0.258    vga_sync/hsync_onelate
    SLICE_X6Y48          FDRE                                         r  vga_sync/hsync_out_port_reg/D
  -------------------------------------------------------------------    -------------------

Slack:                    inf
  Source:                 <hidden>
                            (rising edge-triggered cell FDRE)
  Destination:            <hidden>
  Path Group:             (none)
  Path Type:              Min at Fast Process Corner
  Data Path Delay:        0.304ns  (logic 0.164ns (53.927%)  route 0.140ns (46.073%))
  Logic Levels:           1  (FDRE=1)

    Location             Delay type                Incr(ns)  Path(ns)    Netlist Resource(s)
  -------------------------------------------------------------------    -------------------
    SLICE_X8Y44          FDRE                         0.000     0.000 r  <hidden>
    SLICE_X8Y44          FDRE (Prop_fdre_C_Q)         0.164     0.164 r  <hidden>
                         net (fo=7, routed)           0.140     0.304    <hidden>
    SLICE_X8Y43          FDRE                                         r  <hidden>
  -------------------------------------------------------------------    -------------------

Slack:                    inf
  Source:                 <hidden>
                            (rising edge-triggered cell FDRE)
  Destination:            <hidden>
  Path Group:             (none)
  Path Type:              Min at Fast Process Corner
  Data Path Delay:        0.306ns  (logic 0.164ns (53.557%)  route 0.142ns (46.443%))
  Logic Levels:           1  (FDRE=1)

    Location             Delay type                Incr(ns)  Path(ns)    Netlist Resource(s)
  -------------------------------------------------------------------    -------------------
    SLICE_X8Y44          FDRE                         0.000     0.000 r  <hidden>
    SLICE_X8Y44          FDRE (Prop_fdre_C_Q)         0.164     0.164 r  <hidden>
                         net (fo=7, routed)           0.142     0.306    <hidden>
    SLICE_X9Y43          FDRE                                         r  <hidden>
  -------------------------------------------------------------------    -------------------

Slack:                    inf
  Source:                 <hidden>
                            (rising edge-triggered cell FDRE)
  Destination:            <hidden>
  Path Group:             (none)
  Path Type:              Min at Fast Process Corner
  Data Path Delay:        0.307ns  (logic 0.164ns (53.377%)  route 0.143ns (46.623%))
  Logic Levels:           1  (FDRE=1)

    Location             Delay type                Incr(ns)  Path(ns)    Netlist Resource(s)
  -------------------------------------------------------------------    -------------------
    SLICE_X8Y43          FDRE                         0.000     0.000 r  <hidden>
    SLICE_X8Y43          FDRE (Prop_fdre_C_Q)         0.164     0.164 r  <hidden>
                         net (fo=6, routed)           0.143     0.307    <hidden>
    SLICE_X8Y43          FDRE                                         r  <hidden>
  -------------------------------------------------------------------    -------------------

Slack:                    inf
  Source:                 vga_sync/vsync_onelate_reg/C
                            (rising edge-triggered cell FDRE)
  Destination:            vga_sync/vsync_out_port_reg/D
  Path Group:             (none)
  Path Type:              Min at Fast Process Corner
  Data Path Delay:        0.315ns  (logic 0.141ns (44.783%)  route 0.174ns (55.217%))
  Logic Levels:           1  (FDRE=1)

    Location             Delay type                Incr(ns)  Path(ns)    Netlist Resource(s)
  -------------------------------------------------------------------    -------------------
    SLICE_X0Y29          FDRE                         0.000     0.000 r  vga_sync/vsync_onelate_reg/C
    SLICE_X0Y29          FDRE (Prop_fdre_C_Q)         0.141     0.141 r  vga_sync/vsync_onelate_reg/Q
                         net (fo=1, routed)           0.174     0.315    vga_sync/vsync_onelate
    SLICE_X0Y29          FDRE                                         r  vga_sync/vsync_out_port_reg/D
  -------------------------------------------------------------------    -------------------

Slack:                    inf
  Source:                 <hidden>
                            (rising edge-triggered cell FDRE)
  Destination:            <hidden>
  Path Group:             (none)
  Path Type:              Min at Fast Process Corner
  Data Path Delay:        0.329ns  (logic 0.141ns (42.868%)  route 0.188ns (57.132%))
  Logic Levels:           1  (FDRE=1)

    Location             Delay type                Incr(ns)  Path(ns)    Netlist Resource(s)
  -------------------------------------------------------------------    -------------------
    SLICE_X9Y43          FDRE                         0.000     0.000 r  <hidden>
    SLICE_X9Y43          FDRE (Prop_fdre_C_Q)         0.141     0.141 r  <hidden>
                         net (fo=2, routed)           0.188     0.329    <hidden>
    SLICE_X9Y43          FDRE                                         r  <hidden>
  -------------------------------------------------------------------    -------------------

Slack:                    inf
  Source:                 <hidden>
                            (rising edge-triggered cell FDRE)
  Destination:            <hidden>
  Path Group:             (none)
  Path Type:              Min at Fast Process Corner
  Data Path Delay:        0.334ns  (logic 0.128ns (38.320%)  route 0.206ns (61.680%))
  Logic Levels:           1  (FDRE=1)

    Location             Delay type                Incr(ns)  Path(ns)    Netlist Resource(s)
  -------------------------------------------------------------------    -------------------
    SLICE_X9Y43          FDRE                         0.000     0.000 r  <hidden>
    SLICE_X9Y43          FDRE (Prop_fdre_C_Q)         0.128     0.128 r  <hidden>
                         net (fo=3, routed)           0.206     0.334    <hidden>
    SLICE_X9Y43          FDRE                                         r  <hidden>
  -------------------------------------------------------------------    -------------------

Slack:                    inf
  Source:                 vga_control/ycord_reg[20]/C
                            (rising edge-triggered cell FDRE)
  Destination:            vga_control/ycord_reg[20]/D
  Path Group:             (none)
  Path Type:              Min at Fast Process Corner
  Data Path Delay:        0.366ns  (logic 0.249ns (67.994%)  route 0.117ns (32.006%))
  Logic Levels:           2  (CARRY4=1 FDRE=1)

    Location             Delay type                Incr(ns)  Path(ns)    Netlist Resource(s)
  -------------------------------------------------------------------    -------------------
    SLICE_X15Y49         FDRE                         0.000     0.000 r  vga_control/ycord_reg[20]/C
    SLICE_X15Y49         FDRE (Prop_fdre_C_Q)         0.141     0.141 r  vga_control/ycord_reg[20]/Q
                         net (fo=2, routed)           0.117     0.258    vga_control/ycord_reg_n_0_[20]
    SLICE_X15Y49         CARRY4 (Prop_carry4_S[3]_O[3])
                                                      0.108     0.366 r  vga_control/ycord0_carry__3/O[3]
                         net (fo=1, routed)           0.000     0.366    vga_control/ycord0_carry__3_n_4
    SLICE_X15Y49         FDRE                                         r  vga_control/ycord_reg[20]/D
  -------------------------------------------------------------------    -------------------

Slack:                    inf
  Source:                 vga_control/ycord_reg[12]/C
                            (rising edge-triggered cell FDRE)
  Destination:            vga_control/ycord_reg[12]/D
  Path Group:             (none)
  Path Type:              Min at Fast Process Corner
  Data Path Delay:        0.369ns  (logic 0.249ns (67.424%)  route 0.120ns (32.576%))
  Logic Levels:           2  (CARRY4=1 FDRE=1)

    Location             Delay type                Incr(ns)  Path(ns)    Netlist Resource(s)
  -------------------------------------------------------------------    -------------------
    SLICE_X15Y47         FDRE                         0.000     0.000 r  vga_control/ycord_reg[12]/C
    SLICE_X15Y47         FDRE (Prop_fdre_C_Q)         0.141     0.141 r  vga_control/ycord_reg[12]/Q
                         net (fo=2, routed)           0.120     0.261    vga_control/ycord_reg_n_0_[12]
    SLICE_X15Y47         CARRY4 (Prop_carry4_S[3]_O[3])
                                                      0.108     0.369 r  vga_control/ycord0_carry__1/O[3]
                         net (fo=2, routed)           0.000     0.369    vga_control/ycord0_carry__1_n_4
    SLICE_X15Y47         FDRE                                         r  vga_control/ycord_reg[12]/D
  -------------------------------------------------------------------    -------------------

Slack:                    inf
  Source:                 vga_control/ycord_reg[16]/C
                            (rising edge-triggered cell FDRE)
  Destination:            vga_control/ycord_reg[16]/D
  Path Group:             (none)
  Path Type:              Min at Fast Process Corner
  Data Path Delay:        0.369ns  (logic 0.249ns (67.424%)  route 0.120ns (32.576%))
  Logic Levels:           2  (CARRY4=1 FDRE=1)

    Location             Delay type                Incr(ns)  Path(ns)    Netlist Resource(s)
  -------------------------------------------------------------------    -------------------
    SLICE_X15Y48         FDRE                         0.000     0.000 r  vga_control/ycord_reg[16]/C
    SLICE_X15Y48         FDRE (Prop_fdre_C_Q)         0.141     0.141 r  vga_control/ycord_reg[16]/Q
                         net (fo=2, routed)           0.120     0.261    vga_control/ycord_reg_n_0_[16]
    SLICE_X15Y48         CARRY4 (Prop_carry4_S[3]_O[3])
                                                      0.108     0.369 r  vga_control/ycord0_carry__2/O[3]
                         net (fo=2, routed)           0.000     0.369    vga_control/ycord0_carry__2_n_4
    SLICE_X15Y48         FDRE                                         r  vga_control/ycord_reg[16]/D
  -------------------------------------------------------------------    -------------------





