Copyright 1986-2022 Xilinx, Inc. All Rights Reserved. Copyright 2022-2025 Advanced Micro Devices, Inc. All Rights Reserved.
------------------------------------------------------------------------------------------------------------------------------------------------------------------------------------------------------------------------
| Tool Version : Vivado v.2024.2.2 (win64) Build 6060944 Thu Mar 06 19:10:01 MST 2025
| Date         : Mon Aug 17 21:13:19 2026
| Host         : c011-09 running 64-bit major release  (build 9200)
| Command      : report_timing_summary -max_paths 10 -report_unconstrained -file top_shell_timing_summary_routed.rpt -pb top_shell_timing_summary_routed.pb -rpx top_shell_timing_summary_routed.rpx -warn_on_violation
| Design       : top_shell
| Device       : 7a35t-cpg236
| Speed File   : -1  PRODUCTION 1.23 2018-06-13
| Design State : Routed
------------------------------------------------------------------------------------------------------------------------------------------------------------------------------------------------------------------------

Timing Summary Report

------------------------------------------------------------------------------------------------
| Timer Settings
| --------------
------------------------------------------------------------------------------------------------

  Enable Multi Corner Analysis               :  Yes
  Enable Pessimism Removal                   :  Yes
  Pessimism Removal Resolution               :  Nearest Common Node
  Enable Input Delay Default Clock           :  No
  Enable Preset / Clear Arcs                 :  No
  Disable Flight Delays                      :  No
  Ignore I/O Paths                           :  No
  Timing Early Launch at Borrowing Latches   :  No
  Borrow Time for Max Delay Exceptions       :  Yes
  Merge Timing Exceptions                    :  Yes
  Inter-SLR Compensation                     :  Conservative

  Corner  Analyze    Analyze    
  Name    Max Paths  Min Paths  
  ------  ---------  ---------  
  Slow    Yes        Yes        
  Fast    Yes        Yes        


------------------------------------------------------------------------------------------------
| Report Methodology
| ------------------
------------------------------------------------------------------------------------------------

Rule       Severity          Description                  Violations  
---------  ----------------  ---------------------------  ----------  
TIMING-17  Critical Warning  Non-clocked sequential cell  89          

Note: This report is based on the most recent report_methodology run and may not be up-to-date. Run report_methodology on the current design for the latest report.



check_timing report

Table of Contents
-----------------
1. checking no_clock (89)
2. checking constant_clock (0)
3. checking pulse_width_clock (0)
4. checking unconstrained_internal_endpoints (424)
5. checking no_input_delay (0)
6. checking no_output_delay (5)
7. checking multiple_clock (0)
8. checking generated_clocks (0)
9. checking loops (0)
10. checking partial_input_delay (0)
11. checking partial_output_delay (0)
12. checking latch_loops (0)

1. checking no_clock (89)
-------------------------
 There are 89 register/latch pins with no clock driven by root clock pin: clocking/system_clk_tog_reg/Q (HIGH)


2. checking constant_clock (0)
------------------------------
 There are 0 register/latch pins with constant_clock.


3. checking pulse_width_clock (0)
---------------------------------
 There are 0 register/latch pins which need pulse_width check


4. checking unconstrained_internal_endpoints (424)
--------------------------------------------------
 There are 424 pins that are not constrained for maximum delay. (HIGH)

 There are 0 pins that are not constrained for maximum delay due to constant clock.


5. checking no_input_delay (0)
------------------------------
 There are 0 input ports with no input delay specified.

 There are 0 input ports with no input delay but user has a false path constraint.


6. checking no_output_delay (5)
-------------------------------
 There are 5 ports with no output delay specified. (HIGH)

 There are 0 ports with no output delay but user has a false path constraint

 There are 0 ports with no output delay but with a timing clock defined on it or propagating through it


7. checking multiple_clock (0)
------------------------------
 There are 0 register/latch pins with multiple clocks.


8. checking generated_clocks (0)
--------------------------------
 There are 0 generated clocks that are not connected to a clock source.


9. checking loops (0)
---------------------
 There are 0 combinational loops in the design.


10. checking partial_input_delay (0)
------------------------------------
 There are 0 input ports with partial input delay specified.


11. checking partial_output_delay (0)
-------------------------------------
 There are 0 ports with partial output delay specified.


12. checking latch_loops (0)
----------------------------
 There are 0 combinational latch loops in the design through latch input



------------------------------------------------------------------------------------------------
| Design Timing Summary
| ---------------------
------------------------------------------------------------------------------------------------

    WNS(ns)      TNS(ns)  TNS Failing Endpoints  TNS Total Endpoints      WHS(ns)      THS(ns)  THS Failing Endpoints  THS Total Endpoints     WPWS(ns)     TPWS(ns)  TPWS Failing Endpoints  TPWS Total Endpoints  
    -------      -------  ---------------------  -------------------      -------      -------  ---------------------  -------------------     --------     --------  ----------------------  --------------------  
      8.157        0.000                      0                    2        0.440        0.000                      0                    2        4.500        0.000                       0                     3  


All user specified timing constraints are met.


------------------------------------------------------------------------------------------------
| Clock Summary
| -------------
------------------------------------------------------------------------------------------------

Clock        Waveform(ns)       Period(ns)      Frequency(MHz)
-----        ------------       ----------      --------------
sys_clk_pin  {0.000 5.000}      10.000          100.000         


------------------------------------------------------------------------------------------------
| Intra Clock Table
| -----------------
------------------------------------------------------------------------------------------------

Clock             WNS(ns)      TNS(ns)  TNS Failing Endpoints  TNS Total Endpoints      WHS(ns)      THS(ns)  THS Failing Endpoints  THS Total Endpoints     WPWS(ns)     TPWS(ns)  TPWS Failing Endpoints  TPWS Total Endpoints  
-----             -------      -------  ---------------------  -------------------      -------      -------  ---------------------  -------------------     --------     --------  ----------------------  --------------------  
sys_clk_pin         8.157        0.000                      0                    2        0.440        0.000                      0                    2        4.500        0.000                       0                     3  


------------------------------------------------------------------------------------------------
| Inter Clock Table
| -----------------
------------------------------------------------------------------------------------------------

From Clock    To Clock          WNS(ns)      TNS(ns)  TNS Failing Endpoints  TNS Total Endpoints      WHS(ns)      THS(ns)  THS Failing Endpoints  THS Total Endpoints  
----------    --------          -------      -------  ---------------------  -------------------      -------      -------  ---------------------  -------------------  


------------------------------------------------------------------------------------------------
| Other Path Groups Table
| -----------------------
------------------------------------------------------------------------------------------------

Path Group    From Clock    To Clock          WNS(ns)      TNS(ns)  TNS Failing Endpoints  TNS Total Endpoints      WHS(ns)      THS(ns)  THS Failing Endpoints  THS Total Endpoints  
----------    ----------    --------          -------      -------  ---------------------  -------------------      -------      -------  ---------------------  -------------------  


------------------------------------------------------------------------------------------------
| User Ignored Path Table
| -----------------------
------------------------------------------------------------------------------------------------

Path Group    From Clock    To Clock    
----------    ----------    --------    


------------------------------------------------------------------------------------------------
| Unconstrained Path Table
| ------------------------
------------------------------------------------------------------------------------------------

Path Group    From Clock    To Clock    
----------    ----------    --------    
(none)                                    


------------------------------------------------------------------------------------------------
| Timing Details
| --------------
------------------------------------------------------------------------------------------------


---------------------------------------------------------------------------------------------------
From Clock:  sys_clk_pin
  To Clock:  sys_clk_pin

Setup :            0  Failing Endpoints,  Worst Slack        8.157ns,  Total Violation        0.000ns
Hold  :            0  Failing Endpoints,  Worst Slack        0.440ns,  Total Violation        0.000ns
PW    :            0  Failing Endpoints,  Worst Slack        4.500ns,  Total Violation        0.000ns
---------------------------------------------------------------------------------------------------


Max Delay Paths
--------------------------------------------------------------------------------------
Slack (MET) :             8.157ns  (required time - arrival time)
  Source:                 clocking/system_clk_divider_counter_reg[0]/C
                            (rising edge-triggered cell FDRE clocked by sys_clk_pin  {rise@0.000ns fall@5.000ns period=10.000ns})
  Destination:            clocking/system_clk_divider_counter_reg[0]/D
                            (rising edge-triggered cell FDRE clocked by sys_clk_pin  {rise@0.000ns fall@5.000ns period=10.000ns})
  Path Group:             sys_clk_pin
  Path Type:              Setup (Max at Slow Process Corner)
  Requirement:            10.000ns  (sys_clk_pin rise@10.000ns - sys_clk_pin rise@0.000ns)
  Data Path Delay:        1.836ns  (logic 0.580ns (31.582%)  route 1.256ns (68.418%))
  Logic Levels:           1  (LUT1=1)
  Clock Path Skew:        0.000ns (DCD - SCD + CPR)
    Destination Clock Delay (DCD):    4.786ns = ( 14.786 - 10.000 ) 
    Source Clock Delay      (SCD):    5.086ns
    Clock Pessimism Removal (CPR):    0.300ns
  Clock Uncertainty:      0.035ns  ((TSJ^2 + TIJ^2)^1/2 + DJ) / 2 + PE
    Total System Jitter     (TSJ):    0.071ns
    Total Input Jitter      (TIJ):    0.000ns
    Discrete Jitter          (DJ):    0.000ns
    Phase Error              (PE):    0.000ns

    Location             Delay type                Incr(ns)  Path(ns)    Netlist Resource(s)
  -------------------------------------------------------------------    -------------------
                         (clock sys_clk_pin rise edge)
                                                      0.000     0.000 r  
    W5                                                0.000     0.000 r  clk_ext_port (IN)
                         net (fo=0)                   0.000     0.000    clk_ext_port
    W5                   IBUF (Prop_ibuf_I_O)         1.458     1.458 r  clk_ext_port_IBUF_inst/O
                         net (fo=1, routed)           1.967     3.425    clk_ext_port_IBUF
    BUFGCTRL_X0Y1        BUFG (Prop_bufg_I_O)         0.096     3.521 r  clk_ext_port_IBUF_BUFG_inst/O
                         net (fo=2, routed)           1.565     5.086    clocking/clk_ext_port_IBUF_BUFG
    SLICE_X36Y46         FDRE                                         r  clocking/system_clk_divider_counter_reg[0]/C
  -------------------------------------------------------------------    -------------------
    SLICE_X36Y46         FDRE (Prop_fdre_C_Q)         0.456     5.542 f  clocking/system_clk_divider_counter_reg[0]/Q
                         net (fo=2, routed)           1.256     6.799    clocking/system_clk_divider_counter
    SLICE_X36Y46         LUT1 (Prop_lut1_I0_O)        0.124     6.923 r  clocking/system_clk_divider_counter[0]_i_1/O
                         net (fo=1, routed)           0.000     6.923    clocking/system_clk_divider_counter[0]_i_1_n_0
    SLICE_X36Y46         FDRE                                         r  clocking/system_clk_divider_counter_reg[0]/D
  -------------------------------------------------------------------    -------------------

                         (clock sys_clk_pin rise edge)
                                                     10.000    10.000 r  
    W5                                                0.000    10.000 r  clk_ext_port (IN)
                         net (fo=0)                   0.000    10.000    clk_ext_port
    W5                   IBUF (Prop_ibuf_I_O)         1.388    11.388 r  clk_ext_port_IBUF_inst/O
                         net (fo=1, routed)           1.862    13.250    clk_ext_port_IBUF
    BUFGCTRL_X0Y1        BUFG (Prop_bufg_I_O)         0.091    13.341 r  clk_ext_port_IBUF_BUFG_inst/O
                         net (fo=2, routed)           1.445    14.786    clocking/clk_ext_port_IBUF_BUFG
    SLICE_X36Y46         FDRE                                         r  clocking/system_clk_divider_counter_reg[0]/C
                         clock pessimism              0.300    15.086    
                         clock uncertainty           -0.035    15.051    
    SLICE_X36Y46         FDRE (Setup_fdre_C_D)        0.029    15.080    clocking/system_clk_divider_counter_reg[0]
  -------------------------------------------------------------------
                         required time                         15.080    
                         arrival time                          -6.923    
  -------------------------------------------------------------------
                         slack                                  8.157    

Slack (MET) :             8.175ns  (required time - arrival time)
  Source:                 clocking/system_clk_divider_counter_reg[0]/C
                            (rising edge-triggered cell FDRE clocked by sys_clk_pin  {rise@0.000ns fall@5.000ns period=10.000ns})
  Destination:            clocking/system_clk_tog_reg/D
                            (rising edge-triggered cell FDRE clocked by sys_clk_pin  {rise@0.000ns fall@5.000ns period=10.000ns})
  Path Group:             sys_clk_pin
  Path Type:              Setup (Max at Slow Process Corner)
  Requirement:            10.000ns  (sys_clk_pin rise@10.000ns - sys_clk_pin rise@0.000ns)
  Data Path Delay:        1.864ns  (logic 0.608ns (32.609%)  route 1.256ns (67.391%))
  Logic Levels:           1  (LUT2=1)
  Clock Path Skew:        0.000ns (DCD - SCD + CPR)
    Destination Clock Delay (DCD):    4.786ns = ( 14.786 - 10.000 ) 
    Source Clock Delay      (SCD):    5.086ns
    Clock Pessimism Removal (CPR):    0.300ns
  Clock Uncertainty:      0.035ns  ((TSJ^2 + TIJ^2)^1/2 + DJ) / 2 + PE
    Total System Jitter     (TSJ):    0.071ns
    Total Input Jitter      (TIJ):    0.000ns
    Discrete Jitter          (DJ):    0.000ns
    Phase Error              (PE):    0.000ns

    Location             Delay type                Incr(ns)  Path(ns)    Netlist Resource(s)
  -------------------------------------------------------------------    -------------------
                         (clock sys_clk_pin rise edge)
                                                      0.000     0.000 r  
    W5                                                0.000     0.000 r  clk_ext_port (IN)
                         net (fo=0)                   0.000     0.000    clk_ext_port
    W5                   IBUF (Prop_ibuf_I_O)         1.458     1.458 r  clk_ext_port_IBUF_inst/O
                         net (fo=1, routed)           1.967     3.425    clk_ext_port_IBUF
    BUFGCTRL_X0Y1        BUFG (Prop_bufg_I_O)         0.096     3.521 r  clk_ext_port_IBUF_BUFG_inst/O
                         net (fo=2, routed)           1.565     5.086    clocking/clk_ext_port_IBUF_BUFG
    SLICE_X36Y46         FDRE                                         r  clocking/system_clk_divider_counter_reg[0]/C
  -------------------------------------------------------------------    -------------------
    SLICE_X36Y46         FDRE (Prop_fdre_C_Q)         0.456     5.542 r  clocking/system_clk_divider_counter_reg[0]/Q
                         net (fo=2, routed)           1.256     6.799    clocking/system_clk_divider_counter
    SLICE_X36Y46         LUT2 (Prop_lut2_I0_O)        0.152     6.951 r  clocking/system_clk_tog_i_1/O
                         net (fo=1, routed)           0.000     6.951    clocking/system_clk_tog_i_1_n_0
    SLICE_X36Y46         FDRE                                         r  clocking/system_clk_tog_reg/D
  -------------------------------------------------------------------    -------------------

                         (clock sys_clk_pin rise edge)
                                                     10.000    10.000 r  
    W5                                                0.000    10.000 r  clk_ext_port (IN)
                         net (fo=0)                   0.000    10.000    clk_ext_port
    W5                   IBUF (Prop_ibuf_I_O)         1.388    11.388 r  clk_ext_port_IBUF_inst/O
                         net (fo=1, routed)           1.862    13.250    clk_ext_port_IBUF
    BUFGCTRL_X0Y1        BUFG (Prop_bufg_I_O)         0.091    13.341 r  clk_ext_port_IBUF_BUFG_inst/O
                         net (fo=2, routed)           1.445    14.786    clocking/clk_ext_port_IBUF_BUFG
    SLICE_X36Y46         FDRE                                         r  clocking/system_clk_tog_reg/C
                         clock pessimism              0.300    15.086    
                         clock uncertainty           -0.035    15.051    
    SLICE_X36Y46         FDRE (Setup_fdre_C_D)        0.075    15.126    clocking/system_clk_tog_reg
  -------------------------------------------------------------------
                         required time                         15.126    
                         arrival time                          -6.951    
  -------------------------------------------------------------------
                         slack                                  8.175    





Min Delay Paths
--------------------------------------------------------------------------------------
Slack (MET) :             0.440ns  (arrival time - required time)
  Source:                 clocking/system_clk_tog_reg/C
                            (rising edge-triggered cell FDRE clocked by sys_clk_pin  {rise@0.000ns fall@5.000ns period=10.000ns})
  Destination:            clocking/system_clk_tog_reg/D
                            (rising edge-triggered cell FDRE clocked by sys_clk_pin  {rise@0.000ns fall@5.000ns period=10.000ns})
  Path Group:             sys_clk_pin
  Path Type:              Hold (Min at Fast Process Corner)
  Requirement:            0.000ns  (sys_clk_pin rise@0.000ns - sys_clk_pin rise@0.000ns)
  Data Path Delay:        0.547ns  (logic 0.228ns (41.713%)  route 0.319ns (58.287%))
  Logic Levels:           1  (LUT2=1)
  Clock Path Skew:        0.000ns (DCD - SCD - CPR)
    Destination Clock Delay (DCD):    1.959ns
    Source Clock Delay      (SCD):    1.446ns
    Clock Pessimism Removal (CPR):    0.513ns

    Location             Delay type                Incr(ns)  Path(ns)    Netlist Resource(s)
  -------------------------------------------------------------------    -------------------
                         (clock sys_clk_pin rise edge)
                                                      0.000     0.000 r  
    W5                                                0.000     0.000 r  clk_ext_port (IN)
                         net (fo=0)                   0.000     0.000    clk_ext_port
    W5                   IBUF (Prop_ibuf_I_O)         0.226     0.226 r  clk_ext_port_IBUF_inst/O
                         net (fo=1, routed)           0.631     0.858    clk_ext_port_IBUF
    BUFGCTRL_X0Y1        BUFG (Prop_bufg_I_O)         0.026     0.884 r  clk_ext_port_IBUF_BUFG_inst/O
                         net (fo=2, routed)           0.563     1.446    clocking/clk_ext_port_IBUF_BUFG
    SLICE_X36Y46         FDRE                                         r  clocking/system_clk_tog_reg/C
  -------------------------------------------------------------------    -------------------
    SLICE_X36Y46         FDRE (Prop_fdre_C_Q)         0.128     1.574 r  clocking/system_clk_tog_reg/Q
                         net (fo=2, routed)           0.319     1.893    clocking/I
    SLICE_X36Y46         LUT2 (Prop_lut2_I1_O)        0.100     1.993 r  clocking/system_clk_tog_i_1/O
                         net (fo=1, routed)           0.000     1.993    clocking/system_clk_tog_i_1_n_0
    SLICE_X36Y46         FDRE                                         r  clocking/system_clk_tog_reg/D
  -------------------------------------------------------------------    -------------------

                         (clock sys_clk_pin rise edge)
                                                      0.000     0.000 r  
    W5                                                0.000     0.000 r  clk_ext_port (IN)
                         net (fo=0)                   0.000     0.000    clk_ext_port
    W5                   IBUF (Prop_ibuf_I_O)         0.414     0.414 r  clk_ext_port_IBUF_inst/O
                         net (fo=1, routed)           0.685     1.099    clk_ext_port_IBUF
    BUFGCTRL_X0Y1        BUFG (Prop_bufg_I_O)         0.029     1.128 r  clk_ext_port_IBUF_BUFG_inst/O
                         net (fo=2, routed)           0.832     1.959    clocking/clk_ext_port_IBUF_BUFG
    SLICE_X36Y46         FDRE                                         r  clocking/system_clk_tog_reg/C
                         clock pessimism             -0.513     1.446    
    SLICE_X36Y46         FDRE (Hold_fdre_C_D)         0.107     1.553    clocking/system_clk_tog_reg
  -------------------------------------------------------------------
                         required time                         -1.553    
                         arrival time                           1.993    
  -------------------------------------------------------------------
                         slack                                  0.440    

Slack (MET) :             0.553ns  (arrival time - required time)
  Source:                 clocking/system_clk_divider_counter_reg[0]/C
                            (rising edge-triggered cell FDRE clocked by sys_clk_pin  {rise@0.000ns fall@5.000ns period=10.000ns})
  Destination:            clocking/system_clk_divider_counter_reg[0]/D
                            (rising edge-triggered cell FDRE clocked by sys_clk_pin  {rise@0.000ns fall@5.000ns period=10.000ns})
  Path Group:             sys_clk_pin
  Path Type:              Hold (Min at Fast Process Corner)
  Requirement:            0.000ns  (sys_clk_pin rise@0.000ns - sys_clk_pin rise@0.000ns)
  Data Path Delay:        0.644ns  (logic 0.186ns (28.860%)  route 0.458ns (71.140%))
  Logic Levels:           1  (LUT1=1)
  Clock Path Skew:        0.000ns (DCD - SCD - CPR)
    Destination Clock Delay (DCD):    1.959ns
    Source Clock Delay      (SCD):    1.446ns
    Clock Pessimism Removal (CPR):    0.513ns

    Location             Delay type                Incr(ns)  Path(ns)    Netlist Resource(s)
  -------------------------------------------------------------------    -------------------
                         (clock sys_clk_pin rise edge)
                                                      0.000     0.000 r  
    W5                                                0.000     0.000 r  clk_ext_port (IN)
                         net (fo=0)                   0.000     0.000    clk_ext_port
    W5                   IBUF (Prop_ibuf_I_O)         0.226     0.226 r  clk_ext_port_IBUF_inst/O
                         net (fo=1, routed)           0.631     0.858    clk_ext_port_IBUF
    BUFGCTRL_X0Y1        BUFG (Prop_bufg_I_O)         0.026     0.884 r  clk_ext_port_IBUF_BUFG_inst/O
                         net (fo=2, routed)           0.563     1.446    clocking/clk_ext_port_IBUF_BUFG
    SLICE_X36Y46         FDRE                                         r  clocking/system_clk_divider_counter_reg[0]/C
  -------------------------------------------------------------------    -------------------
    SLICE_X36Y46         FDRE (Prop_fdre_C_Q)         0.141     1.587 f  clocking/system_clk_divider_counter_reg[0]/Q
                         net (fo=2, routed)           0.458     2.046    clocking/system_clk_divider_counter
    SLICE_X36Y46         LUT1 (Prop_lut1_I0_O)        0.045     2.091 r  clocking/system_clk_divider_counter[0]_i_1/O
                         net (fo=1, routed)           0.000     2.091    clocking/system_clk_divider_counter[0]_i_1_n_0
    SLICE_X36Y46         FDRE                                         r  clocking/system_clk_divider_counter_reg[0]/D
  -------------------------------------------------------------------    -------------------

                         (clock sys_clk_pin rise edge)
                                                      0.000     0.000 r  
    W5                                                0.000     0.000 r  clk_ext_port (IN)
                         net (fo=0)                   0.000     0.000    clk_ext_port
    W5                   IBUF (Prop_ibuf_I_O)         0.414     0.414 r  clk_ext_port_IBUF_inst/O
                         net (fo=1, routed)           0.685     1.099    clk_ext_port_IBUF
    BUFGCTRL_X0Y1        BUFG (Prop_bufg_I_O)         0.029     1.128 r  clk_ext_port_IBUF_BUFG_inst/O
                         net (fo=2, routed)           0.832     1.959    clocking/clk_ext_port_IBUF_BUFG
    SLICE_X36Y46         FDRE                                         r  clocking/system_clk_divider_counter_reg[0]/C
                         clock pessimism             -0.513     1.446    
    SLICE_X36Y46         FDRE (Hold_fdre_C_D)         0.091     1.537    clocking/system_clk_divider_counter_reg[0]
  -------------------------------------------------------------------
                         required time                         -1.537    
                         arrival time                           2.091    
  -------------------------------------------------------------------
                         slack                                  0.553    





Pulse Width Checks
--------------------------------------------------------------------------------------
Clock Name:         sys_clk_pin
Waveform(ns):       { 0.000 5.000 }
Period(ns):         10.000
Sources:            { clk_ext_port }

Check Type        Corner  Lib Pin  Reference Pin  Required(ns)  Actual(ns)  Slack(ns)  Location       Pin
Min Period        n/a     BUFG/I   n/a            2.155         10.000      7.845      BUFGCTRL_X0Y1  clk_ext_port_IBUF_BUFG_inst/I
Min Period        n/a     FDRE/C   n/a            1.000         10.000      9.000      SLICE_X36Y46   clocking/system_clk_divider_counter_reg[0]/C
Min Period        n/a     FDRE/C   n/a            1.000         10.000      9.000      SLICE_X36Y46   clocking/system_clk_tog_reg/C
Low Pulse Width   Slow    FDRE/C   n/a            0.500         5.000       4.500      SLICE_X36Y46   clocking/system_clk_divider_counter_reg[0]/C
Low Pulse Width   Fast    FDRE/C   n/a            0.500         5.000       4.500      SLICE_X36Y46   clocking/system_clk_divider_counter_reg[0]/C
Low Pulse Width   Slow    FDRE/C   n/a            0.500         5.000       4.500      SLICE_X36Y46   clocking/system_clk_tog_reg/C
Low Pulse Width   Fast    FDRE/C   n/a            0.500         5.000       4.500      SLICE_X36Y46   clocking/system_clk_tog_reg/C
High Pulse Width  Slow    FDRE/C   n/a            0.500         5.000       4.500      SLICE_X36Y46   clocking/system_clk_divider_counter_reg[0]/C
High Pulse Width  Fast    FDRE/C   n/a            0.500         5.000       4.500      SLICE_X36Y46   clocking/system_clk_divider_counter_reg[0]/C
High Pulse Width  Slow    FDRE/C   n/a            0.500         5.000       4.500      SLICE_X36Y46   clocking/system_clk_tog_reg/C
High Pulse Width  Fast    FDRE/C   n/a            0.500         5.000       4.500      SLICE_X36Y46   clocking/system_clk_tog_reg/C



--------------------------------------------------------------------------------------
Path Group:  (none)
From Clock:  
  To Clock:  

Max Delay           429 Endpoints
Min Delay           429 Endpoints
--------------------------------------------------------------------------------------


Max Delay Paths
--------------------------------------------------------------------------------------
Slack:                    inf
  Source:                 vga_control/xcord_reg[6]/C
                            (rising edge-triggered cell FDRE)
  Destination:            vgaR_ext_port
                            (output port)
  Path Group:             (none)
  Path Type:              Max at Slow Process Corner
  Data Path Delay:        11.580ns  (logic 5.450ns (47.069%)  route 6.129ns (52.931%))
  Logic Levels:           8  (CARRY4=4 FDRE=1 LUT2=1 LUT3=1 OBUF=1)

    Location             Delay type                Incr(ns)  Path(ns)    Netlist Resource(s)
  -------------------------------------------------------------------    -------------------
    SLICE_X9Y51          FDRE                         0.000     0.000 r  vga_control/xcord_reg[6]/C
    SLICE_X9Y51          FDRE (Prop_fdre_C_Q)         0.456     0.456 r  vga_control/xcord_reg[6]/Q
                         net (fo=8, routed)           1.456     1.912    vga_control/xcord_reg_n_0_[6]
    SLICE_X8Y54          LUT2 (Prop_lut2_I0_O)        0.124     2.036 r  vga_control/i__carry_i_7/O
                         net (fo=1, routed)           0.000     2.036    vga_control/i__carry_i_7_n_0
    SLICE_X8Y54          CARRY4 (Prop_carry4_S[0]_CO[3])
                                                      0.513     2.549 r  vga_control/video_on2_inferred__0/i__carry/CO[3]
                         net (fo=1, routed)           0.000     2.549    vga_control/video_on2_inferred__0/i__carry_n_0
    SLICE_X8Y55          CARRY4 (Prop_carry4_CI_CO[3])
                                                      0.117     2.666 r  vga_control/video_on2_inferred__0/i__carry__0/CO[3]
                         net (fo=1, routed)           0.000     2.666    vga_control/video_on2_inferred__0/i__carry__0_n_0
    SLICE_X8Y56          CARRY4 (Prop_carry4_CI_CO[3])
                                                      0.117     2.783 r  vga_control/video_on2_inferred__0/i__carry__1/CO[3]
                         net (fo=1, routed)           0.000     2.783    vga_control/video_on2_inferred__0/i__carry__1_n_0
    SLICE_X8Y57          CARRY4 (Prop_carry4_CI_CO[0])
                                                      0.254     3.037 f  vga_control/video_on2_inferred__0/i__carry__2/CO[0]
                         net (fo=20, routed)          1.735     4.771    vga_control/video_on2_inferred__0/i__carry__2_n_3
    SLICE_X8Y48          LUT3 (Prop_lut3_I1_O)        0.367     5.138 r  vga_control/vgaR_ext_port_OBUF_inst_i_1/O
                         net (fo=3, routed)           2.939     8.077    vgaB_ext_port_OBUF
    N19                  OBUF (Prop_obuf_I_O)         3.502    11.580 r  vgaR_ext_port_OBUF_inst/O
                         net (fo=0)                   0.000    11.580    vgaR_ext_port
    N19                                                               r  vgaR_ext_port (OUT)
  -------------------------------------------------------------------    -------------------

Slack:                    inf
  Source:                 vga_control/xcord_reg[6]/C
                            (rising edge-triggered cell FDRE)
  Destination:            vgaB_ext_port
                            (output port)
  Path Group:             (none)
  Path Type:              Max at Slow Process Corner
  Data Path Delay:        11.315ns  (logic 5.473ns (48.368%)  route 5.842ns (51.632%))
  Logic Levels:           8  (CARRY4=4 FDRE=1 LUT2=1 LUT3=1 OBUF=1)

    Location             Delay type                Incr(ns)  Path(ns)    Netlist Resource(s)
  -------------------------------------------------------------------    -------------------
    SLICE_X9Y51          FDRE                         0.000     0.000 r  vga_control/xcord_reg[6]/C
    SLICE_X9Y51          FDRE (Prop_fdre_C_Q)         0.456     0.456 r  vga_control/xcord_reg[6]/Q
                         net (fo=8, routed)           1.456     1.912    vga_control/xcord_reg_n_0_[6]
    SLICE_X8Y54          LUT2 (Prop_lut2_I0_O)        0.124     2.036 r  vga_control/i__carry_i_7/O
                         net (fo=1, routed)           0.000     2.036    vga_control/i__carry_i_7_n_0
    SLICE_X8Y54          CARRY4 (Prop_carry4_S[0]_CO[3])
                                                      0.513     2.549 r  vga_control/video_on2_inferred__0/i__carry/CO[3]
                         net (fo=1, routed)           0.000     2.549    vga_control/video_on2_inferred__0/i__carry_n_0
    SLICE_X8Y55          CARRY4 (Prop_carry4_CI_CO[3])
                                                      0.117     2.666 r  vga_control/video_on2_inferred__0/i__carry__0/CO[3]
                         net (fo=1, routed)           0.000     2.666    vga_control/video_on2_inferred__0/i__carry__0_n_0
    SLICE_X8Y56          CARRY4 (Prop_carry4_CI_CO[3])
                                                      0.117     2.783 r  vga_control/video_on2_inferred__0/i__carry__1/CO[3]
                         net (fo=1, routed)           0.000     2.783    vga_control/video_on2_inferred__0/i__carry__1_n_0
    SLICE_X8Y57          CARRY4 (Prop_carry4_CI_CO[0])
                                                      0.254     3.037 f  vga_control/video_on2_inferred__0/i__carry__2/CO[0]
                         net (fo=20, routed)          1.735     4.771    vga_control/video_on2_inferred__0/i__carry__2_n_3
    SLICE_X8Y48          LUT3 (Prop_lut3_I1_O)        0.367     5.138 r  vga_control/vgaR_ext_port_OBUF_inst_i_1/O
                         net (fo=3, routed)           2.652     7.790    vgaB_ext_port_OBUF
    J18                  OBUF (Prop_obuf_I_O)         3.525    11.315 r  vgaB_ext_port_OBUF_inst/O
                         net (fo=0)                   0.000    11.315    vgaB_ext_port
    J18                                                               r  vgaB_ext_port (OUT)
  -------------------------------------------------------------------    -------------------

Slack:                    inf
  Source:                 vga_control/xcord_reg[6]/C
                            (rising edge-triggered cell FDRE)
  Destination:            vgaG_ext_port
                            (output port)
  Path Group:             (none)
  Path Type:              Max at Slow Process Corner
  Data Path Delay:        10.621ns  (logic 5.478ns (51.580%)  route 5.143ns (48.420%))
  Logic Levels:           8  (CARRY4=4 FDRE=1 LUT2=1 LUT3=1 OBUF=1)

    Location             Delay type                Incr(ns)  Path(ns)    Netlist Resource(s)
  -------------------------------------------------------------------    -------------------
    SLICE_X9Y51          FDRE                         0.000     0.000 r  vga_control/xcord_reg[6]/C
    SLICE_X9Y51          FDRE (Prop_fdre_C_Q)         0.456     0.456 r  vga_control/xcord_reg[6]/Q
                         net (fo=8, routed)           1.456     1.912    vga_control/xcord_reg_n_0_[6]
    SLICE_X8Y54          LUT2 (Prop_lut2_I0_O)        0.124     2.036 r  vga_control/i__carry_i_7/O
                         net (fo=1, routed)           0.000     2.036    vga_control/i__carry_i_7_n_0
    SLICE_X8Y54          CARRY4 (Prop_carry4_S[0]_CO[3])
                                                      0.513     2.549 r  vga_control/video_on2_inferred__0/i__carry/CO[3]
                         net (fo=1, routed)           0.000     2.549    vga_control/video_on2_inferred__0/i__carry_n_0
    SLICE_X8Y55          CARRY4 (Prop_carry4_CI_CO[3])
                                                      0.117     2.666 r  vga_control/video_on2_inferred__0/i__carry__0/CO[3]
                         net (fo=1, routed)           0.000     2.666    vga_control/video_on2_inferred__0/i__carry__0_n_0
    SLICE_X8Y56          CARRY4 (Prop_carry4_CI_CO[3])
                                                      0.117     2.783 r  vga_control/video_on2_inferred__0/i__carry__1/CO[3]
                         net (fo=1, routed)           0.000     2.783    vga_control/video_on2_inferred__0/i__carry__1_n_0
    SLICE_X8Y57          CARRY4 (Prop_carry4_CI_CO[0])
                                                      0.254     3.037 f  vga_control/video_on2_inferred__0/i__carry__2/CO[0]
                         net (fo=20, routed)          1.735     4.771    vga_control/video_on2_inferred__0/i__carry__2_n_3
    SLICE_X8Y48          LUT3 (Prop_lut3_I1_O)        0.367     5.138 r  vga_control/vgaR_ext_port_OBUF_inst_i_1/O
                         net (fo=3, routed)           1.952     7.091    vgaB_ext_port_OBUF
    D17                  OBUF (Prop_obuf_I_O)         3.530    10.621 r  vgaG_ext_port_OBUF_inst/O
                         net (fo=0)                   0.000    10.621    vgaG_ext_port
    D17                                                               r  vgaG_ext_port (OUT)
  -------------------------------------------------------------------    -------------------

Slack:                    inf
  Source:                 vga_control/addr_port0/CLK
                            (rising edge-triggered cell DSP48E1)
  Destination:            <hidden>
  Path Group:             (none)
  Path Type:              Max at Slow Process Corner
  Data Path Delay:        8.065ns  (logic 4.512ns (55.945%)  route 3.553ns (44.055%))
  Logic Levels:           3  (DSP48E1=1 LUT3=2)

    Location             Delay type                Incr(ns)  Path(ns)    Netlist Resource(s)
  -------------------------------------------------------------------    -------------------
    DSP48_X0Y20          DSP48E1                      0.000     0.000 r  vga_control/addr_port0/CLK
    DSP48_X0Y20          DSP48E1 (Prop_dsp48e1_CLK_P[16])
                                                      4.009     4.009 r  vga_control/addr_port0/P[16]
                         net (fo=1, routed)           1.356     5.365    vga_control/addr_port0_n_89
    SLICE_X8Y48          LUT3 (Prop_lut3_I2_O)        0.146     5.511 r  vga_control/frame_buf_i_3/O
                         net (fo=7, routed)           0.837     6.348    <hidden>
    SLICE_X8Y47          LUT3 (Prop_lut3_I2_O)        0.357     6.705 r  <hidden>
                         net (fo=2, routed)           1.360     8.065    <hidden>
    RAMB36_X0Y5          RAMB36E1                                     r  <hidden>
  -------------------------------------------------------------------    -------------------

Slack:                    inf
  Source:                 vga_control/xcord_reg[6]/C
                            (rising edge-triggered cell FDRE)
  Destination:            <hidden>
  Path Group:             (none)
  Path Type:              Max at Slow Process Corner
  Data Path Delay:        7.869ns  (logic 1.948ns (24.755%)  route 5.921ns (75.245%))
  Logic Levels:           7  (CARRY4=4 FDRE=1 LUT2=1 LUT3=1)

    Location             Delay type                Incr(ns)  Path(ns)    Netlist Resource(s)
  -------------------------------------------------------------------    -------------------
    SLICE_X9Y51          FDRE                         0.000     0.000 r  vga_control/xcord_reg[6]/C
    SLICE_X9Y51          FDRE (Prop_fdre_C_Q)         0.456     0.456 r  vga_control/xcord_reg[6]/Q
                         net (fo=8, routed)           1.456     1.912    vga_control/xcord_reg_n_0_[6]
    SLICE_X8Y54          LUT2 (Prop_lut2_I0_O)        0.124     2.036 r  vga_control/i__carry_i_7/O
                         net (fo=1, routed)           0.000     2.036    vga_control/i__carry_i_7_n_0
    SLICE_X8Y54          CARRY4 (Prop_carry4_S[0]_CO[3])
                                                      0.513     2.549 r  vga_control/video_on2_inferred__0/i__carry/CO[3]
                         net (fo=1, routed)           0.000     2.549    vga_control/video_on2_inferred__0/i__carry_n_0
    SLICE_X8Y55          CARRY4 (Prop_carry4_CI_CO[3])
                                                      0.117     2.666 r  vga_control/video_on2_inferred__0/i__carry__0/CO[3]
                         net (fo=1, routed)           0.000     2.666    vga_control/video_on2_inferred__0/i__carry__0_n_0
    SLICE_X8Y56          CARRY4 (Prop_carry4_CI_CO[3])
                                                      0.117     2.783 r  vga_control/video_on2_inferred__0/i__carry__1/CO[3]
                         net (fo=1, routed)           0.000     2.783    vga_control/video_on2_inferred__0/i__carry__1_n_0
    SLICE_X8Y57          CARRY4 (Prop_carry4_CI_CO[0])
                                                      0.254     3.037 f  vga_control/video_on2_inferred__0/i__carry__2/CO[0]
                         net (fo=20, routed)          1.776     4.813    vga_control/video_on2_inferred__0/i__carry__2_n_3
    SLICE_X8Y50          LUT3 (Prop_lut3_I1_O)        0.367     5.180 r  vga_control/frame_buf_i_16/O
                         net (fo=10, routed)          2.689     7.869    <hidden>
    RAMB36_X0Y5          RAMB36E1                                     r  <hidden>
  -------------------------------------------------------------------    -------------------

Slack:                    inf
  Source:                 vga_control/addr_port0/CLK
                            (rising edge-triggered cell DSP48E1)
  Destination:            <hidden>
  Path Group:             (none)
  Path Type:              Max at Slow Process Corner
  Data Path Delay:        7.782ns  (logic 4.483ns (57.611%)  route 3.299ns (42.389%))
  Logic Levels:           3  (DSP48E1=1 LUT3=2)

    Location             Delay type                Incr(ns)  Path(ns)    Netlist Resource(s)
  -------------------------------------------------------------------    -------------------
    DSP48_X0Y20          DSP48E1                      0.000     0.000 r  vga_control/addr_port0/CLK
    DSP48_X0Y20          DSP48E1 (Prop_dsp48e1_CLK_P[16])
                                                      4.009     4.009 f  vga_control/addr_port0/P[16]
                         net (fo=1, routed)           1.356     5.365    vga_control/addr_port0_n_89
    SLICE_X8Y48          LUT3 (Prop_lut3_I2_O)        0.146     5.511 f  vga_control/frame_buf_i_3/O
                         net (fo=7, routed)           0.837     6.348    <hidden>
    SLICE_X8Y47          LUT3 (Prop_lut3_I0_O)        0.328     6.676 r  <hidden>
                         net (fo=2, routed)           1.106     7.782    <hidden>
    RAMB36_X0Y7          RAMB36E1                                     r  <hidden>
  -------------------------------------------------------------------    -------------------

Slack:                    inf
  Source:                 vga_control/xcord_reg[6]/C
                            (rising edge-triggered cell FDRE)
  Destination:            <hidden>
  Path Group:             (none)
  Path Type:              Max at Slow Process Corner
  Data Path Delay:        7.692ns  (logic 1.976ns (25.688%)  route 5.716ns (74.312%))
  Logic Levels:           7  (CARRY4=4 FDRE=1 LUT2=1 LUT3=1)

    Location             Delay type                Incr(ns)  Path(ns)    Netlist Resource(s)
  -------------------------------------------------------------------    -------------------
    SLICE_X9Y51          FDRE                         0.000     0.000 r  vga_control/xcord_reg[6]/C
    SLICE_X9Y51          FDRE (Prop_fdre_C_Q)         0.456     0.456 r  vga_control/xcord_reg[6]/Q
                         net (fo=8, routed)           1.456     1.912    vga_control/xcord_reg_n_0_[6]
    SLICE_X8Y54          LUT2 (Prop_lut2_I0_O)        0.124     2.036 r  vga_control/i__carry_i_7/O
                         net (fo=1, routed)           0.000     2.036    vga_control/i__carry_i_7_n_0
    SLICE_X8Y54          CARRY4 (Prop_carry4_S[0]_CO[3])
                                                      0.513     2.549 r  vga_control/video_on2_inferred__0/i__carry/CO[3]
                         net (fo=1, routed)           0.000     2.549    vga_control/video_on2_inferred__0/i__carry_n_0
    SLICE_X8Y55          CARRY4 (Prop_carry4_CI_CO[3])
                                                      0.117     2.666 r  vga_control/video_on2_inferred__0/i__carry__0/CO[3]
                         net (fo=1, routed)           0.000     2.666    vga_control/video_on2_inferred__0/i__carry__0_n_0
    SLICE_X8Y56          CARRY4 (Prop_carry4_CI_CO[3])
                                                      0.117     2.783 r  vga_control/video_on2_inferred__0/i__carry__1/CO[3]
                         net (fo=1, routed)           0.000     2.783    vga_control/video_on2_inferred__0/i__carry__1_n_0
    SLICE_X8Y57          CARRY4 (Prop_carry4_CI_CO[0])
                                                      0.254     3.037 f  vga_control/video_on2_inferred__0/i__carry__2/CO[0]
                         net (fo=20, routed)          1.768     4.805    vga_control/video_on2_inferred__0/i__carry__2_n_3
    SLICE_X8Y50          LUT3 (Prop_lut3_I1_O)        0.395     5.200 r  vga_control/frame_buf_i_19/O
                         net (fo=10, routed)          2.493     7.692    <hidden>
    RAMB36_X0Y5          RAMB36E1                                     r  <hidden>
  -------------------------------------------------------------------    -------------------

Slack:                    inf
  Source:                 vga_control/addr_port0/CLK
                            (rising edge-triggered cell DSP48E1)
  Destination:            <hidden>
  Path Group:             (none)
  Path Type:              Max at Slow Process Corner
  Data Path Delay:        7.652ns  (logic 4.155ns (54.302%)  route 3.497ns (45.698%))
  Logic Levels:           2  (DSP48E1=1 LUT3=1)

    Location             Delay type                Incr(ns)  Path(ns)    Netlist Resource(s)
  -------------------------------------------------------------------    -------------------
    DSP48_X0Y20          DSP48E1                      0.000     0.000 r  vga_control/addr_port0/CLK
    DSP48_X0Y20          DSP48E1 (Prop_dsp48e1_CLK_P[6])
                                                      4.009     4.009 r  vga_control/addr_port0/P[6]
                         net (fo=1, routed)           1.137     5.146    vga_control/addr_port0_n_99
    SLICE_X8Y51          LUT3 (Prop_lut3_I2_O)        0.146     5.292 r  vga_control/frame_buf_i_13/O
                         net (fo=10, routed)          2.360     7.652    <hidden>
    RAMB36_X0Y5          RAMB36E1                                     r  <hidden>
  -------------------------------------------------------------------    -------------------

Slack:                    inf
  Source:                 vga_control/addr_port0/CLK
                            (rising edge-triggered cell DSP48E1)
  Destination:            <hidden>
  Path Group:             (none)
  Path Type:              Max at Slow Process Corner
  Data Path Delay:        7.640ns  (logic 4.483ns (58.675%)  route 3.157ns (41.325%))
  Logic Levels:           3  (DSP48E1=1 LUT3=2)

    Location             Delay type                Incr(ns)  Path(ns)    Netlist Resource(s)
  -------------------------------------------------------------------    -------------------
    DSP48_X0Y20          DSP48E1                      0.000     0.000 r  vga_control/addr_port0/CLK
    DSP48_X0Y20          DSP48E1 (Prop_dsp48e1_CLK_P[16])
                                                      4.009     4.009 f  vga_control/addr_port0/P[16]
                         net (fo=1, routed)           1.356     5.365    vga_control/addr_port0_n_89
    SLICE_X8Y48          LUT3 (Prop_lut3_I2_O)        0.146     5.511 f  vga_control/frame_buf_i_3/O
                         net (fo=7, routed)           0.499     6.010    <hidden>
    SLICE_X8Y48          LUT3 (Prop_lut3_I0_O)        0.328     6.338 r  <hidden>
                         net (fo=2, routed)           1.303     7.640    <hidden>
    RAMB36_X0Y14         RAMB36E1                                     r  <hidden>
  -------------------------------------------------------------------    -------------------

Slack:                    inf
  Source:                 vga_control/addr_port0/CLK
                            (rising edge-triggered cell DSP48E1)
  Destination:            <hidden>
  Path Group:             (none)
  Path Type:              Max at Slow Process Corner
  Data Path Delay:        7.628ns  (logic 4.512ns (59.153%)  route 3.116ns (40.847%))
  Logic Levels:           3  (DSP48E1=1 LUT3=2)

    Location             Delay type                Incr(ns)  Path(ns)    Netlist Resource(s)
  -------------------------------------------------------------------    -------------------
    DSP48_X0Y20          DSP48E1                      0.000     0.000 r  vga_control/addr_port0/CLK
    DSP48_X0Y20          DSP48E1 (Prop_dsp48e1_CLK_P[16])
                                                      4.009     4.009 r  vga_control/addr_port0/P[16]
                         net (fo=1, routed)           1.356     5.365    vga_control/addr_port0_n_89
    SLICE_X8Y48          LUT3 (Prop_lut3_I2_O)        0.146     5.511 r  vga_control/frame_buf_i_3/O
                         net (fo=7, routed)           0.837     6.348    <hidden>
    SLICE_X8Y47          LUT3 (Prop_lut3_I2_O)        0.357     6.705 r  <hidden>
                         net (fo=2, routed)           0.923     7.628    <hidden>
    RAMB36_X0Y6          RAMB36E1                                     r  <hidden>
  -------------------------------------------------------------------    -------------------





Min Delay Paths
--------------------------------------------------------------------------------------
Slack:                    inf
  Source:                 <hidden>
                            (rising edge-triggered cell FDRE)
  Destination:            <hidden>
  Path Group:             (none)
  Path Type:              Min at Fast Process Corner
  Data Path Delay:        0.283ns  (logic 0.164ns (57.942%)  route 0.119ns (42.058%))
  Logic Levels:           1  (FDRE=1)

    Location             Delay type                Incr(ns)  Path(ns)    Netlist Resource(s)
  -------------------------------------------------------------------    -------------------
    SLICE_X8Y48          FDRE                         0.000     0.000 r  <hidden>
    SLICE_X8Y48          FDRE (Prop_fdre_C_Q)         0.164     0.164 r  <hidden>
                         net (fo=2, routed)           0.119     0.283    <hidden>
    SLICE_X9Y47          FDRE                                         r  <hidden>
  -------------------------------------------------------------------    -------------------

Slack:                    inf
  Source:                 <hidden>
                            (rising edge-triggered cell FDRE)
  Destination:            <hidden>
  Path Group:             (none)
  Path Type:              Min at Fast Process Corner
  Data Path Delay:        0.295ns  (logic 0.164ns (55.560%)  route 0.131ns (44.440%))
  Logic Levels:           1  (FDRE=1)

    Location             Delay type                Incr(ns)  Path(ns)    Netlist Resource(s)
  -------------------------------------------------------------------    -------------------
    SLICE_X8Y47          FDRE                         0.000     0.000 r  <hidden>
    SLICE_X8Y47          FDRE (Prop_fdre_C_Q)         0.164     0.164 r  <hidden>
                         net (fo=7, routed)           0.131     0.295    <hidden>
    SLICE_X8Y46          FDRE                                         r  <hidden>
  -------------------------------------------------------------------    -------------------

Slack:                    inf
  Source:                 <hidden>
                            (rising edge-triggered cell FDRE)
  Destination:            <hidden>
  Path Group:             (none)
  Path Type:              Min at Fast Process Corner
  Data Path Delay:        0.309ns  (logic 0.164ns (53.026%)  route 0.145ns (46.974%))
  Logic Levels:           1  (FDRE=1)

    Location             Delay type                Incr(ns)  Path(ns)    Netlist Resource(s)
  -------------------------------------------------------------------    -------------------
    SLICE_X8Y47          FDRE                         0.000     0.000 r  <hidden>
    SLICE_X8Y47          FDRE (Prop_fdre_C_Q)         0.164     0.164 r  <hidden>
                         net (fo=7, routed)           0.145     0.309    <hidden>
    SLICE_X8Y46          FDRE                                         r  <hidden>
  -------------------------------------------------------------------    -------------------

Slack:                    inf
  Source:                 <hidden>
                            (rising edge-triggered cell FDRE)
  Destination:            <hidden>
  Path Group:             (none)
  Path Type:              Min at Fast Process Corner
  Data Path Delay:        0.319ns  (logic 0.164ns (51.408%)  route 0.155ns (48.592%))
  Logic Levels:           1  (FDRE=1)

    Location             Delay type                Incr(ns)  Path(ns)    Netlist Resource(s)
  -------------------------------------------------------------------    -------------------
    SLICE_X8Y47          FDRE                         0.000     0.000 r  <hidden>
    SLICE_X8Y47          FDRE (Prop_fdre_C_Q)         0.164     0.164 r  <hidden>
                         net (fo=3, routed)           0.155     0.319    <hidden>
    SLICE_X8Y46          FDRE                                         r  <hidden>
  -------------------------------------------------------------------    -------------------

Slack:                    inf
  Source:                 <hidden>
                            (rising edge-triggered cell FDRE)
  Destination:            <hidden>
  Path Group:             (none)
  Path Type:              Min at Fast Process Corner
  Data Path Delay:        0.364ns  (logic 0.164ns (45.093%)  route 0.200ns (54.907%))
  Logic Levels:           1  (FDRE=1)

    Location             Delay type                Incr(ns)  Path(ns)    Netlist Resource(s)
  -------------------------------------------------------------------    -------------------
    SLICE_X8Y47          FDRE                         0.000     0.000 r  <hidden>
    SLICE_X8Y47          FDRE (Prop_fdre_C_Q)         0.164     0.164 r  <hidden>
                         net (fo=6, routed)           0.200     0.364    <hidden>
    SLICE_X8Y46          FDRE                                         r  <hidden>
  -------------------------------------------------------------------    -------------------

Slack:                    inf
  Source:                 vga_control/xcord_reg[5]/C
                            (rising edge-triggered cell FDRE)
  Destination:            vga_control/xcord_reg[5]/D
  Path Group:             (none)
  Path Type:              Min at Fast Process Corner
  Data Path Delay:        0.373ns  (logic 0.256ns (68.565%)  route 0.117ns (31.435%))
  Logic Levels:           2  (CARRY4=1 FDRE=1)

    Location             Delay type                Incr(ns)  Path(ns)    Netlist Resource(s)
  -------------------------------------------------------------------    -------------------
    SLICE_X9Y51          FDRE                         0.000     0.000 r  vga_control/xcord_reg[5]/C
    SLICE_X9Y51          FDRE (Prop_fdre_C_Q)         0.141     0.141 r  vga_control/xcord_reg[5]/Q
                         net (fo=7, routed)           0.117     0.258    vga_control/xcord_reg_n_0_[5]
    SLICE_X9Y51          CARRY4 (Prop_carry4_S[0]_O[0])
                                                      0.115     0.373 r  vga_control/xcord_reg[8]_i_1/O[0]
                         net (fo=2, routed)           0.000     0.373    vga_control/data0[5]
    SLICE_X9Y51          FDRE                                         r  vga_control/xcord_reg[5]/D
  -------------------------------------------------------------------    -------------------

Slack:                    inf
  Source:                 vga_control/xcord_reg[9]/C
                            (rising edge-triggered cell FDRE)
  Destination:            vga_control/xcord_reg[9]/D
  Path Group:             (none)
  Path Type:              Min at Fast Process Corner
  Data Path Delay:        0.373ns  (logic 0.256ns (68.565%)  route 0.117ns (31.435%))
  Logic Levels:           2  (CARRY4=1 FDRE=1)

    Location             Delay type                Incr(ns)  Path(ns)    Netlist Resource(s)
  -------------------------------------------------------------------    -------------------
    SLICE_X9Y52          FDRE                         0.000     0.000 r  vga_control/xcord_reg[9]/C
    SLICE_X9Y52          FDRE (Prop_fdre_C_Q)         0.141     0.141 r  vga_control/xcord_reg[9]/Q
                         net (fo=8, routed)           0.117     0.258    vga_control/xcord_reg_n_0_[9]
    SLICE_X9Y52          CARRY4 (Prop_carry4_S[0]_O[0])
                                                      0.115     0.373 r  vga_control/xcord_reg[12]_i_1/O[0]
                         net (fo=2, routed)           0.000     0.373    vga_control/data0[9]
    SLICE_X9Y52          FDRE                                         r  vga_control/xcord_reg[9]/D
  -------------------------------------------------------------------    -------------------

Slack:                    inf
  Source:                 vga_control/xcord_reg[15]/C
                            (rising edge-triggered cell FDRE)
  Destination:            vga_control/xcord_reg[15]/D
  Path Group:             (none)
  Path Type:              Min at Fast Process Corner
  Data Path Delay:        0.374ns  (logic 0.252ns (67.467%)  route 0.122ns (32.533%))
  Logic Levels:           2  (CARRY4=1 FDRE=1)

    Location             Delay type                Incr(ns)  Path(ns)    Netlist Resource(s)
  -------------------------------------------------------------------    -------------------
    SLICE_X9Y53          FDRE                         0.000     0.000 r  vga_control/xcord_reg[15]/C
    SLICE_X9Y53          FDRE (Prop_fdre_C_Q)         0.141     0.141 r  vga_control/xcord_reg[15]/Q
                         net (fo=8, routed)           0.122     0.263    vga_control/xcord_reg_n_0_[15]
    SLICE_X9Y53          CARRY4 (Prop_carry4_S[2]_O[2])
                                                      0.111     0.374 r  vga_control/xcord_reg[16]_i_1/O[2]
                         net (fo=2, routed)           0.000     0.374    vga_control/data0[15]
    SLICE_X9Y53          FDRE                                         r  vga_control/xcord_reg[15]/D
  -------------------------------------------------------------------    -------------------

Slack:                    inf
  Source:                 vga_control/xcord_reg[20]/C
                            (rising edge-triggered cell FDRE)
  Destination:            vga_control/xcord_reg[20]/D
  Path Group:             (none)
  Path Type:              Min at Fast Process Corner
  Data Path Delay:        0.381ns  (logic 0.249ns (65.279%)  route 0.132ns (34.721%))
  Logic Levels:           2  (CARRY4=1 FDRE=1)

    Location             Delay type                Incr(ns)  Path(ns)    Netlist Resource(s)
  -------------------------------------------------------------------    -------------------
    SLICE_X9Y54          FDRE                         0.000     0.000 r  vga_control/xcord_reg[20]/C
    SLICE_X9Y54          FDRE (Prop_fdre_C_Q)         0.141     0.141 r  vga_control/xcord_reg[20]/Q
                         net (fo=7, routed)           0.132     0.273    vga_control/xcord_reg_n_0_[20]
    SLICE_X9Y54          CARRY4 (Prop_carry4_S[3]_O[3])
                                                      0.108     0.381 r  vga_control/xcord_reg[20]_i_1/O[3]
                         net (fo=1, routed)           0.000     0.381    vga_control/data0[20]
    SLICE_X9Y54          FDRE                                         r  vga_control/xcord_reg[20]/D
  -------------------------------------------------------------------    -------------------

Slack:                    inf
  Source:                 vga_control/xcord_reg[4]/C
                            (rising edge-triggered cell FDRE)
  Destination:            vga_control/xcord_reg[4]/D
  Path Group:             (none)
  Path Type:              Min at Fast Process Corner
  Data Path Delay:        0.382ns  (logic 0.249ns (65.268%)  route 0.133ns (34.732%))
  Logic Levels:           2  (CARRY4=1 FDRE=1)

    Location             Delay type                Incr(ns)  Path(ns)    Netlist Resource(s)
  -------------------------------------------------------------------    -------------------
    SLICE_X9Y50          FDRE                         0.000     0.000 r  vga_control/xcord_reg[4]/C
    SLICE_X9Y50          FDRE (Prop_fdre_C_Q)         0.141     0.141 r  vga_control/xcord_reg[4]/Q
                         net (fo=5, routed)           0.133     0.274    vga_control/xcord_reg_n_0_[4]
    SLICE_X9Y50          CARRY4 (Prop_carry4_S[3]_O[3])
                                                      0.108     0.382 r  vga_control/xcord_reg[4]_i_1/O[3]
                         net (fo=2, routed)           0.000     0.382    vga_control/data0[4]
    SLICE_X9Y50          FDRE                                         r  vga_control/xcord_reg[4]/D
  -------------------------------------------------------------------    -------------------





