Time resolution is 1 ps
 Block Memory Generator module loading initial data...
 Block Memory Generator data initialization complete.
Block Memory Generator module top_shell_tb.uut.frame_buf.inst.native_mem_module.blk_mem_gen_v8_4_10_inst is using a behavioral model for simulation which will not precisely model memory collision behavior.
blk_mem_gen_v8_4_10 WARNING: Address 4b000 is outside range for A Read
blk_mem_gen_v8_4_10 WARNING: Address 4b001 is outside range for A Read
blk_mem_gen_v8_4_10 WARNING: Address 4b002 is outside range for A Read
blk_mem_gen_v8_4_10 WARNING: Address 4b003 is outside range for A Read
blk_mem_gen_v8_4_10 WARNING: Address 4b004 is outside range for A Read
blk_mem_gen_v8_4_10 WARNING: Address 4b005 is outside range for A Read
blk_mem_gen_v8_4_10 WARNING: Address 4b006 is outside range for A Read
blk_mem_gen_v8_4_10 WARNING: Address 4b007 is outside range for A Read
blk_mem_gen_v8_4_10 WARNING: Address 4b008 is outside range for A Read
blk_mem_gen_v8_4_10 WARNING: Address 4b009 is outside range for A Read
blk_mem_gen_v8_4_10 WARNING: Address 4b00a is outside range for A Read
blk_mem_gen_v8_4_10 WARNING: Address 4b00b is outside range for A Read
blk_mem_gen_v8_4_10 WARNING: Address 4b00c is outside range for A Read
blk_mem_gen_v8_4_10 WARNING: Address 4b00d is outside range for A Read
blk_mem_gen_v8_4_10 WARNING: Address 4b00e is outside range for A Read
blk_mem_gen_v8_4_10 WARNING: Address 4b00f is outside range for A Read
blk_mem_gen_v8_4_10 WARNING: Address 4b010 is outside range for A Read
blk_mem_gen_v8_4_10 WARNING: Address 4b011 is outside range for A Read
blk_mem_gen_v8_4_10 WARNING: Address 4b012 is outside range for A Read
blk_mem_gen_v8_4_10 WARNING: Address 4b013 is outside range for A Read
blk_mem_gen_v8_4_10 WARNING: Address 4b014 is outside range for A Read
blk_mem_gen_v8_4_10 WARNING: Address 4b015 is outside range for A Read
blk_mem_gen_v8_4_10 WARNING: Address 4b016 is outside range for A Read
blk_mem_gen_v8_4_10 WARNING: Address 4b017 is outside range for A Read
blk_mem_gen_v8_4_10 WARNING: Address 4b018 is outside range for A Read
blk_mem_gen_v8_4_10 WARNING: Address 4b019 is outside range for A Read
blk_mem_gen_v8_4_10 WARNING: Address 4b01a is outside range for A Read
blk_mem_gen_v8_4_10 WARNING: Address 4b01b is outside range for A Read
blk_mem_gen_v8_4_10 WARNING: Address 4b01c is outside range for A Read
blk_mem_gen_v8_4_10 WARNING: Address 4b01d is outside range for A Read
blk_mem_gen_v8_4_10 WARNING: Address 4b01e is outside range for A Read
blk_mem_gen_v8_4_10 WARNING: Address 4b01f is outside range for A Read
blk_mem_gen_v8_4_10 WARNING: Address 4b020 is outside range for A Read
blk_mem_gen_v8_4_10 WARNING: Address 4b021 is outside range for A Read
blk_mem_gen_v8_4_10 WARNING: Address 4b022 is outside range for A Read
blk_mem_gen_v8_4_10 WARNING: Address 4b023 is outside range for A Read
blk_mem_gen_v8_4_10 WARNING: Address 4b024 is outside range for A Read
blk_mem_gen_v8_4_10 WARNING: Address 4b025 is outside range for A Read
blk_mem_gen_v8_4_10 WARNING: Address 4b026 is outside range for A Read
blk_mem_gen_v8_4_10 WARNING: Address 4b027 is outside range for A Read
blk_mem_gen_v8_4_10 WARNING: Address 4b028 is outside range for A Read
blk_mem_gen_v8_4_10 WARNING: Address 4b029 is outside range for A Read
blk_mem_gen_v8_4_10 WARNING: Address 4b02a is outside range for A Read
blk_mem_gen_v8_4_10 WARNING: Address 4b02b is outside range for A Read
blk_mem_gen_v8_4_10 WARNING: Address 4b02c is outside range for A Read
blk_mem_gen_v8_4_10 WARNING: Address 4b02d is outside range for A Read
blk_mem_gen_v8_4_10 WARNING: Address 4b02e is outside range for A Read
blk_mem_gen_v8_4_10 WARNING: Address 4b02f is outside range for A Read
blk_mem_gen_v8_4_10 WARNING: Address 4b030 is outside range for A Read
blk_mem_gen_v8_4_10 WARNING: Address 4b031 is outside range for A Read
blk_mem_gen_v8_4_10 WARNING: Address 4b032 is outside range for A Read
blk_mem_gen_v8_4_10 WARNING: Address 4b033 is outside range for A Read
blk_mem_gen_v8_4_10 WARNING: Address 4b034 is outside range for A Read
blk_mem_gen_v8_4_10 WARNING: Address 4b035 is outside range for A Read
blk_mem_gen_v8_4_10 WARNING: Address 4b036 is outside range for A Read
blk_mem_gen_v8_4_10 WARNING: Address 4b037 is outside range for A Read
blk_mem_gen_v8_4_10 WARNING: Address 4b038 is outside range for A Read
blk_mem_gen_v8_4_10 WARNING: Address 4b039 is outside range for A Read
blk_mem_gen_v8_4_10 WARNING: Address 4b03a is outside range for A Read
blk_mem_gen_v8_4_10 WARNING: Address 4b03b is outside range for A Read
blk_mem_gen_v8_4_10 WARNING: Address 4b03c is outside range for A Read
blk_mem_gen_v8_4_10 WARNING: Address 4b03d is outside range for A Read
blk_mem_gen_v8_4_10 WARNING: Address 4b03e is outside range for A Read
blk_mem_gen_v8_4_10 WARNING: Address 4b03f is outside range for A Read
blk_mem_gen_v8_4_10 WARNING: Address 4b040 is outside range for A Read
blk_mem_gen_v8_4_10 WARNING: Address 4b041 is outside range for A Read
blk_mem_gen_v8_4_10 WARNING: Address 4b042 is outside range for A Read
blk_mem_gen_v8_4_10 WARNING: Address 4b043 is outside range for A Read
blk_mem_gen_v8_4_10 WARNING: Address 4b044 is outside range for A Read
blk_mem_gen_v8_4_10 WARNING: Address 4b045 is outside range for A Read
blk_mem_gen_v8_4_10 WARNING: Address 4b046 is outside range for A Read
blk_mem_gen_v8_4_10 WARNING: Address 4b047 is outside range for A Read
blk_mem_gen_v8_4_10 WARNING: Address 4b048 is outside range for A Read
blk_mem_gen_v8_4_10 WARNING: Address 4b049 is outside range for A Read
blk_mem_gen_v8_4_10 WARNING: Address 4b04a is outside range for A Read
blk_mem_gen_v8_4_10 WARNING: Address 4b04b is outside range for A Read
blk_mem_gen_v8_4_10 WARNING: Address 4b04c is outside range for A Read
blk_mem_gen_v8_4_10 WARNING: Address 4b04d is outside range for A Read
blk_mem_gen_v8_4_10 WARNING: Address 4b04e is outside range for A Read
blk_mem_gen_v8_4_10 WARNING: Address 4b04f is outside range for A Read
blk_mem_gen_v8_4_10 WARNING: Address 4b050 is outside range for A Read
blk_mem_gen_v8_4_10 WARNING: Address 4b051 is outside range for A Read
blk_mem_gen_v8_4_10 WARNING: Address 4b052 is outside range for A Read
blk_mem_gen_v8_4_10 WARNING: Address 4b053 is outside range for A Read
blk_mem_gen_v8_4_10 WARNING: Address 4b054 is outside range for A Read
blk_mem_gen_v8_4_10 WARNING: Address 4b055 is outside range for A Read
blk_mem_gen_v8_4_10 WARNING: Address 4b056 is outside range for A Read
blk_mem_gen_v8_4_10 WARNING: Address 4b057 is outside range for A Read
blk_mem_gen_v8_4_10 WARNING: Address 4b058 is outside range for A Read
blk_mem_gen_v8_4_10 WARNING: Address 4b059 is outside range for A Read
blk_mem_gen_v8_4_10 WARNING: Address 4b05a is outside range for A Read
blk_mem_gen_v8_4_10 WARNING: Address 4b05b is outside range for A Read
blk_mem_gen_v8_4_10 WARNING: Address 4b05c is outside range for A Read
blk_mem_gen_v8_4_10 WARNING: Address 4b05d is outside range for A Read
blk_mem_gen_v8_4_10 WARNING: Address 4b05e is outside range for A Read
blk_mem_gen_v8_4_10 WARNING: Address 4b05f is outside range for A Read
blk_mem_gen_v8_4_10 WARNING: Address 4b060 is outside range for A Read
blk_mem_gen_v8_4_10 WARNING: Address 4b061 is outside range for A Read
blk_mem_gen_v8_4_10 WARNING: Address 4b062 is outside range for A Read
blk_mem_gen_v8_4_10 WARNING: Address 4b063 is outside range for A Read
blk_mem_gen_v8_4_10 WARNING: Address 4b064 is outside range for A Read
blk_mem_gen_v8_4_10 WARNING: Address 4b065 is outside range for A Read
blk_mem_gen_v8_4_10 WARNING: Address 4b066 is outside range for A Read
blk_mem_gen_v8_4_10 WARNING: Address 4b067 is outside range for A Read
blk_mem_gen_v8_4_10 WARNING: Address 4b068 is outside range for A Read
blk_mem_gen_v8_4_10 WARNING: Address 4b069 is outside range for A Read
blk_mem_gen_v8_4_10 WARNING: Address 4b06a is outside range for A Read
blk_mem_gen_v8_4_10 WARNING: Address 4b06b is outside range for A Read
blk_mem_gen_v8_4_10 WARNING: Address 4b06c is outside range for A Read
blk_mem_gen_v8_4_10 WARNING: Address 4b06d is outside range for A Read
blk_mem_gen_v8_4_10 WARNING: Address 4b06e is outside range for A Read
blk_mem_gen_v8_4_10 WARNING: Address 4b06f is outside range for A Read
blk_mem_gen_v8_4_10 WARNING: Address 4b070 is outside range for A Read
blk_mem_gen_v8_4_10 WARNING: Address 4b071 is outside range for A Read
blk_mem_gen_v8_4_10 WARNING: Address 4b072 is outside range for A Read
blk_mem_gen_v8_4_10 WARNING: Address 4b073 is outside range for A Read
blk_mem_gen_v8_4_10 WARNING: Address 4b074 is outside range for A Read
blk_mem_gen_v8_4_10 WARNING: Address 4b075 is outside range for A Read
blk_mem_gen_v8_4_10 WARNING: Address 4b076 is outside range for A Read
blk_mem_gen_v8_4_10 WARNING: Address 4b077 is outside range for A Read
blk_mem_gen_v8_4_10 WARNING: Address 4b078 is outside range for A Read
blk_mem_gen_v8_4_10 WARNING: Address 4b079 is outside range for A Read
blk_mem_gen_v8_4_10 WARNING: Address 4b07a is outside range for A Read
blk_mem_gen_v8_4_10 WARNING: Address 4b07b is outside range for A Read
blk_mem_gen_v8_4_10 WARNING: Address 4b07c is outside range for A Read
blk_mem_gen_v8_4_10 WARNING: Address 4b07d is outside range for A Read
blk_mem_gen_v8_4_10 WARNING: Address 4b07e is outside range for A Read
blk_mem_gen_v8_4_10 WARNING: Address 4b07f is outside range for A Read
blk_mem_gen_v8_4_10 WARNING: Address 4b080 is outside range for A Read
blk_mem_gen_v8_4_10 WARNING: Address 4b081 is outside range for A Read
blk_mem_gen_v8_4_10 WARNING: Address 4b082 is outside range for A Read
blk_mem_gen_v8_4_10 WARNING: Address 4b083 is outside range for A Read
blk_mem_gen_v8_4_10 WARNING: Address 4b084 is outside range for A Read
blk_mem_gen_v8_4_10 WARNING: Address 4b085 is outside range for A Read
blk_mem_gen_v8_4_10 WARNING: Address 4b086 is outside range for A Read
blk_mem_gen_v8_4_10 WARNING: Address 4b087 is outside range for A Read
blk_mem_gen_v8_4_10 WARNING: Address 4b088 is outside range for A Read
blk_mem_gen_v8_4_10 WARNING: Address 4b089 is outside range for A Read
blk_mem_gen_v8_4_10 WARNING: Address 4b08a is outside range for A Read
blk_mem_gen_v8_4_10 WARNING: Address 4b08b is outside range for A Read
blk_mem_gen_v8_4_10 WARNING: Address 4b08c is outside range for A Read
blk_mem_gen_v8_4_10 WARNING: Address 4b08d is outside range for A Read
blk_mem_gen_v8_4_10 WARNING: Address 4b08e is outside range for A Read
blk_mem_gen_v8_4_10 WARNING: Address 4b08f is outside range for A Read
blk_mem_gen_v8_4_10 WARNING: Address 4b090 is outside range for A Read
blk_mem_gen_v8_4_10 WARNING: Address 4b091 is outside range for A Read
blk_mem_gen_v8_4_10 WARNING: Address 4b092 is outside range for A Read
blk_mem_gen_v8_4_10 WARNING: Address 4b093 is outside range for A Read
blk_mem_gen_v8_4_10 WARNING: Address 4b094 is outside range for A Read
blk_mem_gen_v8_4_10 WARNING: Address 4b095 is outside range for A Read
blk_mem_gen_v8_4_10 WARNING: Address 4b096 is outside range for A Read
blk_mem_gen_v8_4_10 WARNING: Address 4b097 is outside range for A Read
blk_mem_gen_v8_4_10 WARNING: Address 4b098 is outside range for A Read
blk_mem_gen_v8_4_10 WARNING: Address 4b099 is outside range for A Read
blk_mem_gen_v8_4_10 WARNING: Address 4b09a is outside range for A Read
blk_mem_gen_v8_4_10 WARNING: Address 4b09b is outside range for A Read
blk_mem_gen_v8_4_10 WARNING: Address 4b09c is outside range for A Read
blk_mem_gen_v8_4_10 WARNING: Address 4b09d is outside range for A Read
blk_mem_gen_v8_4_10 WARNING: Address 4b09e is outside range for A Read
blk_mem_gen_v8_4_10 WARNING: Address 4b09f is outside range for A Read
blk_mem_gen_v8_4_10 WARNING: Address 51e00 is outside range for A Read
blk_mem_gen_v8_4_10 WARNING: Address 51e01 is outside range for A Read
blk_mem_gen_v8_4_10 WARNING: Address 51e02 is outside range for A Read
blk_mem_gen_v8_4_10 WARNING: Address 51e03 is outside range for A Read
blk_mem_gen_v8_4_10 WARNING: Address 51e04 is outside range for A Read
blk_mem_gen_v8_4_10 WARNING: Address 51e05 is outside range for A Read
blk_mem_gen_v8_4_10 WARNING: Address 51e06 is outside range for A Read
blk_mem_gen_v8_4_10 WARNING: Address 51e07 is outside range for A Read
blk_mem_gen_v8_4_10 WARNING: Address 51e08 is outside range for A Read
blk_mem_gen_v8_4_10 WARNING: Address 51e09 is outside range for A Read
blk_mem_gen_v8_4_10 WARNING: Address 51e0a is outside range for A Read
blk_mem_gen_v8_4_10 WARNING: Address 51e0b is outside range for A Read
blk_mem_gen_v8_4_10 WARNING: Address 51e0c is outside range for A Read
blk_mem_gen_v8_4_10 WARNING: Address 51e0d is outside range for A Read
blk_mem_gen_v8_4_10 WARNING: Address 51e0e is outside range for A Read
blk_mem_gen_v8_4_10 WARNING: Address 51e0f is outside range for A Read
blk_mem_gen_v8_4_10 WARNING: Address 51e10 is outside range for A Read
blk_mem_gen_v8_4_10 WARNING: Address 51e11 is outside range for A Read
blk_mem_gen_v8_4_10 WARNING: Address 51e12 is outside range for A Read
blk_mem_gen_v8_4_10 WARNING: Address 51e13 is outside range for A Read
blk_mem_gen_v8_4_10 WARNING: Address 51e14 is outside range for A Read
blk_mem_gen_v8_4_10 WARNING: Address 51e15 is outside range for A Read
blk_mem_gen_v8_4_10 WARNING: Address 51e16 is outside range for A Read
blk_mem_gen_v8_4_10 WARNING: Address 51e17 is outside range for A Read
blk_mem_gen_v8_4_10 WARNING: Address 51e18 is outside range for A Read
blk_mem_gen_v8_4_10 WARNING: Address 51e19 is outside range for A Read
blk_mem_gen_v8_4_10 WARNING: Address 51e1a is outside range for A Read
blk_mem_gen_v8_4_10 WARNING: Address 51e1b is outside range for A Read
blk_mem_gen_v8_4_10 WARNING: Address 51e1c is outside range for A Read
blk_mem_gen_v8_4_10 WARNING: Address 51e1d is outside range for A Read
blk_mem_gen_v8_4_10 WARNING: Address 51e1e is outside range for A Read
blk_mem_gen_v8_4_10 WARNING: Address 51e1f is outside range for A Read
blk_mem_gen_v8_4_10 WARNING: Address 51e20 is outside range for A Read
blk_mem_gen_v8_4_10 WARNING: Address 51e21 is outside range for A Read
blk_mem_gen_v8_4_10 WARNING: Address 51e22 is outside range for A Read
blk_mem_gen_v8_4_10 WARNING: Address 51e23 is outside range for A Read
blk_mem_gen_v8_4_10 WARNING: Address 51e24 is outside range for A Read
blk_mem_gen_v8_4_10 WARNING: Address 51e25 is outside range for A Read
blk_mem_gen_v8_4_10 WARNING: Address 51e26 is outside range for A Read
blk_mem_gen_v8_4_10 WARNING: Address 51e27 is outside range for A Read
blk_mem_gen_v8_4_10 WARNING: Address 51e28 is outside range for A Read
blk_mem_gen_v8_4_10 WARNING: Address 51e29 is outside range for A Read
blk_mem_gen_v8_4_10 WARNING: Address 51e2a is outside range for A Read
blk_mem_gen_v8_4_10 WARNING: Address 51e2b is outside range for A Read
blk_mem_gen_v8_4_10 WARNING: Address 51e2c is outside range for A Read
blk_mem_gen_v8_4_10 WARNING: Address 51e2d is outside range for A Read
blk_mem_gen_v8_4_10 WARNING: Address 51e2e is outside range for A Read
blk_mem_gen_v8_4_10 WARNING: Address 51e2f is outside range for A Read
blk_mem_gen_v8_4_10 WARNING: Address 51e30 is outside range for A Read
blk_mem_gen_v8_4_10 WARNING: Address 51e31 is outside range for A Read
blk_mem_gen_v8_4_10 WARNING: Address 51e32 is outside range for A Read
blk_mem_gen_v8_4_10 WARNING: Address 51e33 is outside range for A Read
blk_mem_gen_v8_4_10 WARNING: Address 51e34 is outside range for A Read
blk_mem_gen_v8_4_10 WARNING: Address 51e35 is outside range for A Read
blk_mem_gen_v8_4_10 WARNING: Address 51e36 is outside range for A Read
blk_mem_gen_v8_4_10 WARNING: Address 51e37 is outside range for A Read
blk_mem_gen_v8_4_10 WARNING: Address 51e38 is outside range for A Read
blk_mem_gen_v8_4_10 WARNING: Address 51e39 is outside range for A Read
blk_mem_gen_v8_4_10 WARNING: Address 51e3a is outside range for A Read
blk_mem_gen_v8_4_10 WARNING: Address 51e3b is outside range for A Read
blk_mem_gen_v8_4_10 WARNING: Address 51e3c is outside range for A Read
blk_mem_gen_v8_4_10 WARNING: Address 51e3d is outside range for A Read
blk_mem_gen_v8_4_10 WARNING: Address 51e3e is outside range for A Read
blk_mem_gen_v8_4_10 WARNING: Address 51e3f is outside range for A Read
blk_mem_gen_v8_4_10 WARNING: Address 51e40 is outside range for A Read
blk_mem_gen_v8_4_10 WARNING: Address 51e41 is outside range for A Read
blk_mem_gen_v8_4_10 WARNING: Address 51e42 is outside range for A Read
blk_mem_gen_v8_4_10 WARNING: Address 51e43 is outside range for A Read
blk_mem_gen_v8_4_10 WARNING: Address 51e44 is outside range for A Read
blk_mem_gen_v8_4_10 WARNING: Address 51e45 is outside range for A Read
blk_mem_gen_v8_4_10 WARNING: Address 51e46 is outside range for A Read
blk_mem_gen_v8_4_10 WARNING: Address 51e47 is outside range for A Read
blk_mem_gen_v8_4_10 WARNING: Address 51e48 is outside range for A Read
blk_mem_gen_v8_4_10 WARNING: Address 51e49 is outside range for A Read
blk_mem_gen_v8_4_10 WARNING: Address 51e4a is outside range for A Read
blk_mem_gen_v8_4_10 WARNING: Address 51e4b is outside range for A Read
blk_mem_gen_v8_4_10 WARNING: Address 51e4c is outside range for A Read
blk_mem_gen_v8_4_10 WARNING: Address 51e4d is outside range for A Read
blk_mem_gen_v8_4_10 WARNING: Address 51e4e is outside range for A Read
blk_mem_gen_v8_4_10 WARNING: Address 51e4f is outside range for A Read
blk_mem_gen_v8_4_10 WARNING: Address 51e50 is outside range for A Read
blk_mem_gen_v8_4_10 WARNING: Address 51e51 is outside range for A Read
blk_mem_gen_v8_4_10 WARNING: Address 51e52 is outside range for A Read
blk_mem_gen_v8_4_10 WARNING: Address 51e53 is outside range for A Read
blk_mem_gen_v8_4_10 WARNING: Address 51e54 is outside range for A Read
blk_mem_gen_v8_4_10 WARNING: Address 51e55 is outside range for A Read
blk_mem_gen_v8_4_10 WARNING: Address 51e56 is outside range for A Read
blk_mem_gen_v8_4_10 WARNING: Address 51e57 is outside range for A Read
blk_mem_gen_v8_4_10 WARNING: Address 51e58 is outside range for A Read
blk_mem_gen_v8_4_10 WARNING: Address 51e59 is outside range for A Read
blk_mem_gen_v8_4_10 WARNING: Address 51e5a is outside range for A Read
blk_mem_gen_v8_4_10 WARNING: Address 51e5b is outside range for A Read
blk_mem_gen_v8_4_10 WARNING: Address 51e5c is outside range for A Read
blk_mem_gen_v8_4_10 WARNING: Address 51e5d is outside range for A Read
blk_mem_gen_v8_4_10 WARNING: Address 51e5e is outside range for A Read
blk_mem_gen_v8_4_10 WARNING: Address 51e5f is outside range for A Read
blk_mem_gen_v8_4_10 WARNING: Address 51e60 is outside range for A Read
blk_mem_gen_v8_4_10 WARNING: Address 51e61 is outside range for A Read
blk_mem_gen_v8_4_10 WARNING: Address 51e62 is outside range for A Read
blk_mem_gen_v8_4_10 WARNING: Address 51e63 is outside range for A Read
blk_mem_gen_v8_4_10 WARNING: Address 51e64 is outside range for A Read
blk_mem_gen_v8_4_10 WARNING: Address 51e65 is outside range for A Read
blk_mem_gen_v8_4_10 WARNING: Address 51e66 is outside range for A Read
blk_mem_gen_v8_4_10 WARNING: Address 51e67 is outside range for A Read
blk_mem_gen_v8_4_10 WARNING: Address 51e68 is outside range for A Read
blk_mem_gen_v8_4_10 WARNING: Address 51e69 is outside range for A Read
blk_mem_gen_v8_4_10 WARNING: Address 51e6a is outside range for A Read
blk_mem_gen_v8_4_10 WARNING: Address 51e6b is outside range for A Read
blk_mem_gen_v8_4_10 WARNING: Address 51e6c is outside range for A Read
blk_mem_gen_v8_4_10 WARNING: Address 51e6d is outside range for A Read
blk_mem_gen_v8_4_10 WARNING: Address 51e6e is outside range for A Read
blk_mem_gen_v8_4_10 WARNING: Address 51e6f is outside range for A Read
blk_mem_gen_v8_4_10 WARNING: Address 51e70 is outside range for A Read
blk_mem_gen_v8_4_10 WARNING: Address 51e71 is outside range for A Read
blk_mem_gen_v8_4_10 WARNING: Address 51e72 is outside range for A Read
blk_mem_gen_v8_4_10 WARNING: Address 51e73 is outside range for A Read
blk_mem_gen_v8_4_10 WARNING: Address 51e74 is outside range for A Read
blk_mem_gen_v8_4_10 WARNING: Address 51e75 is outside range for A Read
blk_mem_gen_v8_4_10 WARNING: Address 51e76 is outside range for A Read
blk_mem_gen_v8_4_10 WARNING: Address 51e77 is outside range for A Read
blk_mem_gen_v8_4_10 WARNING: Address 51e78 is outside range for A Read
blk_mem_gen_v8_4_10 WARNING: Address 51e79 is outside range for A Read
blk_mem_gen_v8_4_10 WARNING: Address 51e7a is outside range for A Read
blk_mem_gen_v8_4_10 WARNING: Address 51e7b is outside range for A Read
blk_mem_gen_v8_4_10 WARNING: Address 51e7c is outside range for A Read
blk_mem_gen_v8_4_10 WARNING: Address 51e7d is outside range for A Read
blk_mem_gen_v8_4_10 WARNING: Address 51e7e is outside range for A Read
blk_mem_gen_v8_4_10 WARNING: Address 51e7f is outside range for A Read
blk_mem_gen_v8_4_10 WARNING: Address 51e80 is outside range for A Read
blk_mem_gen_v8_4_10 WARNING: Address 51e81 is outside range for A Read
blk_mem_gen_v8_4_10 WARNING: Address 51e82 is outside range for A Read
blk_mem_gen_v8_4_10 WARNING: Address 51e83 is outside range for A Read
blk_mem_gen_v8_4_10 WARNING: Address 51e84 is outside range for A Read
blk_mem_gen_v8_4_10 WARNING: Address 51e85 is outside range for A Read
blk_mem_gen_v8_4_10 WARNING: Address 51e86 is outside range for A Read
blk_mem_gen_v8_4_10 WARNING: Address 51e87 is outside range for A Read
blk_mem_gen_v8_4_10 WARNING: Address 51e88 is outside range for A Read
blk_mem_gen_v8_4_10 WARNING: Address 51e89 is outside range for A Read
blk_mem_gen_v8_4_10 WARNING: Address 51e8a is outside range for A Read
blk_mem_gen_v8_4_10 WARNING: Address 51e8b is outside range for A Read
blk_mem_gen_v8_4_10 WARNING: Address 51e8c is outside range for A Read
blk_mem_gen_v8_4_10 WARNING: Address 51e8d is outside range for A Read
blk_mem_gen_v8_4_10 WARNING: Address 51e8e is outside range for A Read
blk_mem_gen_v8_4_10 WARNING: Address 51e8f is outside range for A Read
blk_mem_gen_v8_4_10 WARNING: Address 51e90 is outside range for A Read
blk_mem_gen_v8_4_10 WARNING: Address 51e91 is outside range for A Read
blk_mem_gen_v8_4_10 WARNING: Address 51e92 is outside range for A Read
blk_mem_gen_v8_4_10 WARNING: Address 51e93 is outside range for A Read
blk_mem_gen_v8_4_10 WARNING: Address 51e94 is outside range for A Read
blk_mem_gen_v8_4_10 WARNING: Address 51e95 is outside range for A Read
blk_mem_gen_v8_4_10 WARNING: Address 51e96 is outside range for A Read
blk_mem_gen_v8_4_10 WARNING: Address 51e97 is outside range for A Read
blk_mem_gen_v8_4_10 WARNING: Address 51e98 is outside range for A Read
blk_mem_gen_v8_4_10 WARNING: Address 51e99 is outside range for A Read
blk_mem_gen_v8_4_10 WARNING: Address 51e9a is outside range for A Read
blk_mem_gen_v8_4_10 WARNING: Address 51e9b is outside range for A Read
blk_mem_gen_v8_4_10 WARNING: Address 51e9c is outside range for A Read
blk_mem_gen_v8_4_10 WARNING: Address 51e9d is outside range for A Read
blk_mem_gen_v8_4_10 WARNING: Address 51e9e is outside range for A Read
blk_mem_gen_v8_4_10 WARNING: Address 51e9f is outside range for A Read
blk_mem_gen_v8_4_10 WARNING: Address 51ea0 is outside range for A Read
blk_mem_gen_v8_4_10 WARNING: Address 51ea1 is outside range for A Read
blk_mem_gen_v8_4_10 WARNING: Address 51ea2 is outside range for A Read
blk_mem_gen_v8_4_10 WARNING: Address 51ea3 is outside range for A Read
blk_mem_gen_v8_4_10 WARNING: Address 51ea4 is outside range for A Read
blk_mem_gen_v8_4_10 WARNING: Address 51ea5 is outside range for A Read
blk_mem_gen_v8_4_10 WARNING: Address 51ea6 is outside range for A Read
blk_mem_gen_v8_4_10 WARNING: Address 51ea7 is outside range for A Read
blk_mem_gen_v8_4_10 WARNING: Address 51ea8 is outside range for A Read
blk_mem_gen_v8_4_10 WARNING: Address 51ea9 is outside range for A Read
blk_mem_gen_v8_4_10 WARNING: Address 51eaa is outside range for A Read
blk_mem_gen_v8_4_10 WARNING: Address 51eab is outside range for A Read
blk_mem_gen_v8_4_10 WARNING: Address 51eac is outside range for A Read
blk_mem_gen_v8_4_10 WARNING: Address 51ead is outside range for A Read
blk_mem_gen_v8_4_10 WARNING: Address 51eae is outside range for A Read
blk_mem_gen_v8_4_10 WARNING: Address 51eaf is outside range for A Read
blk_mem_gen_v8_4_10 WARNING: Address 51eb0 is outside range for A Read
blk_mem_gen_v8_4_10 WARNING: Address 51eb1 is outside range for A Read
blk_mem_gen_v8_4_10 WARNING: Address 51eb2 is outside range for A Read
blk_mem_gen_v8_4_10 WARNING: Address 51eb3 is outside range for A Read
blk_mem_gen_v8_4_10 WARNING: Address 51eb4 is outside range for A Read
blk_mem_gen_v8_4_10 WARNING: Address 51eb5 is outside range for A Read
blk_mem_gen_v8_4_10 WARNING: Address 51eb6 is outside range for A Read
blk_mem_gen_v8_4_10 WARNING: Address 51eb7 is outside range for A Read
blk_mem_gen_v8_4_10 WARNING: Address 51eb8 is outside range for A Read
blk_mem_gen_v8_4_10 WARNING: Address 51eb9 is outside range for A Read
blk_mem_gen_v8_4_10 WARNING: Address 51eba is outside range for A Read
blk_mem_gen_v8_4_10 WARNING: Address 51ebb is outside range for A Read
blk_mem_gen_v8_4_10 WARNING: Address 51ebc is outside range for A Read
blk_mem_gen_v8_4_10 WARNING: Address 51ebd is outside range for A Read
blk_mem_gen_v8_4_10 WARNING: Address 51ebe is outside range for A Read
blk_mem_gen_v8_4_10 WARNING: Address 51ebf is outside range for A Read
blk_mem_gen_v8_4_10 WARNING: Address 51ec0 is outside range for A Read
blk_mem_gen_v8_4_10 WARNING: Address 51ec1 is outside range for A Read
blk_mem_gen_v8_4_10 WARNING: Address 51ec2 is outside range for A Read
blk_mem_gen_v8_4_10 WARNING: Address 51ec3 is outside range for A Read
blk_mem_gen_v8_4_10 WARNING: Address 51ec4 is outside range for A Read
blk_mem_gen_v8_4_10 WARNING: Address 51ec5 is outside range for A Read
blk_mem_gen_v8_4_10 WARNING: Address 51ec6 is outside range for A Read
blk_mem_gen_v8_4_10 WARNING: Address 51ec7 is outside range for A Read
blk_mem_gen_v8_4_10 WARNING: Address 51ec8 is outside range for A Read
blk_mem_gen_v8_4_10 WARNING: Address 51ec9 is outside range for A Read
blk_mem_gen_v8_4_10 WARNING: Address 51eca is outside range for A Read
blk_mem_gen_v8_4_10 WARNING: Address 51ecb is outside range for A Read
blk_mem_gen_v8_4_10 WARNING: Address 51ecc is outside range for A Read
blk_mem_gen_v8_4_10 WARNING: Address 51ecd is outside range for A Read
blk_mem_gen_v8_4_10 WARNING: Address 51ece is outside range for A Read
blk_mem_gen_v8_4_10 WARNING: Address 51ecf is outside range for A Read
blk_mem_gen_v8_4_10 WARNING: Address 51ed0 is outside range for A Read
blk_mem_gen_v8_4_10 WARNING: Address 51ed1 is outside range for A Read
blk_mem_gen_v8_4_10 WARNING: Address 51ed2 is outside range for A Read
blk_mem_gen_v8_4_10 WARNING: Address 51ed3 is outside range for A Read
blk_mem_gen_v8_4_10 WARNING: Address 51ed4 is outside range for A Read
blk_mem_gen_v8_4_10 WARNING: Address 51ed5 is outside range for A Read
blk_mem_gen_v8_4_10 WARNING: Address 51ed6 is outside range for A Read
blk_mem_gen_v8_4_10 WARNING: Address 51ed7 is outside range for A Read
blk_mem_gen_v8_4_10 WARNING: Address 51ed8 is outside range for A Read
blk_mem_gen_v8_4_10 WARNING: Address 51ed9 is outside range for A Read
blk_mem_gen_v8_4_10 WARNING: Address 51eda is outside range for A Read
blk_mem_gen_v8_4_10 WARNING: Address 51edb is outside range for A Read
blk_mem_gen_v8_4_10 WARNING: Address 51edc is outside range for A Read
blk_mem_gen_v8_4_10 WARNING: Address 51edd is outside range for A Read
blk_mem_gen_v8_4_10 WARNING: Address 51ede is outside range for A Read
blk_mem_gen_v8_4_10 WARNING: Address 51edf is outside range for A Read
blk_mem_gen_v8_4_10 WARNING: Address 51ee0 is outside range for A Read
blk_mem_gen_v8_4_10 WARNING: Address 51ee1 is outside range for A Read
blk_mem_gen_v8_4_10 WARNING: Address 51ee2 is outside range for A Read
blk_mem_gen_v8_4_10 WARNING: Address 51ee3 is outside range for A Read
blk_mem_gen_v8_4_10 WARNING: Address 51ee4 is outside range for A Read
blk_mem_gen_v8_4_10 WARNING: Address 51ee5 is outside range for A Read
blk_mem_gen_v8_4_10 WARNING: Address 51ee6 is outside range for A Read
blk_mem_gen_v8_4_10 WARNING: Address 51ee7 is outside range for A Read
blk_mem_gen_v8_4_10 WARNING: Address 51ee8 is outside range for A Read
blk_mem_gen_v8_4_10 WARNING: Address 51ee9 is outside range for A Read
blk_mem_gen_v8_4_10 WARNING: Address 51eea is outside range for A Read
blk_mem_gen_v8_4_10 WARNING: Address 51eeb is outside range for A Read
blk_mem_gen_v8_4_10 WARNING: Address 51eec is outside range for A Read
blk_mem_gen_v8_4_10 WARNING: Address 51eed is outside range for A Read
blk_mem_gen_v8_4_10 WARNING: Address 51eee is outside range for A Read
blk_mem_gen_v8_4_10 WARNING: Address 51eef is outside range for A Read
blk_mem_gen_v8_4_10 WARNING: Address 51ef0 is outside range for A Read
blk_mem_gen_v8_4_10 WARNING: Address 51ef1 is outside range for A Read
blk_mem_gen_v8_4_10 WARNING: Address 51ef2 is outside range for A Read
blk_mem_gen_v8_4_10 WARNING: Address 51ef3 is outside range for A Read
blk_mem_gen_v8_4_10 WARNING: Address 51ef4 is outside range for A Read
blk_mem_gen_v8_4_10 WARNING: Address 51ef5 is outside range for A Read
blk_mem_gen_v8_4_10 WARNING: Address 51ef6 is outside range for A Read
blk_mem_gen_v8_4_10 WARNING: Address 51ef7 is outside range for A Read
blk_mem_gen_v8_4_10 WARNING: Address 51ef8 is outside range for A Read
blk_mem_gen_v8_4_10 WARNING: Address 51ef9 is outside range for A Read
blk_mem_gen_v8_4_10 WARNING: Address 51efa is outside range for A Read
blk_mem_gen_v8_4_10 WARNING: Address 51efb is outside range for A Read
blk_mem_gen_v8_4_10 WARNING: Address 51efc is outside range for A Read
blk_mem_gen_v8_4_10 WARNING: Address 51efd is outside range for A Read
blk_mem_gen_v8_4_10 WARNING: Address 51efe is outside range for A Read
blk_mem_gen_v8_4_10 WARNING: Address 51eff is outside range for A Read
blk_mem_gen_v8_4_10 WARNING: Address 51f00 is outside range for A Read
blk_mem_gen_v8_4_10 WARNING: Address 51f01 is outside range for A Read
blk_mem_gen_v8_4_10 WARNING: Address 51f02 is outside range for A Read
blk_mem_gen_v8_4_10 WARNING: Address 51f03 is outside range for A Read
blk_mem_gen_v8_4_10 WARNING: Address 51f04 is outside range for A Read
blk_mem_gen_v8_4_10 WARNING: Address 51f05 is outside range for A Read
blk_mem_gen_v8_4_10 WARNING: Address 51f06 is outside range for A Read
blk_mem_gen_v8_4_10 WARNING: Address 51f07 is outside range for A Read
blk_mem_gen_v8_4_10 WARNING: Address 51f08 is outside range for A Read
blk_mem_gen_v8_4_10 WARNING: Address 51f09 is outside range for A Read
blk_mem_gen_v8_4_10 WARNING: Address 51f0a is outside range for A Read
blk_mem_gen_v8_4_10 WARNING: Address 51f0b is outside range for A Read
blk_mem_gen_v8_4_10 WARNING: Address 51f0c is outside range for A Read
blk_mem_gen_v8_4_10 WARNING: Address 51f0d is outside range for A Read
blk_mem_gen_v8_4_10 WARNING: Address 51f0e is outside range for A Read
blk_mem_gen_v8_4_10 WARNING: Address 51f0f is outside range for A Read
blk_mem_gen_v8_4_10 WARNING: Address 51f10 is outside range for A Read
blk_mem_gen_v8_4_10 WARNING: Address 51f11 is outside range for A Read
blk_mem_gen_v8_4_10 WARNING: Address 51f12 is outside range for A Read
blk_mem_gen_v8_4_10 WARNING: Address 51f13 is outside range for A Read
blk_mem_gen_v8_4_10 WARNING: Address 51f14 is outside range for A Read
blk_mem_gen_v8_4_10 WARNING: Address 51f15 is outside range for A Read
blk_mem_gen_v8_4_10 WARNING: Address 51f16 is outside range for A Read
blk_mem_gen_v8_4_10 WARNING: Address 51f17 is outside range for A Read
blk_mem_gen_v8_4_10 WARNING: Address 51f18 is outside range for A Read
blk_mem_gen_v8_4_10 WARNING: Address 51f19 is outside range for A Read
blk_mem_gen_v8_4_10 WARNING: Address 51f1a is outside range for A Read
blk_mem_gen_v8_4_10 WARNING: Address 51f1b is outside range for A Read
blk_mem_gen_v8_4_10 WARNING: Address 51f1c is outside range for A Read
blk_mem_gen_v8_4_10 WARNING: Address 51f1d is outside range for A Read
blk_mem_gen_v8_4_10 WARNING: Address 51f1e is outside range for A Read
blk_mem_gen_v8_4_10 WARNING: Address 51f1f is outside range for A Read
blk_mem_gen_v8_4_10 WARNING: Address 51f20 is outside range for A Read
blk_mem_gen_v8_4_10 WARNING: Address 51f21 is outside range for A Read
blk_mem_gen_v8_4_10 WARNING: Address 51f22 is outside range for A Read
blk_mem_gen_v8_4_10 WARNING: Address 51f23 is outside range for A Read
blk_mem_gen_v8_4_10 WARNING: Address 51f24 is outside range for A Read
blk_mem_gen_v8_4_10 WARNING: Address 51f25 is outside range for A Read
blk_mem_gen_v8_4_10 WARNING: Address 51f26 is outside range for A Read
blk_mem_gen_v8_4_10 WARNING: Address 51f27 is outside range for A Read
blk_mem_gen_v8_4_10 WARNING: Address 51f28 is outside range for A Read
blk_mem_gen_v8_4_10 WARNING: Address 51f29 is outside range for A Read
blk_mem_gen_v8_4_10 WARNING: Address 51f2a is outside range for A Read
blk_mem_gen_v8_4_10 WARNING: Address 51f2b is outside range for A Read
blk_mem_gen_v8_4_10 WARNING: Address 51f2c is outside range for A Read
blk_mem_gen_v8_4_10 WARNING: Address 51f2d is outside range for A Read
blk_mem_gen_v8_4_10 WARNING: Address 51f2e is outside range for A Read
blk_mem_gen_v8_4_10 WARNING: Address 51f2f is outside range for A Read
blk_mem_gen_v8_4_10 WARNING: Address 51f30 is outside range for A Read
blk_mem_gen_v8_4_10 WARNING: Address 51f31 is outside range for A Read
blk_mem_gen_v8_4_10 WARNING: Address 51f32 is outside range for A Read
blk_mem_gen_v8_4_10 WARNING: Address 51f33 is outside range for A Read
blk_mem_gen_v8_4_10 WARNING: Address 51f34 is outside range for A Read
blk_mem_gen_v8_4_10 WARNING: Address 51f35 is outside range for A Read
blk_mem_gen_v8_4_10 WARNING: Address 51f36 is outside range for A Read
blk_mem_gen_v8_4_10 WARNING: Address 51f37 is outside range for A Read
blk_mem_gen_v8_4_10 WARNING: Address 51f38 is outside range for A Read
blk_mem_gen_v8_4_10 WARNING: Address 51f39 is outside range for A Read
blk_mem_gen_v8_4_10 WARNING: Address 51f3a is outside range for A Read
blk_mem_gen_v8_4_10 WARNING: Address 51f3b is outside range for A Read
blk_mem_gen_v8_4_10 WARNING: Address 51f3c is outside range for A Read
blk_mem_gen_v8_4_10 WARNING: Address 51f3d is outside range for A Read
blk_mem_gen_v8_4_10 WARNING: Address 51f3e is outside range for A Read
blk_mem_gen_v8_4_10 WARNING: Address 51f3f is outside range for A Read
blk_mem_gen_v8_4_10 WARNING: Address 51f40 is outside range for A Read
blk_mem_gen_v8_4_10 WARNING: Address 51f41 is outside range for A Read
blk_mem_gen_v8_4_10 WARNING: Address 51f42 is outside range for A Read
blk_mem_gen_v8_4_10 WARNING: Address 51f43 is outside range for A Read
blk_mem_gen_v8_4_10 WARNING: Address 51f44 is outside range for A Read
blk_mem_gen_v8_4_10 WARNING: Address 51f45 is outside range for A Read
blk_mem_gen_v8_4_10 WARNING: Address 51f46 is outside range for A Read
blk_mem_gen_v8_4_10 WARNING: Address 51f47 is outside range for A Read
blk_mem_gen_v8_4_10 WARNING: Address 51f48 is outside range for A Read
blk_mem_gen_v8_4_10 WARNING: Address 51f49 is outside range for A Read
blk_mem_gen_v8_4_10 WARNING: Address 51f4a is outside range for A Read
blk_mem_gen_v8_4_10 WARNING: Address 51f4b is outside range for A Read
blk_mem_gen_v8_4_10 WARNING: Address 51f4c is outside range for A Read
blk_mem_gen_v8_4_10 WARNING: Address 51f4d is outside range for A Read
blk_mem_gen_v8_4_10 WARNING: Address 51f4e is outside range for A Read
blk_mem_gen_v8_4_10 WARNING: Address 51f4f is outside range for A Read
blk_mem_gen_v8_4_10 WARNING: Address 51f50 is outside range for A Read
blk_mem_gen_v8_4_10 WARNING: Address 51f51 is outside range for A Read
blk_mem_gen_v8_4_10 WARNING: Address 51f52 is outside range for A Read
blk_mem_gen_v8_4_10 WARNING: Address 51f53 is outside range for A Read
blk_mem_gen_v8_4_10 WARNING: Address 51f54 is outside range for A Read
blk_mem_gen_v8_4_10 WARNING: Address 51f55 is outside range for A Read
blk_mem_gen_v8_4_10 WARNING: Address 51f56 is outside range for A Read
blk_mem_gen_v8_4_10 WARNING: Address 51f57 is outside range for A Read
blk_mem_gen_v8_4_10 WARNING: Address 51f58 is outside range for A Read
blk_mem_gen_v8_4_10 WARNING: Address 51f59 is outside range for A Read
blk_mem_gen_v8_4_10 WARNING: Address 51f5a is outside range for A Read
blk_mem_gen_v8_4_10 WARNING: Address 51f5b is outside range for A Read
blk_mem_gen_v8_4_10 WARNING: Address 51f5c is outside range for A Read
blk_mem_gen_v8_4_10 WARNING: Address 51f5d is outside range for A Read
blk_mem_gen_v8_4_10 WARNING: Address 51f5e is outside range for A Read
blk_mem_gen_v8_4_10 WARNING: Address 51f5f is outside range for A Read
blk_mem_gen_v8_4_10 WARNING: Address 51f60 is outside range for A Read
blk_mem_gen_v8_4_10 WARNING: Address 51f61 is outside range for A Read
blk_mem_gen_v8_4_10 WARNING: Address 51f62 is outside range for A Read
blk_mem_gen_v8_4_10 WARNING: Address 51f63 is outside range for A Read
blk_mem_gen_v8_4_10 WARNING: Address 51f64 is outside range for A Read
blk_mem_gen_v8_4_10 WARNING: Address 51f65 is outside range for A Read
blk_mem_gen_v8_4_10 WARNING: Address 51f66 is outside range for A Read
blk_mem_gen_v8_4_10 WARNING: Address 51f67 is outside range for A Read
blk_mem_gen_v8_4_10 WARNING: Address 51f68 is outside range for A Read
blk_mem_gen_v8_4_10 WARNING: Address 51f69 is outside range for A Read
blk_mem_gen_v8_4_10 WARNING: Address 51f6a is outside range for A Read
blk_mem_gen_v8_4_10 WARNING: Address 51f6b is outside range for A Read
blk_mem_gen_v8_4_10 WARNING: Address 51f6c is outside range for A Read
blk_mem_gen_v8_4_10 WARNING: Address 51f6d is outside range for A Read
blk_mem_gen_v8_4_10 WARNING: Address 51f6e is outside range for A Read
blk_mem_gen_v8_4_10 WARNING: Address 51f6f is outside range for A Read
blk_mem_gen_v8_4_10 WARNING: Address 51f70 is outside range for A Read
blk_mem_gen_v8_4_10 WARNING: Address 51f71 is outside range for A Read
blk_mem_gen_v8_4_10 WARNING: Address 51f72 is outside range for A Read
blk_mem_gen_v8_4_10 WARNING: Address 51f73 is outside range for A Read
blk_mem_gen_v8_4_10 WARNING: Address 51f74 is outside range for A Read
blk_mem_gen_v8_4_10 WARNING: Address 51f75 is outside range for A Read
blk_mem_gen_v8_4_10 WARNING: Address 51f76 is outside range for A Read
blk_mem_gen_v8_4_10 WARNING: Address 51f77 is outside range for A Read
blk_mem_gen_v8_4_10 WARNING: Address 51f78 is outside range for A Read
blk_mem_gen_v8_4_10 WARNING: Address 51f79 is outside range for A Read
blk_mem_gen_v8_4_10 WARNING: Address 51f7a is outside range for A Read
blk_mem_gen_v8_4_10 WARNING: Address 51f7b is outside range for A Read
blk_mem_gen_v8_4_10 WARNING: Address 51f7c is outside range for A Read
blk_mem_gen_v8_4_10 WARNING: Address 51f7d is outside range for A Read
blk_mem_gen_v8_4_10 WARNING: Address 51f7e is outside range for A Read
blk_mem_gen_v8_4_10 WARNING: Address 51f7f is outside range for A Read
blk_mem_gen_v8_4_10 WARNING: Address 51f80 is outside range for A Read
blk_mem_gen_v8_4_10 WARNING: Address 51f81 is outside range for A Read
blk_mem_gen_v8_4_10 WARNING: Address 51f82 is outside range for A Read
blk_mem_gen_v8_4_10 WARNING: Address 51f83 is outside range for A Read
blk_mem_gen_v8_4_10 WARNING: Address 51f84 is outside range for A Read
blk_mem_gen_v8_4_10 WARNING: Address 51f85 is outside range for A Read
blk_mem_gen_v8_4_10 WARNING: Address 51f86 is outside range for A Read
blk_mem_gen_v8_4_10 WARNING: Address 51f87 is outside range for A Read
blk_mem_gen_v8_4_10 WARNING: Address 51f88 is outside range for A Read
blk_mem_gen_v8_4_10 WARNING: Address 51f89 is outside range for A Read
blk_mem_gen_v8_4_10 WARNING: Address 51f8a is outside range for A Read
blk_mem_gen_v8_4_10 WARNING: Address 51f8b is outside range for A Read
blk_mem_gen_v8_4_10 WARNING: Address 51f8c is outside range for A Read
blk_mem_gen_v8_4_10 WARNING: Address 51f8d is outside range for A Read
blk_mem_gen_v8_4_10 WARNING: Address 51f8e is outside range for A Read
blk_mem_gen_v8_4_10 WARNING: Address 51f8f is outside range for A Read
blk_mem_gen_v8_4_10 WARNING: Address 51f90 is outside range for A Read
blk_mem_gen_v8_4_10 WARNING: Address 51f91 is outside range for A Read
blk_mem_gen_v8_4_10 WARNING: Address 51f92 is outside range for A Read
blk_mem_gen_v8_4_10 WARNING: Address 51f93 is outside range for A Read
blk_mem_gen_v8_4_10 WARNING: Address 51f94 is outside range for A Read
blk_mem_gen_v8_4_10 WARNING: Address 51f95 is outside range for A Read
blk_mem_gen_v8_4_10 WARNING: Address 51f96 is outside range for A Read
blk_mem_gen_v8_4_10 WARNING: Address 51f97 is outside range for A Read
blk_mem_gen_v8_4_10 WARNING: Address 51f98 is outside range for A Read
blk_mem_gen_v8_4_10 WARNING: Address 51f99 is outside range for A Read
blk_mem_gen_v8_4_10 WARNING: Address 51f9a is outside range for A Read
blk_mem_gen_v8_4_10 WARNING: Address 51f9b is outside range for A Read
blk_mem_gen_v8_4_10 WARNING: Address 51f9c is outside range for A Read
blk_mem_gen_v8_4_10 WARNING: Address 51f9d is outside range for A Read
blk_mem_gen_v8_4_10 WARNING: Address 51f9e is outside range for A Read
blk_mem_gen_v8_4_10 WARNING: Address 51f9f is outside range for A Read
blk_mem_gen_v8_4_10 WARNING: Address 51fa0 is outside range for A Read
blk_mem_gen_v8_4_10 WARNING: Address 51fa1 is outside range for A Read
blk_mem_gen_v8_4_10 WARNING: Address 51fa2 is outside range for A Read
blk_mem_gen_v8_4_10 WARNING: Address 51fa3 is outside range for A Read
blk_mem_gen_v8_4_10 WARNING: Address 51fa4 is outside range for A Read
blk_mem_gen_v8_4_10 WARNING: Address 51fa5 is outside range for A Read
blk_mem_gen_v8_4_10 WARNING: Address 51fa6 is outside range for A Read
blk_mem_gen_v8_4_10 WARNING: Address 51fa7 is outside range for A Read
blk_mem_gen_v8_4_10 WARNING: Address 51fa8 is outside range for A Read
blk_mem_gen_v8_4_10 WARNING: Address 51fa9 is outside range for A Read
blk_mem_gen_v8_4_10 WARNING: Address 51faa is outside range for A Read
blk_mem_gen_v8_4_10 WARNING: Address 51fab is outside range for A Read
blk_mem_gen_v8_4_10 WARNING: Address 51fac is outside range for A Read
blk_mem_gen_v8_4_10 WARNING: Address 51fad is outside range for A Read
blk_mem_gen_v8_4_10 WARNING: Address 51fae is outside range for A Read
blk_mem_gen_v8_4_10 WARNING: Address 51faf is outside range for A Read
blk_mem_gen_v8_4_10 WARNING: Address 51fb0 is outside range for A Read
blk_mem_gen_v8_4_10 WARNING: Address 51fb1 is outside range for A Read
blk_mem_gen_v8_4_10 WARNING: Address 51fb2 is outside range for A Read
blk_mem_gen_v8_4_10 WARNING: Address 51fb3 is outside range for A Read
blk_mem_gen_v8_4_10 WARNING: Address 51fb4 is outside range for A Read
blk_mem_gen_v8_4_10 WARNING: Address 51fb5 is outside range for A Read
blk_mem_gen_v8_4_10 WARNING: Address 51fb6 is outside range for A Read
blk_mem_gen_v8_4_10 WARNING: Address 51fb7 is outside range for A Read
blk_mem_gen_v8_4_10 WARNING: Address 51fb8 is outside range for A Read
blk_mem_gen_v8_4_10 WARNING: Address 51fb9 is outside range for A Read
blk_mem_gen_v8_4_10 WARNING: Address 51fba is outside range for A Read
blk_mem_gen_v8_4_10 WARNING: Address 51fbb is outside range for A Read
blk_mem_gen_v8_4_10 WARNING: Address 51fbc is outside range for A Read
blk_mem_gen_v8_4_10 WARNING: Address 51fbd is outside range for A Read
blk_mem_gen_v8_4_10 WARNING: Address 51fbe is outside range for A Read
blk_mem_gen_v8_4_10 WARNING: Address 51fbf is outside range for A Read
blk_mem_gen_v8_4_10 WARNING: Address 51fc0 is outside range for A Read
blk_mem_gen_v8_4_10 WARNING: Address 51fc1 is outside range for A Read
blk_mem_gen_v8_4_10 WARNING: Address 51fc2 is outside range for A Read
blk_mem_gen_v8_4_10 WARNING: Address 51fc3 is outside range for A Read
blk_mem_gen_v8_4_10 WARNING: Address 51fc4 is outside range for A Read
blk_mem_gen_v8_4_10 WARNING: Address 51fc5 is outside range for A Read
blk_mem_gen_v8_4_10 WARNING: Address 51fc6 is outside range for A Read
blk_mem_gen_v8_4_10 WARNING: Address 51fc7 is outside range for A Read
blk_mem_gen_v8_4_10 WARNING: Address 51fc8 is outside range for A Read
blk_mem_gen_v8_4_10 WARNING: Address 51fc9 is outside range for A Read
blk_mem_gen_v8_4_10 WARNING: Address 51fca is outside range for A Read
blk_mem_gen_v8_4_10 WARNING: Address 51fcb is outside range for A Read
blk_mem_gen_v8_4_10 WARNING: Address 51fcc is outside range for A Read
blk_mem_gen_v8_4_10 WARNING: Address 51fcd is outside range for A Read
blk_mem_gen_v8_4_10 WARNING: Address 51fce is outside range for A Read
blk_mem_gen_v8_4_10 WARNING: Address 51fcf is outside range for A Read
blk_mem_gen_v8_4_10 WARNING: Address 51fd0 is outside range for A Read
blk_mem_gen_v8_4_10 WARNING: Address 51fd1 is outside range for A Read
blk_mem_gen_v8_4_10 WARNING: Address 51fd2 is outside range for A Read
blk_mem_gen_v8_4_10 WARNING: Address 51fd3 is outside range for A Read
blk_mem_gen_v8_4_10 WARNING: Address 51fd4 is outside range for A Read
blk_mem_gen_v8_4_10 WARNING: Address 51fd5 is outside range for A Read
blk_mem_gen_v8_4_10 WARNING: Address 51fd6 is outside range for A Read
blk_mem_gen_v8_4_10 WARNING: Address 51fd7 is outside range for A Read
blk_mem_gen_v8_4_10 WARNING: Address 51fd8 is outside range for A Read
blk_mem_gen_v8_4_10 WARNING: Address 51fd9 is outside range for A Read
blk_mem_gen_v8_4_10 WARNING: Address 51fda is outside range for A Read
blk_mem_gen_v8_4_10 WARNING: Address 51fdb is outside range for A Read
blk_mem_gen_v8_4_10 WARNING: Address 51fdc is outside range for A Read
blk_mem_gen_v8_4_10 WARNING: Address 51fdd is outside range for A Read
blk_mem_gen_v8_4_10 WARNING: Address 51fde is outside range for A Read
blk_mem_gen_v8_4_10 WARNING: Address 51fdf is outside range for A Read
blk_mem_gen_v8_4_10 WARNING: Address 51fe0 is outside range for A Read
blk_mem_gen_v8_4_10 WARNING: Address 51fe1 is outside range for A Read
blk_mem_gen_v8_4_10 WARNING: Address 51fe2 is outside range for A Read
blk_mem_gen_v8_4_10 WARNING: Address 51fe3 is outside range for A Read
blk_mem_gen_v8_4_10 WARNING: Address 51fe4 is outside range for A Read
blk_mem_gen_v8_4_10 WARNING: Address 51fe5 is outside range for A Read
blk_mem_gen_v8_4_10 WARNING: Address 51fe6 is outside range for A Read
blk_mem_gen_v8_4_10 WARNING: Address 51fe7 is outside range for A Read
blk_mem_gen_v8_4_10 WARNING: Address 51fe8 is outside range for A Read
blk_mem_gen_v8_4_10 WARNING: Address 51fe9 is outside range for A Read
blk_mem_gen_v8_4_10 WARNING: Address 51fea is outside range for A Read
blk_mem_gen_v8_4_10 WARNING: Address 51feb is outside range for A Read
blk_mem_gen_v8_4_10 WARNING: Address 51fec is outside range for A Read
blk_mem_gen_v8_4_10 WARNING: Address 51fed is outside range for A Read
blk_mem_gen_v8_4_10 WARNING: Address 51fee is outside range for A Read
blk_mem_gen_v8_4_10 WARNING: Address 51fef is outside range for A Read
blk_mem_gen_v8_4_10 WARNING: Address 51ff0 is outside range for A Read
blk_mem_gen_v8_4_10 WARNING: Address 51ff1 is outside range for A Read
blk_mem_gen_v8_4_10 WARNING: Address 51ff2 is outside range for A Read
blk_mem_gen_v8_4_10 WARNING: Address 51ff3 is outside range for A Read
blk_mem_gen_v8_4_10 WARNING: Address 51ff4 is outside range for A Read
blk_mem_gen_v8_4_10 WARNING: Address 51ff5 is outside range for A Read
blk_mem_gen_v8_4_10 WARNING: Address 51ff6 is outside range for A Read
blk_mem_gen_v8_4_10 WARNING: Address 51ff7 is outside range for A Read
blk_mem_gen_v8_4_10 WARNING: Address 51ff8 is outside range for A Read
blk_mem_gen_v8_4_10 WARNING: Address 51ff9 is outside range for A Read
blk_mem_gen_v8_4_10 WARNING: Address 51ffa is outside range for A Read
blk_mem_gen_v8_4_10 WARNING: Address 51ffb is outside range for A Read
blk_mem_gen_v8_4_10 WARNING: Address 51ffc is outside range for A Read
blk_mem_gen_v8_4_10 WARNING: Address 51ffd is outside range for A Read
blk_mem_gen_v8_4_10 WARNING: Address 51ffe is outside range for A Read
blk_mem_gen_v8_4_10 WARNING: Address 51fff is outside range for A Read
blk_mem_gen_v8_4_10 WARNING: Address 52000 is outside range for A Read
blk_mem_gen_v8_4_10 WARNING: Address 52001 is outside range for A Read
blk_mem_gen_v8_4_10 WARNING: Address 52002 is outside range for A Read
blk_mem_gen_v8_4_10 WARNING: Address 52003 is outside range for A Read
blk_mem_gen_v8_4_10 WARNING: Address 52004 is outside range for A Read
blk_mem_gen_v8_4_10 WARNING: Address 52005 is outside range for A Read
blk_mem_gen_v8_4_10 WARNING: Address 52006 is outside range for A Read
blk_mem_gen_v8_4_10 WARNING: Address 52007 is outside range for A Read
blk_mem_gen_v8_4_10 WARNING: Address 52008 is outside range for A Read
blk_mem_gen_v8_4_10 WARNING: Address 52009 is outside range for A Read
blk_mem_gen_v8_4_10 WARNING: Address 5200a is outside range for A Read
blk_mem_gen_v8_4_10 WARNING: Address 5200b is outside range for A Read
blk_mem_gen_v8_4_10 WARNING: Address 5200c is outside range for A Read
blk_mem_gen_v8_4_10 WARNING: Address 5200d is outside range for A Read
blk_mem_gen_v8_4_10 WARNING: Address 5200e is outside range for A Read
blk_mem_gen_v8_4_10 WARNING: Address 5200f is outside range for A Read
blk_mem_gen_v8_4_10 WARNING: Address 52010 is outside range for A Read
blk_mem_gen_v8_4_10 WARNING: Address 52011 is outside range for A Read
blk_mem_gen_v8_4_10 WARNING: Address 52012 is outside range for A Read
blk_mem_gen_v8_4_10 WARNING: Address 52013 is outside range for A Read
blk_mem_gen_v8_4_10 WARNING: Address 52014 is outside range for A Read
blk_mem_gen_v8_4_10 WARNING: Address 52015 is outside range for A Read
blk_mem_gen_v8_4_10 WARNING: Address 52016 is outside range for A Read
blk_mem_gen_v8_4_10 WARNING: Address 52017 is outside range for A Read
blk_mem_gen_v8_4_10 WARNING: Address 52018 is outside range for A Read
blk_mem_gen_v8_4_10 WARNING: Address 52019 is outside range for A Read
blk_mem_gen_v8_4_10 WARNING: Address 5201a is outside range for A Read
blk_mem_gen_v8_4_10 WARNING: Address 5201b is outside range for A Read
blk_mem_gen_v8_4_10 WARNING: Address 5201c is outside range for A Read
blk_mem_gen_v8_4_10 WARNING: Address 5201d is outside range for A Read
blk_mem_gen_v8_4_10 WARNING: Address 5201e is outside range for A Read
blk_mem_gen_v8_4_10 WARNING: Address 5201f is outside range for A Read
blk_mem_gen_v8_4_10 WARNING: Address 52020 is outside range for A Read
blk_mem_gen_v8_4_10 WARNING: Address 52021 is outside range for A Read
blk_mem_gen_v8_4_10 WARNING: Address 52022 is outside range for A Read
blk_mem_gen_v8_4_10 WARNING: Address 52023 is outside range for A Read
blk_mem_gen_v8_4_10 WARNING: Address 52024 is outside range for A Read
blk_mem_gen_v8_4_10 WARNING: Address 52025 is outside range for A Read
blk_mem_gen_v8_4_10 WARNING: Address 52026 is outside range for A Read
blk_mem_gen_v8_4_10 WARNING: Address 52027 is outside range for A Read
blk_mem_gen_v8_4_10 WARNING: Address 52028 is outside range for A Read
blk_mem_gen_v8_4_10 WARNING: Address 52029 is outside range for A Read
blk_mem_gen_v8_4_10 WARNING: Address 5202a is outside range for A Read
blk_mem_gen_v8_4_10 WARNING: Address 5202b is outside range for A Read
blk_mem_gen_v8_4_10 WARNING: Address 5202c is outside range for A Read
blk_mem_gen_v8_4_10 WARNING: Address 5202d is outside range for A Read
blk_mem_gen_v8_4_10 WARNING: Address 5202e is outside range for A Read
blk_mem_gen_v8_4_10 WARNING: Address 5202f is outside range for A Read
blk_mem_gen_v8_4_10 WARNING: Address 52030 is outside range for A Read
blk_mem_gen_v8_4_10 WARNING: Address 52031 is outside range for A Read
blk_mem_gen_v8_4_10 WARNING: Address 52032 is outside range for A Read
blk_mem_gen_v8_4_10 WARNING: Address 52033 is outside range for A Read
blk_mem_gen_v8_4_10 WARNING: Address 52034 is outside range for A Read
blk_mem_gen_v8_4_10 WARNING: Address 52035 is outside range for A Read
blk_mem_gen_v8_4_10 WARNING: Address 52036 is outside range for A Read
blk_mem_gen_v8_4_10 WARNING: Address 52037 is outside range for A Read
blk_mem_gen_v8_4_10 WARNING: Address 52038 is outside range for A Read
blk_mem_gen_v8_4_10 WARNING: Address 52039 is outside range for A Read
blk_mem_gen_v8_4_10 WARNING: Address 5203a is outside range for A Read
blk_mem_gen_v8_4_10 WARNING: Address 5203b is outside range for A Read
blk_mem_gen_v8_4_10 WARNING: Address 5203c is outside range for A Read
blk_mem_gen_v8_4_10 WARNING: Address 5203d is outside range for A Read
blk_mem_gen_v8_4_10 WARNING: Address 5203e is outside range for A Read
blk_mem_gen_v8_4_10 WARNING: Address 5203f is outside range for A Read
blk_mem_gen_v8_4_10 WARNING: Address 52040 is outside range for A Read
blk_mem_gen_v8_4_10 WARNING: Address 52041 is outside range for A Read
blk_mem_gen_v8_4_10 WARNING: Address 52042 is outside range for A Read
blk_mem_gen_v8_4_10 WARNING: Address 52043 is outside range for A Read
blk_mem_gen_v8_4_10 WARNING: Address 52044 is outside range for A Read
blk_mem_gen_v8_4_10 WARNING: Address 52045 is outside range for A Read
blk_mem_gen_v8_4_10 WARNING: Address 52046 is outside range for A Read
blk_mem_gen_v8_4_10 WARNING: Address 52047 is outside range for A Read
blk_mem_gen_v8_4_10 WARNING: Address 52048 is outside range for A Read
blk_mem_gen_v8_4_10 WARNING: Address 52049 is outside range for A Read
blk_mem_gen_v8_4_10 WARNING: Address 5204a is outside range for A Read
blk_mem_gen_v8_4_10 WARNING: Address 5204b is outside range for A Read
blk_mem_gen_v8_4_10 WARNING: Address 5204c is outside range for A Read
blk_mem_gen_v8_4_10 WARNING: Address 5204d is outside range for A Read
blk_mem_gen_v8_4_10 WARNING: Address 5204e is outside range for A Read
blk_mem_gen_v8_4_10 WARNING: Address 5204f is outside range for A Read
blk_mem_gen_v8_4_10 WARNING: Address 52050 is outside range for A Read
blk_mem_gen_v8_4_10 WARNING: Address 52051 is outside range for A Read
blk_mem_gen_v8_4_10 WARNING: Address 52052 is outside range for A Read
blk_mem_gen_v8_4_10 WARNING: Address 52053 is outside range for A Read
blk_mem_gen_v8_4_10 WARNING: Address 52054 is outside range for A Read
blk_mem_gen_v8_4_10 WARNING: Address 52055 is outside range for A Read
blk_mem_gen_v8_4_10 WARNING: Address 52056 is outside range for A Read
blk_mem_gen_v8_4_10 WARNING: Address 52057 is outside range for A Read
blk_mem_gen_v8_4_10 WARNING: Address 52058 is outside range for A Read
blk_mem_gen_v8_4_10 WARNING: Address 52059 is outside range for A Read
blk_mem_gen_v8_4_10 WARNING: Address 5205a is outside range for A Read
blk_mem_gen_v8_4_10 WARNING: Address 5205b is outside range for A Read
blk_mem_gen_v8_4_10 WARNING: Address 5205c is outside range for A Read
blk_mem_gen_v8_4_10 WARNING: Address 5205d is outside range for A Read
blk_mem_gen_v8_4_10 WARNING: Address 5205e is outside range for A Read
blk_mem_gen_v8_4_10 WARNING: Address 5205f is outside range for A Read
blk_mem_gen_v8_4_10 WARNING: Address 52060 is outside range for A Read
blk_mem_gen_v8_4_10 WARNING: Address 52061 is outside range for A Read
blk_mem_gen_v8_4_10 WARNING: Address 52062 is outside range for A Read
blk_mem_gen_v8_4_10 WARNING: Address 52063 is outside range for A Read
blk_mem_gen_v8_4_10 WARNING: Address 52064 is outside range for A Read
blk_mem_gen_v8_4_10 WARNING: Address 52065 is outside range for A Read
blk_mem_gen_v8_4_10 WARNING: Address 52066 is outside range for A Read
blk_mem_gen_v8_4_10 WARNING: Address 52067 is outside range for A Read
blk_mem_gen_v8_4_10 WARNING: Address 52068 is outside range for A Read
blk_mem_gen_v8_4_10 WARNING: Address 52069 is outside range for A Read
blk_mem_gen_v8_4_10 WARNING: Address 5206a is outside range for A Read
blk_mem_gen_v8_4_10 WARNING: Address 5206b is outside range for A Read
blk_mem_gen_v8_4_10 WARNING: Address 5206c is outside range for A Read
blk_mem_gen_v8_4_10 WARNING: Address 5206d is outside range for A Read
blk_mem_gen_v8_4_10 WARNING: Address 5206e is outside range for A Read
blk_mem_gen_v8_4_10 WARNING: Address 5206f is outside range for A Read
blk_mem_gen_v8_4_10 WARNING: Address 52070 is outside range for A Read
blk_mem_gen_v8_4_10 WARNING: Address 52071 is outside range for A Read
blk_mem_gen_v8_4_10 WARNING: Address 52072 is outside range for A Read
blk_mem_gen_v8_4_10 WARNING: Address 52073 is outside range for A Read
blk_mem_gen_v8_4_10 WARNING: Address 52074 is outside range for A Read
blk_mem_gen_v8_4_10 WARNING: Address 52075 is outside range for A Read
blk_mem_gen_v8_4_10 WARNING: Address 52076 is outside range for A Read
blk_mem_gen_v8_4_10 WARNING: Address 52077 is outside range for A Read
blk_mem_gen_v8_4_10 WARNING: Address 52078 is outside range for A Read
blk_mem_gen_v8_4_10 WARNING: Address 52079 is outside range for A Read
blk_mem_gen_v8_4_10 WARNING: Address 5207a is outside range for A Read
blk_mem_gen_v8_4_10 WARNING: Address 5207b is outside range for A Read
blk_mem_gen_v8_4_10 WARNING: Address 5207c is outside range for A Read
blk_mem_gen_v8_4_10 WARNING: Address 5207d is outside range for A Read
blk_mem_gen_v8_4_10 WARNING: Address 5207e is outside range for A Read
blk_mem_gen_v8_4_10 WARNING: Address 5207f is outside range for A Read
blk_mem_gen_v8_4_10 WARNING: Address 52080 is outside range for A Read
blk_mem_gen_v8_4_10 WARNING: Address 52081 is outside range for A Read
blk_mem_gen_v8_4_10 WARNING: Address 52082 is outside range for A Read
blk_mem_gen_v8_4_10 WARNING: Address 52083 is outside range for A Read
blk_mem_gen_v8_4_10 WARNING: Address 52084 is outside range for A Read
blk_mem_gen_v8_4_10 WARNING: Address 52085 is outside range for A Read
blk_mem_gen_v8_4_10 WARNING: Address 52086 is outside range for A Read
blk_mem_gen_v8_4_10 WARNING: Address 52087 is outside range for A Read
blk_mem_gen_v8_4_10 WARNING: Address 52088 is outside range for A Read
blk_mem_gen_v8_4_10 WARNING: Address 52089 is outside range for A Read
blk_mem_gen_v8_4_10 WARNING: Address 5208a is outside range for A Read
blk_mem_gen_v8_4_10 WARNING: Address 5208b is outside range for A Read
blk_mem_gen_v8_4_10 WARNING: Address 5208c is outside range for A Read
blk_mem_gen_v8_4_10 WARNING: Address 5208d is outside range for A Read
blk_mem_gen_v8_4_10 WARNING: Address 5208e is outside range for A Read
blk_mem_gen_v8_4_10 WARNING: Address 5208f is outside range for A Read
blk_mem_gen_v8_4_10 WARNING: Address 52090 is outside range for A Read
blk_mem_gen_v8_4_10 WARNING: Address 52091 is outside range for A Read
blk_mem_gen_v8_4_10 WARNING: Address 52092 is outside range for A Read
blk_mem_gen_v8_4_10 WARNING: Address 52093 is outside range for A Read
blk_mem_gen_v8_4_10 WARNING: Address 52094 is outside range for A Read
blk_mem_gen_v8_4_10 WARNING: Address 52095 is outside range for A Read
blk_mem_gen_v8_4_10 WARNING: Address 52096 is outside range for A Read
blk_mem_gen_v8_4_10 WARNING: Address 52097 is outside range for A Read
blk_mem_gen_v8_4_10 WARNING: Address 52098 is outside range for A Read
blk_mem_gen_v8_4_10 WARNING: Address 52099 is outside range for A Read
blk_mem_gen_v8_4_10 WARNING: Address 5209a is outside range for A Read
blk_mem_gen_v8_4_10 WARNING: Address 5209b is outside range for A Read
blk_mem_gen_v8_4_10 WARNING: Address 5209c is outside range for A Read
blk_mem_gen_v8_4_10 WARNING: Address 5209d is outside range for A Read
blk_mem_gen_v8_4_10 WARNING: Address 5209e is outside range for A Read
blk_mem_gen_v8_4_10 WARNING: Address 5209f is outside range for A Read
blk_mem_gen_v8_4_10 WARNING: Address 520a0 is outside range for A Read
blk_mem_gen_v8_4_10 WARNING: Address 520a1 is outside range for A Read
blk_mem_gen_v8_4_10 WARNING: Address 520a2 is outside range for A Read
blk_mem_gen_v8_4_10 WARNING: Address 520a3 is outside range for A Read
blk_mem_gen_v8_4_10 WARNING: Address 520a4 is outside range for A Read
blk_mem_gen_v8_4_10 WARNING: Address 520a5 is outside range for A Read
blk_mem_gen_v8_4_10 WARNING: Address 520a6 is outside range for A Read
blk_mem_gen_v8_4_10 WARNING: Address 520a7 is outside range for A Read
blk_mem_gen_v8_4_10 WARNING: Address 520a8 is outside range for A Read
blk_mem_gen_v8_4_10 WARNING: Address 520a9 is outside range for A Read
blk_mem_gen_v8_4_10 WARNING: Address 520aa is outside range for A Read
blk_mem_gen_v8_4_10 WARNING: Address 520ab is outside range for A Read
blk_mem_gen_v8_4_10 WARNING: Address 520ac is outside range for A Read
blk_mem_gen_v8_4_10 WARNING: Address 520ad is outside range for A Read
blk_mem_gen_v8_4_10 WARNING: Address 520ae is outside range for A Read
blk_mem_gen_v8_4_10 WARNING: Address 520af is outside range for A Read
blk_mem_gen_v8_4_10 WARNING: Address 520b0 is outside range for A Read
blk_mem_gen_v8_4_10 WARNING: Address 520b1 is outside range for A Read
blk_mem_gen_v8_4_10 WARNING: Address 520b2 is outside range for A Read
blk_mem_gen_v8_4_10 WARNING: Address 520b3 is outside range for A Read
blk_mem_gen_v8_4_10 WARNING: Address 520b4 is outside range for A Read
blk_mem_gen_v8_4_10 WARNING: Address 520b5 is outside range for A Read
blk_mem_gen_v8_4_10 WARNING: Address 520b6 is outside range for A Read
blk_mem_gen_v8_4_10 WARNING: Address 520b7 is outside range for A Read
blk_mem_gen_v8_4_10 WARNING: Address 520b8 is outside range for A Read
blk_mem_gen_v8_4_10 WARNING: Address 520b9 is outside range for A Read
blk_mem_gen_v8_4_10 WARNING: Address 520ba is outside range for A Read
blk_mem_gen_v8_4_10 WARNING: Address 520bb is outside range for A Read
blk_mem_gen_v8_4_10 WARNING: Address 520bc is outside range for A Read
blk_mem_gen_v8_4_10 WARNING: Address 520bd is outside range for A Read
blk_mem_gen_v8_4_10 WARNING: Address 520be is outside range for A Read
blk_mem_gen_v8_4_10 WARNING: Address 520bf is outside range for A Read
blk_mem_gen_v8_4_10 WARNING: Address 520c0 is outside range for A Read
blk_mem_gen_v8_4_10 WARNING: Address 520c1 is outside range for A Read
blk_mem_gen_v8_4_10 WARNING: Address 520c2 is outside range for A Read
blk_mem_gen_v8_4_10 WARNING: Address 520c3 is outside range for A Read
blk_mem_gen_v8_4_10 WARNING: Address 520c4 is outside range for A Read
blk_mem_gen_v8_4_10 WARNING: Address 520c5 is outside range for A Read
blk_mem_gen_v8_4_10 WARNING: Address 520c6 is outside range for A Read
blk_mem_gen_v8_4_10 WARNING: Address 520c7 is outside range for A Read
blk_mem_gen_v8_4_10 WARNING: Address 520c8 is outside range for A Read
blk_mem_gen_v8_4_10 WARNING: Address 520c9 is outside range for A Read
blk_mem_gen_v8_4_10 WARNING: Address 520ca is outside range for A Read
blk_mem_gen_v8_4_10 WARNING: Address 520cb is outside range for A Read
blk_mem_gen_v8_4_10 WARNING: Address 520cc is outside range for A Read
blk_mem_gen_v8_4_10 WARNING: Address 520cd is outside range for A Read
blk_mem_gen_v8_4_10 WARNING: Address 520ce is outside range for A Read
blk_mem_gen_v8_4_10 WARNING: Address 520cf is outside range for A Read
blk_mem_gen_v8_4_10 WARNING: Address 520d0 is outside range for A Read
blk_mem_gen_v8_4_10 WARNING: Address 520d1 is outside range for A Read
blk_mem_gen_v8_4_10 WARNING: Address 520d2 is outside range for A Read
blk_mem_gen_v8_4_10 WARNING: Address 520d3 is outside range for A Read
blk_mem_gen_v8_4_10 WARNING: Address 520d4 is outside range for A Read
blk_mem_gen_v8_4_10 WARNING: Address 520d5 is outside range for A Read
blk_mem_gen_v8_4_10 WARNING: Address 520d6 is outside range for A Read
blk_mem_gen_v8_4_10 WARNING: Address 520d7 is outside range for A Read
blk_mem_gen_v8_4_10 WARNING: Address 520d8 is outside range for A Read
blk_mem_gen_v8_4_10 WARNING: Address 520d9 is outside range for A Read
blk_mem_gen_v8_4_10 WARNING: Address 520da is outside range for A Read
blk_mem_gen_v8_4_10 WARNING: Address 520db is outside range for A Read
blk_mem_gen_v8_4_10 WARNING: Address 520dc is outside range for A Read
blk_mem_gen_v8_4_10 WARNING: Address 520dd is outside range for A Read
blk_mem_gen_v8_4_10 WARNING: Address 520de is outside range for A Read
blk_mem_gen_v8_4_10 WARNING: Address 520df is outside range for A Read
blk_mem_gen_v8_4_10 WARNING: Address 520e0 is outside range for A Read
blk_mem_gen_v8_4_10 WARNING: Address 520e1 is outside range for A Read
blk_mem_gen_v8_4_10 WARNING: Address 520e2 is outside range for A Read
blk_mem_gen_v8_4_10 WARNING: Address 520e3 is outside range for A Read
blk_mem_gen_v8_4_10 WARNING: Address 520e4 is outside range for A Read
blk_mem_gen_v8_4_10 WARNING: Address 520e5 is outside range for A Read
blk_mem_gen_v8_4_10 WARNING: Address 520e6 is outside range for A Read
blk_mem_gen_v8_4_10 WARNING: Address 520e7 is outside range for A Read
blk_mem_gen_v8_4_10 WARNING: Address 520e8 is outside range for A Read
blk_mem_gen_v8_4_10 WARNING: Address 520e9 is outside range for A Read
blk_mem_gen_v8_4_10 WARNING: Address 520ea is outside range for A Read
blk_mem_gen_v8_4_10 WARNING: Address 520eb is outside range for A Read
blk_mem_gen_v8_4_10 WARNING: Address 520ec is outside range for A Read
blk_mem_gen_v8_4_10 WARNING: Address 520ed is outside range for A Read
blk_mem_gen_v8_4_10 WARNING: Address 520ee is outside range for A Read
blk_mem_gen_v8_4_10 WARNING: Address 520ef is outside range for A Read
blk_mem_gen_v8_4_10 WARNING: Address 520f0 is outside range for A Read
blk_mem_gen_v8_4_10 WARNING: Address 520f1 is outside range for A Read
blk_mem_gen_v8_4_10 WARNING: Address 520f2 is outside range for A Read
blk_mem_gen_v8_4_10 WARNING: Address 520f3 is outside range for A Read
blk_mem_gen_v8_4_10 WARNING: Address 520f4 is outside range for A Read
blk_mem_gen_v8_4_10 WARNING: Address 520f5 is outside range for A Read
blk_mem_gen_v8_4_10 WARNING: Address 520f6 is outside range for A Read
blk_mem_gen_v8_4_10 WARNING: Address 520f7 is outside range for A Read
blk_mem_gen_v8_4_10 WARNING: Address 520f8 is outside range for A Read
blk_mem_gen_v8_4_10 WARNING: Address 520f9 is outside range for A Read
blk_mem_gen_v8_4_10 WARNING: Address 520fa is outside range for A Read
blk_mem_gen_v8_4_10 WARNING: Address 520fb is outside range for A Read
blk_mem_gen_v8_4_10 WARNING: Address 520fc is outside range for A Read
blk_mem_gen_v8_4_10 WARNING: Address 520fd is outside range for A Read
blk_mem_gen_v8_4_10 WARNING: Address 520fe is outside range for A Read
blk_mem_gen_v8_4_10 WARNING: Address 520ff is outside range for A Read
blk_mem_gen_v8_4_10 WARNING: Address 52100 is outside range for A Read
blk_mem_gen_v8_4_10 WARNING: Address 52101 is outside range for A Read
blk_mem_gen_v8_4_10 WARNING: Address 52102 is outside range for A Read
blk_mem_gen_v8_4_10 WARNING: Address 52103 is outside range for A Read
blk_mem_gen_v8_4_10 WARNING: Address 52104 is outside range for A Read
blk_mem_gen_v8_4_10 WARNING: Address 52105 is outside range for A Read
blk_mem_gen_v8_4_10 WARNING: Address 52106 is outside range for A Read
blk_mem_gen_v8_4_10 WARNING: Address 52107 is outside range for A Read
blk_mem_gen_v8_4_10 WARNING: Address 52108 is outside range for A Read
blk_mem_gen_v8_4_10 WARNING: Address 52109 is outside range for A Read
blk_mem_gen_v8_4_10 WARNING: Address 5210a is outside range for A Read
blk_mem_gen_v8_4_10 WARNING: Address 5210b is outside range for A Read
blk_mem_gen_v8_4_10 WARNING: Address 5210c is outside range for A Read
blk_mem_gen_v8_4_10 WARNING: Address 5210d is outside range for A Read
blk_mem_gen_v8_4_10 WARNING: Address 5210e is outside range for A Read
blk_mem_gen_v8_4_10 WARNING: Address 5210f is outside range for A Read
blk_mem_gen_v8_4_10 WARNING: Address 52110 is outside range for A Read
blk_mem_gen_v8_4_10 WARNING: Address 52111 is outside range for A Read
blk_mem_gen_v8_4_10 WARNING: Address 52112 is outside range for A Read
blk_mem_gen_v8_4_10 WARNING: Address 52113 is outside range for A Read
blk_mem_gen_v8_4_10 WARNING: Address 52114 is outside range for A Read
blk_mem_gen_v8_4_10 WARNING: Address 52115 is outside range for A Read
blk_mem_gen_v8_4_10 WARNING: Address 52116 is outside range for A Read
blk_mem_gen_v8_4_10 WARNING: Address 52117 is outside range for A Read
blk_mem_gen_v8_4_10 WARNING: Address 52118 is outside range for A Read
blk_mem_gen_v8_4_10 WARNING: Address 52119 is outside range for A Read
blk_mem_gen_v8_4_10 WARNING: Address 5211a is outside range for A Read
blk_mem_gen_v8_4_10 WARNING: Address 5211b is outside range for A Read
blk_mem_gen_v8_4_10 WARNING: Address 5211c is outside range for A Read
blk_mem_gen_v8_4_10 WARNING: Address 5211d is outside range for A Read
blk_mem_gen_v8_4_10 WARNING: Address 5211e is outside range for A Read
blk_mem_gen_v8_4_10 WARNING: Address 5211f is outside range for A Read
