Copyright 1986-2022 Xilinx, Inc. All Rights Reserved. Copyright 2022-2025 Advanced Micro Devices, Inc. All Rights Reserved.
------------------------------------------------------------------------------------------------------------------------------------------------------------------------------------------------------------------------
| Tool Version : Vivado v.2024.2.2 (win64) Build 6060944 Thu Mar 06 19:10:01 MST 2025
| Date         : Thu Aug 20 23:22:19 2026
| Host         : c011-09 running 64-bit major release  (build 9200)
| Command      : report_timing_summary -max_paths 10 -report_unconstrained -file top_shell_timing_summary_routed.rpt -pb top_shell_timing_summary_routed.pb -rpx top_shell_timing_summary_routed.rpx -warn_on_violation
| Design       : top_shell
| Device       : 7a35t-cpg236
| Speed File   : -1  PRODUCTION 1.23 2018-06-13
| Design State : Routed
------------------------------------------------------------------------------------------------------------------------------------------------------------------------------------------------------------------------

Timing Summary Report

------------------------------------------------------------------------------------------------
| Timer Settings
| --------------
------------------------------------------------------------------------------------------------

  Enable Multi Corner Analysis               :  Yes
  Enable Pessimism Removal                   :  Yes
  Pessimism Removal Resolution               :  Nearest Common Node
  Enable Input Delay Default Clock           :  No
  Enable Preset / Clear Arcs                 :  No
  Disable Flight Delays                      :  No
  Ignore I/O Paths                           :  No
  Timing Early Launch at Borrowing Latches   :  No
  Borrow Time for Max Delay Exceptions       :  Yes
  Merge Timing Exceptions                    :  Yes
  Inter-SLR Compensation                     :  Conservative

  Corner  Analyze    Analyze    
  Name    Max Paths  Min Paths  
  ------  ---------  ---------  
  Slow    Yes        Yes        
  Fast    Yes        Yes        


------------------------------------------------------------------------------------------------
| Report Methodology
| ------------------
------------------------------------------------------------------------------------------------

Rule       Severity          Description                  Violations  
---------  ----------------  ---------------------------  ----------  
TIMING-17  Critical Warning  Non-clocked sequential cell  255         

Note: This report is based on the most recent report_methodology run and may not be up-to-date. Run report_methodology on the current design for the latest report.



check_timing report

Table of Contents
-----------------
1. checking no_clock (255)
2. checking constant_clock (0)
3. checking pulse_width_clock (0)
4. checking unconstrained_internal_endpoints (1147)
5. checking no_input_delay (8)
6. checking no_output_delay (14)
7. checking multiple_clock (0)
8. checking generated_clocks (0)
9. checking loops (0)
10. checking partial_input_delay (0)
11. checking partial_output_delay (0)
12. checking latch_loops (0)

1. checking no_clock (255)
--------------------------
 There are 255 register/latch pins with no clock driven by root clock pin: clocking/system_clk_tog_reg/Q (HIGH)


2. checking constant_clock (0)
------------------------------
 There are 0 register/latch pins with constant_clock.


3. checking pulse_width_clock (0)
---------------------------------
 There are 0 register/latch pins which need pulse_width check


4. checking unconstrained_internal_endpoints (1147)
---------------------------------------------------
 There are 1147 pins that are not constrained for maximum delay. (HIGH)

 There are 0 pins that are not constrained for maximum delay due to constant clock.


5. checking no_input_delay (8)
------------------------------
 There are 8 input ports with no input delay specified. (HIGH)

 There are 0 input ports with no input delay but user has a false path constraint.


6. checking no_output_delay (14)
--------------------------------
 There are 14 ports with no output delay specified. (HIGH)

 There are 0 ports with no output delay but user has a false path constraint

 There are 0 ports with no output delay but with a timing clock defined on it or propagating through it


7. checking multiple_clock (0)
------------------------------
 There are 0 register/latch pins with multiple clocks.


8. checking generated_clocks (0)
--------------------------------
 There are 0 generated clocks that are not connected to a clock source.


9. checking loops (0)
---------------------
 There are 0 combinational loops in the design.


10. checking partial_input_delay (0)
------------------------------------
 There are 0 input ports with partial input delay specified.


11. checking partial_output_delay (0)
-------------------------------------
 There are 0 ports with partial output delay specified.


12. checking latch_loops (0)
----------------------------
 There are 0 combinational latch loops in the design through latch input



------------------------------------------------------------------------------------------------
| Design Timing Summary
| ---------------------
------------------------------------------------------------------------------------------------

    WNS(ns)      TNS(ns)  TNS Failing Endpoints  TNS Total Endpoints      WHS(ns)      THS(ns)  THS Failing Endpoints  THS Total Endpoints     WPWS(ns)     TPWS(ns)  TPWS Failing Endpoints  TPWS Total Endpoints  
    -------      -------  ---------------------  -------------------      -------      -------  ---------------------  -------------------     --------     --------  ----------------------  --------------------  
      8.157        0.000                      0                    2        0.440        0.000                      0                    2        4.500        0.000                       0                     3  


All user specified timing constraints are met.


------------------------------------------------------------------------------------------------
| Clock Summary
| -------------
------------------------------------------------------------------------------------------------

Clock        Waveform(ns)       Period(ns)      Frequency(MHz)
-----        ------------       ----------      --------------
sys_clk_pin  {0.000 5.000}      10.000          100.000         


------------------------------------------------------------------------------------------------
| Intra Clock Table
| -----------------
------------------------------------------------------------------------------------------------

Clock             WNS(ns)      TNS(ns)  TNS Failing Endpoints  TNS Total Endpoints      WHS(ns)      THS(ns)  THS Failing Endpoints  THS Total Endpoints     WPWS(ns)     TPWS(ns)  TPWS Failing Endpoints  TPWS Total Endpoints  
-----             -------      -------  ---------------------  -------------------      -------      -------  ---------------------  -------------------     --------     --------  ----------------------  --------------------  
sys_clk_pin         8.157        0.000                      0                    2        0.440        0.000                      0                    2        4.500        0.000                       0                     3  


------------------------------------------------------------------------------------------------
| Inter Clock Table
| -----------------
------------------------------------------------------------------------------------------------

From Clock    To Clock          WNS(ns)      TNS(ns)  TNS Failing Endpoints  TNS Total Endpoints      WHS(ns)      THS(ns)  THS Failing Endpoints  THS Total Endpoints  
----------    --------          -------      -------  ---------------------  -------------------      -------      -------  ---------------------  -------------------  


------------------------------------------------------------------------------------------------
| Other Path Groups Table
| -----------------------
------------------------------------------------------------------------------------------------

Path Group    From Clock    To Clock          WNS(ns)      TNS(ns)  TNS Failing Endpoints  TNS Total Endpoints      WHS(ns)      THS(ns)  THS Failing Endpoints  THS Total Endpoints  
----------    ----------    --------          -------      -------  ---------------------  -------------------      -------      -------  ---------------------  -------------------  


------------------------------------------------------------------------------------------------
| User Ignored Path Table
| -----------------------
------------------------------------------------------------------------------------------------

Path Group    From Clock    To Clock    
----------    ----------    --------    


------------------------------------------------------------------------------------------------
| Unconstrained Path Table
| ------------------------
------------------------------------------------------------------------------------------------

Path Group    From Clock    To Clock    
----------    ----------    --------    
(none)                                    


------------------------------------------------------------------------------------------------
| Timing Details
| --------------
------------------------------------------------------------------------------------------------


---------------------------------------------------------------------------------------------------
From Clock:  sys_clk_pin
  To Clock:  sys_clk_pin

Setup :            0  Failing Endpoints,  Worst Slack        8.157ns,  Total Violation        0.000ns
Hold  :            0  Failing Endpoints,  Worst Slack        0.440ns,  Total Violation        0.000ns
PW    :            0  Failing Endpoints,  Worst Slack        4.500ns,  Total Violation        0.000ns
---------------------------------------------------------------------------------------------------


Max Delay Paths
--------------------------------------------------------------------------------------
Slack (MET) :             8.157ns  (required time - arrival time)
  Source:                 clocking/system_clk_divider_counter_reg[0]/C
                            (rising edge-triggered cell FDRE clocked by sys_clk_pin  {rise@0.000ns fall@5.000ns period=10.000ns})
  Destination:            clocking/system_clk_divider_counter_reg[0]/D
                            (rising edge-triggered cell FDRE clocked by sys_clk_pin  {rise@0.000ns fall@5.000ns period=10.000ns})
  Path Group:             sys_clk_pin
  Path Type:              Setup (Max at Slow Process Corner)
  Requirement:            10.000ns  (sys_clk_pin rise@10.000ns - sys_clk_pin rise@0.000ns)
  Data Path Delay:        1.836ns  (logic 0.580ns (31.582%)  route 1.256ns (68.418%))
  Logic Levels:           1  (LUT1=1)
  Clock Path Skew:        0.000ns (DCD - SCD + CPR)
    Destination Clock Delay (DCD):    4.786ns = ( 14.786 - 10.000 ) 
    Source Clock Delay      (SCD):    5.086ns
    Clock Pessimism Removal (CPR):    0.300ns
  Clock Uncertainty:      0.035ns  ((TSJ^2 + TIJ^2)^1/2 + DJ) / 2 + PE
    Total System Jitter     (TSJ):    0.071ns
    Total Input Jitter      (TIJ):    0.000ns
    Discrete Jitter          (DJ):    0.000ns
    Phase Error              (PE):    0.000ns

    Location             Delay type                Incr(ns)  Path(ns)    Netlist Resource(s)
  -------------------------------------------------------------------    -------------------
                         (clock sys_clk_pin rise edge)
                                                      0.000     0.000 r  
    W5                                                0.000     0.000 r  clk_ext_port (IN)
                         net (fo=0)                   0.000     0.000    clk_ext_port
    W5                   IBUF (Prop_ibuf_I_O)         1.458     1.458 r  clk_ext_port_IBUF_inst/O
                         net (fo=1, routed)           1.967     3.425    clk_ext_port_IBUF
    BUFGCTRL_X0Y1        BUFG (Prop_bufg_I_O)         0.096     3.521 r  clk_ext_port_IBUF_BUFG_inst/O
                         net (fo=2, routed)           1.565     5.086    clocking/clk_ext_port_IBUF_BUFG
    SLICE_X36Y46         FDRE                                         r  clocking/system_clk_divider_counter_reg[0]/C
  -------------------------------------------------------------------    -------------------
    SLICE_X36Y46         FDRE (Prop_fdre_C_Q)         0.456     5.542 f  clocking/system_clk_divider_counter_reg[0]/Q
                         net (fo=2, routed)           1.256     6.799    clocking/system_clk_divider_counter
    SLICE_X36Y46         LUT1 (Prop_lut1_I0_O)        0.124     6.923 r  clocking/system_clk_divider_counter[0]_i_1/O
                         net (fo=1, routed)           0.000     6.923    clocking/p_0_in
    SLICE_X36Y46         FDRE                                         r  clocking/system_clk_divider_counter_reg[0]/D
  -------------------------------------------------------------------    -------------------

                         (clock sys_clk_pin rise edge)
                                                     10.000    10.000 r  
    W5                                                0.000    10.000 r  clk_ext_port (IN)
                         net (fo=0)                   0.000    10.000    clk_ext_port
    W5                   IBUF (Prop_ibuf_I_O)         1.388    11.388 r  clk_ext_port_IBUF_inst/O
                         net (fo=1, routed)           1.862    13.250    clk_ext_port_IBUF
    BUFGCTRL_X0Y1        BUFG (Prop_bufg_I_O)         0.091    13.341 r  clk_ext_port_IBUF_BUFG_inst/O
                         net (fo=2, routed)           1.445    14.786    clocking/clk_ext_port_IBUF_BUFG
    SLICE_X36Y46         FDRE                                         r  clocking/system_clk_divider_counter_reg[0]/C
                         clock pessimism              0.300    15.086    
                         clock uncertainty           -0.035    15.051    
    SLICE_X36Y46         FDRE (Setup_fdre_C_D)        0.029    15.080    clocking/system_clk_divider_counter_reg[0]
  -------------------------------------------------------------------
                         required time                         15.080    
                         arrival time                          -6.923    
  -------------------------------------------------------------------
                         slack                                  8.157    

Slack (MET) :             8.175ns  (required time - arrival time)
  Source:                 clocking/system_clk_divider_counter_reg[0]/C
                            (rising edge-triggered cell FDRE clocked by sys_clk_pin  {rise@0.000ns fall@5.000ns period=10.000ns})
  Destination:            clocking/system_clk_tog_reg/D
                            (rising edge-triggered cell FDRE clocked by sys_clk_pin  {rise@0.000ns fall@5.000ns period=10.000ns})
  Path Group:             sys_clk_pin
  Path Type:              Setup (Max at Slow Process Corner)
  Requirement:            10.000ns  (sys_clk_pin rise@10.000ns - sys_clk_pin rise@0.000ns)
  Data Path Delay:        1.864ns  (logic 0.608ns (32.609%)  route 1.256ns (67.391%))
  Logic Levels:           1  (LUT2=1)
  Clock Path Skew:        0.000ns (DCD - SCD + CPR)
    Destination Clock Delay (DCD):    4.786ns = ( 14.786 - 10.000 ) 
    Source Clock Delay      (SCD):    5.086ns
    Clock Pessimism Removal (CPR):    0.300ns
  Clock Uncertainty:      0.035ns  ((TSJ^2 + TIJ^2)^1/2 + DJ) / 2 + PE
    Total System Jitter     (TSJ):    0.071ns
    Total Input Jitter      (TIJ):    0.000ns
    Discrete Jitter          (DJ):    0.000ns
    Phase Error              (PE):    0.000ns

    Location             Delay type                Incr(ns)  Path(ns)    Netlist Resource(s)
  -------------------------------------------------------------------    -------------------
                         (clock sys_clk_pin rise edge)
                                                      0.000     0.000 r  
    W5                                                0.000     0.000 r  clk_ext_port (IN)
                         net (fo=0)                   0.000     0.000    clk_ext_port
    W5                   IBUF (Prop_ibuf_I_O)         1.458     1.458 r  clk_ext_port_IBUF_inst/O
                         net (fo=1, routed)           1.967     3.425    clk_ext_port_IBUF
    BUFGCTRL_X0Y1        BUFG (Prop_bufg_I_O)         0.096     3.521 r  clk_ext_port_IBUF_BUFG_inst/O
                         net (fo=2, routed)           1.565     5.086    clocking/clk_ext_port_IBUF_BUFG
    SLICE_X36Y46         FDRE                                         r  clocking/system_clk_divider_counter_reg[0]/C
  -------------------------------------------------------------------    -------------------
    SLICE_X36Y46         FDRE (Prop_fdre_C_Q)         0.456     5.542 r  clocking/system_clk_divider_counter_reg[0]/Q
                         net (fo=2, routed)           1.256     6.799    clocking/system_clk_divider_counter
    SLICE_X36Y46         LUT2 (Prop_lut2_I0_O)        0.152     6.951 r  clocking/system_clk_tog_i_1/O
                         net (fo=1, routed)           0.000     6.951    clocking/system_clk_tog_i_1_n_0
    SLICE_X36Y46         FDRE                                         r  clocking/system_clk_tog_reg/D
  -------------------------------------------------------------------    -------------------

                         (clock sys_clk_pin rise edge)
                                                     10.000    10.000 r  
    W5                                                0.000    10.000 r  clk_ext_port (IN)
                         net (fo=0)                   0.000    10.000    clk_ext_port
    W5                   IBUF (Prop_ibuf_I_O)         1.388    11.388 r  clk_ext_port_IBUF_inst/O
                         net (fo=1, routed)           1.862    13.250    clk_ext_port_IBUF
    BUFGCTRL_X0Y1        BUFG (Prop_bufg_I_O)         0.091    13.341 r  clk_ext_port_IBUF_BUFG_inst/O
                         net (fo=2, routed)           1.445    14.786    clocking/clk_ext_port_IBUF_BUFG
    SLICE_X36Y46         FDRE                                         r  clocking/system_clk_tog_reg/C
                         clock pessimism              0.300    15.086    
                         clock uncertainty           -0.035    15.051    
    SLICE_X36Y46         FDRE (Setup_fdre_C_D)        0.075    15.126    clocking/system_clk_tog_reg
  -------------------------------------------------------------------
                         required time                         15.126    
                         arrival time                          -6.951    
  -------------------------------------------------------------------
                         slack                                  8.175    





Min Delay Paths
--------------------------------------------------------------------------------------
Slack (MET) :             0.440ns  (arrival time - required time)
  Source:                 clocking/system_clk_tog_reg/C
                            (rising edge-triggered cell FDRE clocked by sys_clk_pin  {rise@0.000ns fall@5.000ns period=10.000ns})
  Destination:            clocking/system_clk_tog_reg/D
                            (rising edge-triggered cell FDRE clocked by sys_clk_pin  {rise@0.000ns fall@5.000ns period=10.000ns})
  Path Group:             sys_clk_pin
  Path Type:              Hold (Min at Fast Process Corner)
  Requirement:            0.000ns  (sys_clk_pin rise@0.000ns - sys_clk_pin rise@0.000ns)
  Data Path Delay:        0.547ns  (logic 0.228ns (41.713%)  route 0.319ns (58.287%))
  Logic Levels:           1  (LUT2=1)
  Clock Path Skew:        0.000ns (DCD - SCD - CPR)
    Destination Clock Delay (DCD):    1.959ns
    Source Clock Delay      (SCD):    1.446ns
    Clock Pessimism Removal (CPR):    0.513ns

    Location             Delay type                Incr(ns)  Path(ns)    Netlist Resource(s)
  -------------------------------------------------------------------    -------------------
                         (clock sys_clk_pin rise edge)
                                                      0.000     0.000 r  
    W5                                                0.000     0.000 r  clk_ext_port (IN)
                         net (fo=0)                   0.000     0.000    clk_ext_port
    W5                   IBUF (Prop_ibuf_I_O)         0.226     0.226 r  clk_ext_port_IBUF_inst/O
                         net (fo=1, routed)           0.631     0.858    clk_ext_port_IBUF
    BUFGCTRL_X0Y1        BUFG (Prop_bufg_I_O)         0.026     0.884 r  clk_ext_port_IBUF_BUFG_inst/O
                         net (fo=2, routed)           0.563     1.446    clocking/clk_ext_port_IBUF_BUFG
    SLICE_X36Y46         FDRE                                         r  clocking/system_clk_tog_reg/C
  -------------------------------------------------------------------    -------------------
    SLICE_X36Y46         FDRE (Prop_fdre_C_Q)         0.128     1.574 r  clocking/system_clk_tog_reg/Q
                         net (fo=2, routed)           0.319     1.893    clocking/I
    SLICE_X36Y46         LUT2 (Prop_lut2_I1_O)        0.100     1.993 r  clocking/system_clk_tog_i_1/O
                         net (fo=1, routed)           0.000     1.993    clocking/system_clk_tog_i_1_n_0
    SLICE_X36Y46         FDRE                                         r  clocking/system_clk_tog_reg/D
  -------------------------------------------------------------------    -------------------

                         (clock sys_clk_pin rise edge)
                                                      0.000     0.000 r  
    W5                                                0.000     0.000 r  clk_ext_port (IN)
                         net (fo=0)                   0.000     0.000    clk_ext_port
    W5                   IBUF (Prop_ibuf_I_O)         0.414     0.414 r  clk_ext_port_IBUF_inst/O
                         net (fo=1, routed)           0.685     1.099    clk_ext_port_IBUF
    BUFGCTRL_X0Y1        BUFG (Prop_bufg_I_O)         0.029     1.128 r  clk_ext_port_IBUF_BUFG_inst/O
                         net (fo=2, routed)           0.832     1.959    clocking/clk_ext_port_IBUF_BUFG
    SLICE_X36Y46         FDRE                                         r  clocking/system_clk_tog_reg/C
                         clock pessimism             -0.513     1.446    
    SLICE_X36Y46         FDRE (Hold_fdre_C_D)         0.107     1.553    clocking/system_clk_tog_reg
  -------------------------------------------------------------------
                         required time                         -1.553    
                         arrival time                           1.993    
  -------------------------------------------------------------------
                         slack                                  0.440    

Slack (MET) :             0.553ns  (arrival time - required time)
  Source:                 clocking/system_clk_divider_counter_reg[0]/C
                            (rising edge-triggered cell FDRE clocked by sys_clk_pin  {rise@0.000ns fall@5.000ns period=10.000ns})
  Destination:            clocking/system_clk_divider_counter_reg[0]/D
                            (rising edge-triggered cell FDRE clocked by sys_clk_pin  {rise@0.000ns fall@5.000ns period=10.000ns})
  Path Group:             sys_clk_pin
  Path Type:              Hold (Min at Fast Process Corner)
  Requirement:            0.000ns  (sys_clk_pin rise@0.000ns - sys_clk_pin rise@0.000ns)
  Data Path Delay:        0.644ns  (logic 0.186ns (28.860%)  route 0.458ns (71.140%))
  Logic Levels:           1  (LUT1=1)
  Clock Path Skew:        0.000ns (DCD - SCD - CPR)
    Destination Clock Delay (DCD):    1.959ns
    Source Clock Delay      (SCD):    1.446ns
    Clock Pessimism Removal (CPR):    0.513ns

    Location             Delay type                Incr(ns)  Path(ns)    Netlist Resource(s)
  -------------------------------------------------------------------    -------------------
                         (clock sys_clk_pin rise edge)
                                                      0.000     0.000 r  
    W5                                                0.000     0.000 r  clk_ext_port (IN)
                         net (fo=0)                   0.000     0.000    clk_ext_port
    W5                   IBUF (Prop_ibuf_I_O)         0.226     0.226 r  clk_ext_port_IBUF_inst/O
                         net (fo=1, routed)           0.631     0.858    clk_ext_port_IBUF
    BUFGCTRL_X0Y1        BUFG (Prop_bufg_I_O)         0.026     0.884 r  clk_ext_port_IBUF_BUFG_inst/O
                         net (fo=2, routed)           0.563     1.446    clocking/clk_ext_port_IBUF_BUFG
    SLICE_X36Y46         FDRE                                         r  clocking/system_clk_divider_counter_reg[0]/C
  -------------------------------------------------------------------    -------------------
    SLICE_X36Y46         FDRE (Prop_fdre_C_Q)         0.141     1.587 f  clocking/system_clk_divider_counter_reg[0]/Q
                         net (fo=2, routed)           0.458     2.046    clocking/system_clk_divider_counter
    SLICE_X36Y46         LUT1 (Prop_lut1_I0_O)        0.045     2.091 r  clocking/system_clk_divider_counter[0]_i_1/O
                         net (fo=1, routed)           0.000     2.091    clocking/p_0_in
    SLICE_X36Y46         FDRE                                         r  clocking/system_clk_divider_counter_reg[0]/D
  -------------------------------------------------------------------    -------------------

                         (clock sys_clk_pin rise edge)
                                                      0.000     0.000 r  
    W5                                                0.000     0.000 r  clk_ext_port (IN)
                         net (fo=0)                   0.000     0.000    clk_ext_port
    W5                   IBUF (Prop_ibuf_I_O)         0.414     0.414 r  clk_ext_port_IBUF_inst/O
                         net (fo=1, routed)           0.685     1.099    clk_ext_port_IBUF
    BUFGCTRL_X0Y1        BUFG (Prop_bufg_I_O)         0.029     1.128 r  clk_ext_port_IBUF_BUFG_inst/O
                         net (fo=2, routed)           0.832     1.959    clocking/clk_ext_port_IBUF_BUFG
    SLICE_X36Y46         FDRE                                         r  clocking/system_clk_divider_counter_reg[0]/C
                         clock pessimism             -0.513     1.446    
    SLICE_X36Y46         FDRE (Hold_fdre_C_D)         0.091     1.537    clocking/system_clk_divider_counter_reg[0]
  -------------------------------------------------------------------
                         required time                         -1.537    
                         arrival time                           2.091    
  -------------------------------------------------------------------
                         slack                                  0.553    





Pulse Width Checks
--------------------------------------------------------------------------------------
Clock Name:         sys_clk_pin
Waveform(ns):       { 0.000 5.000 }
Period(ns):         10.000
Sources:            { clk_ext_port }

Check Type        Corner  Lib Pin  Reference Pin  Required(ns)  Actual(ns)  Slack(ns)  Location       Pin
Min Period        n/a     BUFG/I   n/a            2.155         10.000      7.845      BUFGCTRL_X0Y1  clk_ext_port_IBUF_BUFG_inst/I
Min Period        n/a     FDRE/C   n/a            1.000         10.000      9.000      SLICE_X36Y46   clocking/system_clk_divider_counter_reg[0]/C
Min Period        n/a     FDRE/C   n/a            1.000         10.000      9.000      SLICE_X36Y46   clocking/system_clk_tog_reg/C
Low Pulse Width   Slow    FDRE/C   n/a            0.500         5.000       4.500      SLICE_X36Y46   clocking/system_clk_divider_counter_reg[0]/C
Low Pulse Width   Fast    FDRE/C   n/a            0.500         5.000       4.500      SLICE_X36Y46   clocking/system_clk_divider_counter_reg[0]/C
Low Pulse Width   Slow    FDRE/C   n/a            0.500         5.000       4.500      SLICE_X36Y46   clocking/system_clk_tog_reg/C
Low Pulse Width   Fast    FDRE/C   n/a            0.500         5.000       4.500      SLICE_X36Y46   clocking/system_clk_tog_reg/C
High Pulse Width  Slow    FDRE/C   n/a            0.500         5.000       4.500      SLICE_X36Y46   clocking/system_clk_divider_counter_reg[0]/C
High Pulse Width  Fast    FDRE/C   n/a            0.500         5.000       4.500      SLICE_X36Y46   clocking/system_clk_divider_counter_reg[0]/C
High Pulse Width  Slow    FDRE/C   n/a            0.500         5.000       4.500      SLICE_X36Y46   clocking/system_clk_tog_reg/C
High Pulse Width  Fast    FDRE/C   n/a            0.500         5.000       4.500      SLICE_X36Y46   clocking/system_clk_tog_reg/C



--------------------------------------------------------------------------------------
Path Group:  (none)
From Clock:  
  To Clock:  

Max Delay          1161 Endpoints
Min Delay          1161 Endpoints
--------------------------------------------------------------------------------------


Max Delay Paths
--------------------------------------------------------------------------------------
Slack:                    inf
  Source:                 tracker/YCount_reg[0]/C
                            (rising edge-triggered cell FDRE)
  Destination:            <hidden>
  Path Group:             (none)
  Path Type:              Max at Slow Process Corner
  Data Path Delay:        16.550ns  (logic 5.026ns (30.369%)  route 11.524ns (69.631%))
  Logic Levels:           6  (DSP48E1=1 FDRE=1 LUT4=2 LUT6=2)

    Location             Delay type                Incr(ns)  Path(ns)    Netlist Resource(s)
  -------------------------------------------------------------------    -------------------
    SLICE_X37Y15         FDRE                         0.000     0.000 r  tracker/YCount_reg[0]/C
    SLICE_X37Y15         FDRE (Prop_fdre_C_Q)         0.456     0.456 r  tracker/YCount_reg[0]/Q
                         net (fo=10, routed)          1.088     1.544    tracker/YCount_reg[8]_0[0]
    SLICE_X36Y12         LUT6 (Prop_lut6_I3_O)        0.124     1.668 r  tracker/brush_addr_i_59/O
                         net (fo=1, routed)           0.811     2.479    tracker/brush_addr_i_59_n_0
    SLICE_X36Y13         LUT4 (Prop_lut4_I2_O)        0.154     2.633 r  tracker/brush_addr_i_40/O
                         net (fo=19, routed)          1.044     3.677    frame_update/drawY10_in
    SLICE_X35Y15         LUT4 (Prop_lut4_I1_O)        0.327     4.004 r  frame_update/brush_addr_i_1/O
                         net (fo=12, routed)          2.200     6.204    frame_update/A_1[18]
    DSP48_X1Y6           DSP48E1 (Prop_dsp48e1_A[25]_P[4])
                                                      3.841    10.045 r  frame_update/brush_addr/P[4]
                         net (fo=1, routed)           1.024    11.069    frame_update/brush_addr__0[4]
    SLICE_X44Y16         LUT6 (Prop_lut6_I1_O)        0.124    11.193 r  frame_update/frame_buf_i_16/O
                         net (fo=29, routed)          5.357    16.550    <hidden>
    RAMB36_X0Y3          RAMB36E1                                     r  <hidden>
  -------------------------------------------------------------------    -------------------

Slack:                    inf
  Source:                 tracker/YCount_reg[0]/C
                            (rising edge-triggered cell FDRE)
  Destination:            <hidden>
  Path Group:             (none)
  Path Type:              Max at Slow Process Corner
  Data Path Delay:        16.212ns  (logic 5.026ns (31.002%)  route 11.186ns (68.998%))
  Logic Levels:           6  (DSP48E1=1 FDRE=1 LUT4=2 LUT6=2)

    Location             Delay type                Incr(ns)  Path(ns)    Netlist Resource(s)
  -------------------------------------------------------------------    -------------------
    SLICE_X37Y15         FDRE                         0.000     0.000 r  tracker/YCount_reg[0]/C
    SLICE_X37Y15         FDRE (Prop_fdre_C_Q)         0.456     0.456 r  tracker/YCount_reg[0]/Q
                         net (fo=10, routed)          1.088     1.544    tracker/YCount_reg[8]_0[0]
    SLICE_X36Y12         LUT6 (Prop_lut6_I3_O)        0.124     1.668 r  tracker/brush_addr_i_59/O
                         net (fo=1, routed)           0.811     2.479    tracker/brush_addr_i_59_n_0
    SLICE_X36Y13         LUT4 (Prop_lut4_I2_O)        0.154     2.633 r  tracker/brush_addr_i_40/O
                         net (fo=19, routed)          1.044     3.677    frame_update/drawY10_in
    SLICE_X35Y15         LUT4 (Prop_lut4_I1_O)        0.327     4.004 r  frame_update/brush_addr_i_1/O
                         net (fo=12, routed)          2.200     6.204    frame_update/A_1[18]
    DSP48_X1Y6           DSP48E1 (Prop_dsp48e1_A[25]_P[4])
                                                      3.841    10.045 r  frame_update/brush_addr/P[4]
                         net (fo=1, routed)           1.024    11.069    frame_update/brush_addr__0[4]
    SLICE_X44Y16         LUT6 (Prop_lut6_I1_O)        0.124    11.193 r  frame_update/frame_buf_i_16/O
                         net (fo=29, routed)          5.019    16.212    <hidden>
    RAMB36_X0Y4          RAMB36E1                                     r  <hidden>
  -------------------------------------------------------------------    -------------------

Slack:                    inf
  Source:                 tracker/YCount_reg[0]/C
                            (rising edge-triggered cell FDRE)
  Destination:            <hidden>
  Path Group:             (none)
  Path Type:              Max at Slow Process Corner
  Data Path Delay:        15.874ns  (logic 5.026ns (31.662%)  route 10.848ns (68.338%))
  Logic Levels:           6  (DSP48E1=1 FDRE=1 LUT4=2 LUT6=2)

    Location             Delay type                Incr(ns)  Path(ns)    Netlist Resource(s)
  -------------------------------------------------------------------    -------------------
    SLICE_X37Y15         FDRE                         0.000     0.000 r  tracker/YCount_reg[0]/C
    SLICE_X37Y15         FDRE (Prop_fdre_C_Q)         0.456     0.456 r  tracker/YCount_reg[0]/Q
                         net (fo=10, routed)          1.088     1.544    tracker/YCount_reg[8]_0[0]
    SLICE_X36Y12         LUT6 (Prop_lut6_I3_O)        0.124     1.668 r  tracker/brush_addr_i_59/O
                         net (fo=1, routed)           0.811     2.479    tracker/brush_addr_i_59_n_0
    SLICE_X36Y13         LUT4 (Prop_lut4_I2_O)        0.154     2.633 r  tracker/brush_addr_i_40/O
                         net (fo=19, routed)          1.044     3.677    frame_update/drawY10_in
    SLICE_X35Y15         LUT4 (Prop_lut4_I1_O)        0.327     4.004 r  frame_update/brush_addr_i_1/O
                         net (fo=12, routed)          2.200     6.204    frame_update/A_1[18]
    DSP48_X1Y6           DSP48E1 (Prop_dsp48e1_A[25]_P[4])
                                                      3.841    10.045 r  frame_update/brush_addr/P[4]
                         net (fo=1, routed)           1.024    11.069    frame_update/brush_addr__0[4]
    SLICE_X44Y16         LUT6 (Prop_lut6_I1_O)        0.124    11.193 r  frame_update/frame_buf_i_16/O
                         net (fo=29, routed)          4.681    15.874    <hidden>
    RAMB36_X0Y5          RAMB36E1                                     r  <hidden>
  -------------------------------------------------------------------    -------------------

Slack:                    inf
  Source:                 tracker/YCount_reg[0]/C
                            (rising edge-triggered cell FDRE)
  Destination:            <hidden>
  Path Group:             (none)
  Path Type:              Max at Slow Process Corner
  Data Path Delay:        15.686ns  (logic 5.026ns (32.042%)  route 10.660ns (67.958%))
  Logic Levels:           6  (DSP48E1=1 FDRE=1 LUT4=2 LUT6=2)

    Location             Delay type                Incr(ns)  Path(ns)    Netlist Resource(s)
  -------------------------------------------------------------------    -------------------
    SLICE_X37Y15         FDRE                         0.000     0.000 r  tracker/YCount_reg[0]/C
    SLICE_X37Y15         FDRE (Prop_fdre_C_Q)         0.456     0.456 r  tracker/YCount_reg[0]/Q
                         net (fo=10, routed)          1.088     1.544    tracker/YCount_reg[8]_0[0]
    SLICE_X36Y12         LUT6 (Prop_lut6_I3_O)        0.124     1.668 r  tracker/brush_addr_i_59/O
                         net (fo=1, routed)           0.811     2.479    tracker/brush_addr_i_59_n_0
    SLICE_X36Y13         LUT4 (Prop_lut4_I2_O)        0.154     2.633 r  tracker/brush_addr_i_40/O
                         net (fo=19, routed)          1.044     3.677    frame_update/drawY10_in
    SLICE_X35Y15         LUT4 (Prop_lut4_I1_O)        0.327     4.004 r  frame_update/brush_addr_i_1/O
                         net (fo=12, routed)          2.200     6.204    frame_update/A_1[18]
    DSP48_X1Y6           DSP48E1 (Prop_dsp48e1_A[25]_P[11])
                                                      3.841    10.045 r  frame_update/brush_addr/P[11]
                         net (fo=1, routed)           1.476    11.521    frame_update/brush_addr__0[11]
    SLICE_X44Y17         LUT6 (Prop_lut6_I1_O)        0.124    11.645 r  frame_update/frame_buf_i_9/O
                         net (fo=29, routed)          4.041    15.686    <hidden>
    RAMB36_X2Y11         RAMB36E1                                     r  <hidden>
  -------------------------------------------------------------------    -------------------

Slack:                    inf
  Source:                 tracker/YCount_reg[0]/C
                            (rising edge-triggered cell FDRE)
  Destination:            <hidden>
  Path Group:             (none)
  Path Type:              Max at Slow Process Corner
  Data Path Delay:        15.653ns  (logic 5.026ns (32.108%)  route 10.627ns (67.892%))
  Logic Levels:           6  (DSP48E1=1 FDRE=1 LUT4=2 LUT6=2)

    Location             Delay type                Incr(ns)  Path(ns)    Netlist Resource(s)
  -------------------------------------------------------------------    -------------------
    SLICE_X37Y15         FDRE                         0.000     0.000 r  tracker/YCount_reg[0]/C
    SLICE_X37Y15         FDRE (Prop_fdre_C_Q)         0.456     0.456 r  tracker/YCount_reg[0]/Q
                         net (fo=10, routed)          1.088     1.544    tracker/YCount_reg[8]_0[0]
    SLICE_X36Y12         LUT6 (Prop_lut6_I3_O)        0.124     1.668 r  tracker/brush_addr_i_59/O
                         net (fo=1, routed)           0.811     2.479    tracker/brush_addr_i_59_n_0
    SLICE_X36Y13         LUT4 (Prop_lut4_I2_O)        0.154     2.633 r  tracker/brush_addr_i_40/O
                         net (fo=19, routed)          1.044     3.677    frame_update/drawY10_in
    SLICE_X35Y15         LUT4 (Prop_lut4_I1_O)        0.327     4.004 r  frame_update/brush_addr_i_1/O
                         net (fo=12, routed)          2.200     6.204    frame_update/A_1[18]
    DSP48_X1Y6           DSP48E1 (Prop_dsp48e1_A[25]_P[5])
                                                      3.841    10.045 r  frame_update/brush_addr/P[5]
                         net (fo=1, routed)           1.442    11.487    frame_update/brush_addr__0[5]
    SLICE_X44Y16         LUT6 (Prop_lut6_I1_O)        0.124    11.611 r  frame_update/frame_buf_i_15/O
                         net (fo=29, routed)          4.042    15.653    <hidden>
    RAMB36_X2Y11         RAMB36E1                                     r  <hidden>
  -------------------------------------------------------------------    -------------------

Slack:                    inf
  Source:                 tracker/YCount_reg[0]/C
                            (rising edge-triggered cell FDRE)
  Destination:            <hidden>
  Path Group:             (none)
  Path Type:              Max at Slow Process Corner
  Data Path Delay:        15.592ns  (logic 5.026ns (32.235%)  route 10.566ns (67.765%))
  Logic Levels:           6  (DSP48E1=1 FDRE=1 LUT4=2 LUT6=2)

    Location             Delay type                Incr(ns)  Path(ns)    Netlist Resource(s)
  -------------------------------------------------------------------    -------------------
    SLICE_X37Y15         FDRE                         0.000     0.000 r  tracker/YCount_reg[0]/C
    SLICE_X37Y15         FDRE (Prop_fdre_C_Q)         0.456     0.456 r  tracker/YCount_reg[0]/Q
                         net (fo=10, routed)          1.088     1.544    tracker/YCount_reg[8]_0[0]
    SLICE_X36Y12         LUT6 (Prop_lut6_I3_O)        0.124     1.668 r  tracker/brush_addr_i_59/O
                         net (fo=1, routed)           0.811     2.479    tracker/brush_addr_i_59_n_0
    SLICE_X36Y13         LUT4 (Prop_lut4_I2_O)        0.154     2.633 r  tracker/brush_addr_i_40/O
                         net (fo=19, routed)          1.044     3.677    frame_update/drawY10_in
    SLICE_X35Y15         LUT4 (Prop_lut4_I1_O)        0.327     4.004 r  frame_update/brush_addr_i_1/O
                         net (fo=12, routed)          2.200     6.204    frame_update/A_1[18]
    DSP48_X1Y6           DSP48E1 (Prop_dsp48e1_A[25]_P[11])
                                                      3.841    10.045 r  frame_update/brush_addr/P[11]
                         net (fo=1, routed)           1.476    11.521    frame_update/brush_addr__0[11]
    SLICE_X44Y17         LUT6 (Prop_lut6_I1_O)        0.124    11.645 r  frame_update/frame_buf_i_9/O
                         net (fo=29, routed)          3.947    15.592    <hidden>
    RAMB36_X0Y3          RAMB36E1                                     r  <hidden>
  -------------------------------------------------------------------    -------------------

Slack:                    inf
  Source:                 tracker/YCount_reg[0]/C
                            (rising edge-triggered cell FDRE)
  Destination:            <hidden>
  Path Group:             (none)
  Path Type:              Max at Slow Process Corner
  Data Path Delay:        15.536ns  (logic 5.026ns (32.351%)  route 10.510ns (67.649%))
  Logic Levels:           6  (DSP48E1=1 FDRE=1 LUT4=2 LUT6=2)

    Location             Delay type                Incr(ns)  Path(ns)    Netlist Resource(s)
  -------------------------------------------------------------------    -------------------
    SLICE_X37Y15         FDRE                         0.000     0.000 r  tracker/YCount_reg[0]/C
    SLICE_X37Y15         FDRE (Prop_fdre_C_Q)         0.456     0.456 r  tracker/YCount_reg[0]/Q
                         net (fo=10, routed)          1.088     1.544    tracker/YCount_reg[8]_0[0]
    SLICE_X36Y12         LUT6 (Prop_lut6_I3_O)        0.124     1.668 r  tracker/brush_addr_i_59/O
                         net (fo=1, routed)           0.811     2.479    tracker/brush_addr_i_59_n_0
    SLICE_X36Y13         LUT4 (Prop_lut4_I2_O)        0.154     2.633 r  tracker/brush_addr_i_40/O
                         net (fo=19, routed)          1.044     3.677    frame_update/drawY10_in
    SLICE_X35Y15         LUT4 (Prop_lut4_I1_O)        0.327     4.004 r  frame_update/brush_addr_i_1/O
                         net (fo=12, routed)          2.200     6.204    frame_update/A_1[18]
    DSP48_X1Y6           DSP48E1 (Prop_dsp48e1_A[25]_P[4])
                                                      3.841    10.045 r  frame_update/brush_addr/P[4]
                         net (fo=1, routed)           1.024    11.069    frame_update/brush_addr__0[4]
    SLICE_X44Y16         LUT6 (Prop_lut6_I1_O)        0.124    11.193 r  frame_update/frame_buf_i_16/O
                         net (fo=29, routed)          4.343    15.536    <hidden>
    RAMB36_X0Y6          RAMB36E1                                     r  <hidden>
  -------------------------------------------------------------------    -------------------

Slack:                    inf
  Source:                 tracker/YCount_reg[0]/C
                            (rising edge-triggered cell FDRE)
  Destination:            <hidden>
  Path Group:             (none)
  Path Type:              Max at Slow Process Corner
  Data Path Delay:        15.501ns  (logic 5.026ns (32.423%)  route 10.475ns (67.577%))
  Logic Levels:           6  (DSP48E1=1 FDRE=1 LUT4=2 LUT6=2)

    Location             Delay type                Incr(ns)  Path(ns)    Netlist Resource(s)
  -------------------------------------------------------------------    -------------------
    SLICE_X37Y15         FDRE                         0.000     0.000 r  tracker/YCount_reg[0]/C
    SLICE_X37Y15         FDRE (Prop_fdre_C_Q)         0.456     0.456 r  tracker/YCount_reg[0]/Q
                         net (fo=10, routed)          1.088     1.544    tracker/YCount_reg[8]_0[0]
    SLICE_X36Y12         LUT6 (Prop_lut6_I3_O)        0.124     1.668 r  tracker/brush_addr_i_59/O
                         net (fo=1, routed)           0.811     2.479    tracker/brush_addr_i_59_n_0
    SLICE_X36Y13         LUT4 (Prop_lut4_I2_O)        0.154     2.633 r  tracker/brush_addr_i_40/O
                         net (fo=19, routed)          1.044     3.677    frame_update/drawY10_in
    SLICE_X35Y15         LUT4 (Prop_lut4_I1_O)        0.327     4.004 r  frame_update/brush_addr_i_1/O
                         net (fo=12, routed)          2.200     6.204    frame_update/A_1[18]
    DSP48_X1Y6           DSP48E1 (Prop_dsp48e1_A[25]_P[7])
                                                      3.841    10.045 r  frame_update/brush_addr/P[7]
                         net (fo=1, routed)           1.258    11.303    frame_update/brush_addr__0[7]
    SLICE_X44Y16         LUT6 (Prop_lut6_I1_O)        0.124    11.427 r  frame_update/frame_buf_i_13/O
                         net (fo=29, routed)          4.075    15.501    <hidden>
    RAMB36_X2Y11         RAMB36E1                                     r  <hidden>
  -------------------------------------------------------------------    -------------------

Slack:                    inf
  Source:                 tracker/YCount_reg[0]/C
                            (rising edge-triggered cell FDRE)
  Destination:            <hidden>
  Path Group:             (none)
  Path Type:              Max at Slow Process Corner
  Data Path Delay:        15.450ns  (logic 5.026ns (32.530%)  route 10.424ns (67.470%))
  Logic Levels:           6  (DSP48E1=1 FDRE=1 LUT4=2 LUT6=2)

    Location             Delay type                Incr(ns)  Path(ns)    Netlist Resource(s)
  -------------------------------------------------------------------    -------------------
    SLICE_X37Y15         FDRE                         0.000     0.000 r  tracker/YCount_reg[0]/C
    SLICE_X37Y15         FDRE (Prop_fdre_C_Q)         0.456     0.456 r  tracker/YCount_reg[0]/Q
                         net (fo=10, routed)          1.088     1.544    tracker/YCount_reg[8]_0[0]
    SLICE_X36Y12         LUT6 (Prop_lut6_I3_O)        0.124     1.668 r  tracker/brush_addr_i_59/O
                         net (fo=1, routed)           0.811     2.479    tracker/brush_addr_i_59_n_0
    SLICE_X36Y13         LUT4 (Prop_lut4_I2_O)        0.154     2.633 r  tracker/brush_addr_i_40/O
                         net (fo=19, routed)          1.044     3.677    frame_update/drawY10_in
    SLICE_X35Y15         LUT4 (Prop_lut4_I1_O)        0.327     4.004 r  frame_update/brush_addr_i_1/O
                         net (fo=12, routed)          2.200     6.204    frame_update/A_1[18]
    DSP48_X1Y6           DSP48E1 (Prop_dsp48e1_A[25]_P[5])
                                                      3.841    10.045 r  frame_update/brush_addr/P[5]
                         net (fo=1, routed)           1.442    11.487    frame_update/brush_addr__0[5]
    SLICE_X44Y16         LUT6 (Prop_lut6_I1_O)        0.124    11.611 r  frame_update/frame_buf_i_15/O
                         net (fo=29, routed)          3.840    15.450    <hidden>
    RAMB36_X0Y10         RAMB36E1                                     r  <hidden>
  -------------------------------------------------------------------    -------------------

Slack:                    inf
  Source:                 tracker/YCount_reg[0]/C
                            (rising edge-triggered cell FDRE)
  Destination:            <hidden>
  Path Group:             (none)
  Path Type:              Max at Slow Process Corner
  Data Path Delay:        15.427ns  (logic 5.026ns (32.580%)  route 10.401ns (67.420%))
  Logic Levels:           6  (DSP48E1=1 FDRE=1 LUT4=2 LUT6=2)

    Location             Delay type                Incr(ns)  Path(ns)    Netlist Resource(s)
  -------------------------------------------------------------------    -------------------
    SLICE_X37Y15         FDRE                         0.000     0.000 r  tracker/YCount_reg[0]/C
    SLICE_X37Y15         FDRE (Prop_fdre_C_Q)         0.456     0.456 r  tracker/YCount_reg[0]/Q
                         net (fo=10, routed)          1.088     1.544    tracker/YCount_reg[8]_0[0]
    SLICE_X36Y12         LUT6 (Prop_lut6_I3_O)        0.124     1.668 r  tracker/brush_addr_i_59/O
                         net (fo=1, routed)           0.811     2.479    tracker/brush_addr_i_59_n_0
    SLICE_X36Y13         LUT4 (Prop_lut4_I2_O)        0.154     2.633 r  tracker/brush_addr_i_40/O
                         net (fo=19, routed)          1.044     3.677    frame_update/drawY10_in
    SLICE_X35Y15         LUT4 (Prop_lut4_I1_O)        0.327     4.004 r  frame_update/brush_addr_i_1/O
                         net (fo=12, routed)          2.200     6.204    frame_update/A_1[18]
    DSP48_X1Y6           DSP48E1 (Prop_dsp48e1_A[25]_P[3])
                                                      3.841    10.045 r  frame_update/brush_addr/P[3]
                         net (fo=1, routed)           1.081    11.126    frame_update/brush_addr__0[3]
    SLICE_X44Y15         LUT6 (Prop_lut6_I1_O)        0.124    11.250 r  frame_update/frame_buf_i_17/O
                         net (fo=29, routed)          4.177    15.427    <hidden>
    RAMB36_X2Y11         RAMB36E1                                     r  <hidden>
  -------------------------------------------------------------------    -------------------





Min Delay Paths
--------------------------------------------------------------------------------------
Slack:                    inf
  Source:                 right_debounce/synchronizer_reg[1]/C
                            (rising edge-triggered cell FDRE)
  Destination:            right_debounce/synchronizer_reg[0]/D
  Path Group:             (none)
  Path Type:              Min at Fast Process Corner
  Data Path Delay:        0.304ns  (logic 0.141ns (46.368%)  route 0.163ns (53.632%))
  Logic Levels:           1  (FDRE=1)

    Location             Delay type                Incr(ns)  Path(ns)    Netlist Resource(s)
  -------------------------------------------------------------------    -------------------
    SLICE_X36Y17         FDRE                         0.000     0.000 r  right_debounce/synchronizer_reg[1]/C
    SLICE_X36Y17         FDRE (Prop_fdre_C_Q)         0.141     0.141 r  right_debounce/synchronizer_reg[1]/Q
                         net (fo=1, routed)           0.163     0.304    right_debounce/synchronizer__2[1]
    SLICE_X38Y18         FDRE                                         r  right_debounce/synchronizer_reg[0]/D
  -------------------------------------------------------------------    -------------------

Slack:                    inf
  Source:                 down_debounce/timeout_counter_reg[6]/C
                            (rising edge-triggered cell FDRE)
  Destination:            down_debounce/FSM_sequential_current_state_reg[0]/D
  Path Group:             (none)
  Path Type:              Min at Fast Process Corner
  Data Path Delay:        0.317ns  (logic 0.186ns (58.636%)  route 0.131ns (41.364%))
  Logic Levels:           2  (FDRE=1 LUT6=1)

    Location             Delay type                Incr(ns)  Path(ns)    Netlist Resource(s)
  -------------------------------------------------------------------    -------------------
    SLICE_X37Y13         FDRE                         0.000     0.000 r  down_debounce/timeout_counter_reg[6]/C
    SLICE_X37Y13         FDRE (Prop_fdre_C_Q)         0.141     0.141 f  down_debounce/timeout_counter_reg[6]/Q
                         net (fo=4, routed)           0.131     0.272    down_debounce/timeout_counter_reg[6]
    SLICE_X36Y13         LUT6 (Prop_lut6_I4_O)        0.045     0.317 r  down_debounce/FSM_sequential_current_state[0]_i_1__0/O
                         net (fo=1, routed)           0.000     0.317    down_debounce/FSM_sequential_current_state[0]_i_1__0_n_0
    SLICE_X36Y13         FDRE                                         r  down_debounce/FSM_sequential_current_state_reg[0]/D
  -------------------------------------------------------------------    -------------------

Slack:                    inf
  Source:                 up_debounce/synchronizer_reg[1]/C
                            (rising edge-triggered cell FDRE)
  Destination:            up_debounce/synchronizer_reg[0]/D
  Path Group:             (none)
  Path Type:              Min at Fast Process Corner
  Data Path Delay:        0.317ns  (logic 0.141ns (44.418%)  route 0.176ns (55.582%))
  Logic Levels:           1  (FDRE=1)

    Location             Delay type                Incr(ns)  Path(ns)    Netlist Resource(s)
  -------------------------------------------------------------------    -------------------
    SLICE_X35Y11         FDRE                         0.000     0.000 r  up_debounce/synchronizer_reg[1]/C
    SLICE_X35Y11         FDRE (Prop_fdre_C_Q)         0.141     0.141 r  up_debounce/synchronizer_reg[1]/Q
                         net (fo=1, routed)           0.176     0.317    up_debounce/synchronizer[1]
    SLICE_X35Y11         FDRE                                         r  up_debounce/synchronizer_reg[0]/D
  -------------------------------------------------------------------    -------------------

Slack:                    inf
  Source:                 left_debounce/synchronizer_reg[0]/C
                            (rising edge-triggered cell FDRE)
  Destination:            left_debounce/FSM_sequential_current_state_reg[1]/D
  Path Group:             (none)
  Path Type:              Min at Fast Process Corner
  Data Path Delay:        0.318ns  (logic 0.246ns (77.477%)  route 0.072ns (22.523%))
  Logic Levels:           2  (FDRE=1 LUT6=1)

    Location             Delay type                Incr(ns)  Path(ns)    Netlist Resource(s)
  -------------------------------------------------------------------    -------------------
    SLICE_X30Y24         FDRE                         0.000     0.000 r  left_debounce/synchronizer_reg[0]/C
    SLICE_X30Y24         FDRE (Prop_fdre_C_Q)         0.148     0.148 r  left_debounce/synchronizer_reg[0]/Q
                         net (fo=2, routed)           0.072     0.220    left_debounce/synchronizer[0]
    SLICE_X30Y24         LUT6 (Prop_lut6_I5_O)        0.098     0.318 r  left_debounce/FSM_sequential_current_state[1]_i_1__1/O
                         net (fo=1, routed)           0.000     0.318    left_debounce/FSM_sequential_current_state[1]_i_1__1_n_0
    SLICE_X30Y24         FDRE                                         r  left_debounce/FSM_sequential_current_state_reg[1]/D
  -------------------------------------------------------------------    -------------------

Slack:                    inf
  Source:                 right_debounce/synchronizer_reg[0]/C
                            (rising edge-triggered cell FDRE)
  Destination:            right_debounce/FSM_sequential_current_state_reg[1]/D
  Path Group:             (none)
  Path Type:              Min at Fast Process Corner
  Data Path Delay:        0.318ns  (logic 0.246ns (77.477%)  route 0.072ns (22.523%))
  Logic Levels:           2  (FDRE=1 LUT6=1)

    Location             Delay type                Incr(ns)  Path(ns)    Netlist Resource(s)
  -------------------------------------------------------------------    -------------------
    SLICE_X38Y18         FDRE                         0.000     0.000 r  right_debounce/synchronizer_reg[0]/C
    SLICE_X38Y18         FDRE (Prop_fdre_C_Q)         0.148     0.148 r  right_debounce/synchronizer_reg[0]/Q
                         net (fo=2, routed)           0.072     0.220    right_debounce/synchronizer[0]
    SLICE_X38Y18         LUT6 (Prop_lut6_I5_O)        0.098     0.318 r  right_debounce/FSM_sequential_current_state[1]_i_1__2/O
                         net (fo=1, routed)           0.000     0.318    right_debounce/FSM_sequential_current_state[1]_i_1__2_n_0
    SLICE_X38Y18         FDRE                                         r  right_debounce/FSM_sequential_current_state_reg[1]/D
  -------------------------------------------------------------------    -------------------

Slack:                    inf
  Source:                 up_debounce/timeout_counter_reg[3]/C
                            (rising edge-triggered cell FDRE)
  Destination:            up_debounce/timeout_counter_reg[6]/D
  Path Group:             (none)
  Path Type:              Min at Fast Process Corner
  Data Path Delay:        0.318ns  (logic 0.186ns (58.579%)  route 0.132ns (41.421%))
  Logic Levels:           2  (FDRE=1 LUT6=1)

    Location             Delay type                Incr(ns)  Path(ns)    Netlist Resource(s)
  -------------------------------------------------------------------    -------------------
    SLICE_X35Y9          FDRE                         0.000     0.000 r  up_debounce/timeout_counter_reg[3]/C
    SLICE_X35Y9          FDRE (Prop_fdre_C_Q)         0.141     0.141 r  up_debounce/timeout_counter_reg[3]/Q
                         net (fo=6, routed)           0.132     0.273    up_debounce/timeout_counter_reg[3]
    SLICE_X34Y9          LUT6 (Prop_lut6_I1_O)        0.045     0.318 r  up_debounce/timeout_counter[6]_i_1/O
                         net (fo=1, routed)           0.000     0.318    up_debounce/plusOp[6]
    SLICE_X34Y9          FDRE                                         r  up_debounce/timeout_counter_reg[6]/D
  -------------------------------------------------------------------    -------------------

Slack:                    inf
  Source:                 down_debounce/timeout_counter_reg[6]/C
                            (rising edge-triggered cell FDRE)
  Destination:            down_debounce/FSM_sequential_current_state_reg[1]/D
  Path Group:             (none)
  Path Type:              Min at Fast Process Corner
  Data Path Delay:        0.318ns  (logic 0.186ns (58.452%)  route 0.132ns (41.548%))
  Logic Levels:           2  (FDRE=1 LUT6=1)

    Location             Delay type                Incr(ns)  Path(ns)    Netlist Resource(s)
  -------------------------------------------------------------------    -------------------
    SLICE_X37Y13         FDRE                         0.000     0.000 r  down_debounce/timeout_counter_reg[6]/C
    SLICE_X37Y13         FDRE (Prop_fdre_C_Q)         0.141     0.141 r  down_debounce/timeout_counter_reg[6]/Q
                         net (fo=4, routed)           0.132     0.273    down_debounce/timeout_counter_reg[6]
    SLICE_X36Y13         LUT6 (Prop_lut6_I0_O)        0.045     0.318 r  down_debounce/FSM_sequential_current_state[1]_i_1__0/O
                         net (fo=1, routed)           0.000     0.318    down_debounce/FSM_sequential_current_state[1]_i_1__0_n_0
    SLICE_X36Y13         FDRE                                         r  down_debounce/FSM_sequential_current_state_reg[1]/D
  -------------------------------------------------------------------    -------------------

Slack:                    inf
  Source:                 left_debounce/synchronizer_reg[1]/C
                            (rising edge-triggered cell FDRE)
  Destination:            left_debounce/synchronizer_reg[0]/D
  Path Group:             (none)
  Path Type:              Min at Fast Process Corner
  Data Path Delay:        0.319ns  (logic 0.141ns (44.203%)  route 0.178ns (55.797%))
  Logic Levels:           1  (FDRE=1)

    Location             Delay type                Incr(ns)  Path(ns)    Netlist Resource(s)
  -------------------------------------------------------------------    -------------------
    SLICE_X28Y23         FDRE                         0.000     0.000 r  left_debounce/synchronizer_reg[1]/C
    SLICE_X28Y23         FDRE (Prop_fdre_C_Q)         0.141     0.141 r  left_debounce/synchronizer_reg[1]/Q
                         net (fo=1, routed)           0.178     0.319    left_debounce/synchronizer__1[1]
    SLICE_X30Y24         FDRE                                         r  left_debounce/synchronizer_reg[0]/D
  -------------------------------------------------------------------    -------------------

Slack:                    inf
  Source:                 left_debounce/synchronizer_reg[0]/C
                            (rising edge-triggered cell FDRE)
  Destination:            left_debounce/FSM_sequential_current_state_reg[0]/D
  Path Group:             (none)
  Path Type:              Min at Fast Process Corner
  Data Path Delay:        0.320ns  (logic 0.246ns (76.992%)  route 0.074ns (23.008%))
  Logic Levels:           2  (FDRE=1 LUT6=1)

    Location             Delay type                Incr(ns)  Path(ns)    Netlist Resource(s)
  -------------------------------------------------------------------    -------------------
    SLICE_X30Y24         FDRE                         0.000     0.000 r  left_debounce/synchronizer_reg[0]/C
    SLICE_X30Y24         FDRE (Prop_fdre_C_Q)         0.148     0.148 r  left_debounce/synchronizer_reg[0]/Q
                         net (fo=2, routed)           0.074     0.222    left_debounce/synchronizer[0]
    SLICE_X30Y24         LUT6 (Prop_lut6_I0_O)        0.098     0.320 r  left_debounce/FSM_sequential_current_state[0]_i_1__1/O
                         net (fo=1, routed)           0.000     0.320    left_debounce/FSM_sequential_current_state[0]_i_1__1_n_0
    SLICE_X30Y24         FDRE                                         r  left_debounce/FSM_sequential_current_state_reg[0]/D
  -------------------------------------------------------------------    -------------------

Slack:                    inf
  Source:                 right_debounce/synchronizer_reg[0]/C
                            (rising edge-triggered cell FDRE)
  Destination:            right_debounce/FSM_sequential_current_state_reg[0]/D
  Path Group:             (none)
  Path Type:              Min at Fast Process Corner
  Data Path Delay:        0.320ns  (logic 0.246ns (76.992%)  route 0.074ns (23.008%))
  Logic Levels:           2  (FDRE=1 LUT6=1)

    Location             Delay type                Incr(ns)  Path(ns)    Netlist Resource(s)
  -------------------------------------------------------------------    -------------------
    SLICE_X38Y18         FDRE                         0.000     0.000 r  right_debounce/synchronizer_reg[0]/C
    SLICE_X38Y18         FDRE (Prop_fdre_C_Q)         0.148     0.148 r  right_debounce/synchronizer_reg[0]/Q
                         net (fo=2, routed)           0.074     0.222    right_debounce/synchronizer[0]
    SLICE_X38Y18         LUT6 (Prop_lut6_I0_O)        0.098     0.320 r  right_debounce/FSM_sequential_current_state[0]_i_1__2/O
                         net (fo=1, routed)           0.000     0.320    right_debounce/FSM_sequential_current_state[0]_i_1__2_n_0
    SLICE_X38Y18         FDRE                                         r  right_debounce/FSM_sequential_current_state_reg[0]/D
  -------------------------------------------------------------------    -------------------





