Copyright 1986-2022 Xilinx, Inc. All Rights Reserved. Copyright 2022-2025 Advanced Micro Devices, Inc. All Rights Reserved.
---------------------------------------------------------------------------------------------------------------------------------------------
| Tool Version : Vivado v.2024.2.2 (win64) Build 6060944 Thu Mar 06 19:10:01 MST 2025
| Date         : Wed Aug 19 11:07:39 2026
| Host         : c011-09 running 64-bit major release  (build 9200)
| Command      : report_control_sets -verbose -file top_shell_control_sets_placed.rpt
| Design       : top_shell
| Device       : xc7a35t
---------------------------------------------------------------------------------------------------------------------------------------------

Control Set Information

Table of Contents
-----------------
1. Summary
2. Histogram
3. Flip-Flop Distribution
4. Detailed Control Set Information

1. Summary
----------

+----------------------------------------------------------+-------+
|                          Status                          | Count |
+----------------------------------------------------------+-------+
| Total control sets                                       |    14 |
|    Minimum number of control sets                        |    14 |
|    Addition due to synthesis replication                 |     0 |
|    Addition due to physical synthesis replication        |     0 |
| Unused register locations in slices containing registers |    27 |
+----------------------------------------------------------+-------+
* Control sets can be merged at opt_design using control_set_merge or merge_equivalent_drivers
** Run report_qor_suggestions for automated merging and remapping suggestions


2. Histogram
------------

+--------------------+-------+
|       Fanout       | Count |
+--------------------+-------+
| Total control sets |    14 |
| >= 0 to < 4        |     1 |
| >= 4 to < 6        |     0 |
| >= 6 to < 8        |     0 |
| >= 8 to < 10       |     6 |
| >= 10 to < 12      |     1 |
| >= 12 to < 14      |     0 |
| >= 14 to < 16      |     0 |
| >= 16              |     6 |
+--------------------+-------+
* Control sets can be remapped at either synth_design or opt_design


3. Flip-Flop Distribution
-------------------------

+--------------+-----------------------+------------------------+-----------------+--------------+
| Clock Enable | Synchronous Set/Reset | Asynchronous Set/Reset | Total Registers | Total Slices |
+--------------+-----------------------+------------------------+-----------------+--------------+
| No           | No                    | No                     |              40 |           20 |
| No           | No                    | Yes                    |               0 |            0 |
| No           | Yes                   | No                     |              91 |           28 |
| Yes          | No                    | No                     |              19 |            7 |
| Yes          | No                    | Yes                    |               0 |            0 |
| Yes          | Yes                   | No                     |              95 |           27 |
+--------------+-----------------------+------------------------+-----------------+--------------+


4. Detailed Control Set Information
-----------------------------------

+---------------------------+---------------------------------+---------------------------------+------------------+----------------+--------------+
|        Clock Signal       |          Enable Signal          |         Set/Reset Signal        | Slice Load Count | Bel Load Count | Bels / Slice |
+---------------------------+---------------------------------+---------------------------------+------------------+----------------+--------------+
|  clk_ext_port_IBUF_BUFG   |                                 |                                 |                1 |              2 |         2.00 |
|  clocking/system_clk_port |                                 | clear_debounce/next_state[0]    |                2 |              8 |         4.00 |
|  clocking/system_clk_port |                                 | down_debounce/next_state[0]     |                3 |              8 |         2.67 |
|  clocking/system_clk_port |                                 | left_debounce/next_state[0]     |                3 |              8 |         2.67 |
|  clocking/system_clk_port |                                 | right_debounce/next_state[0]    |                2 |              8 |         4.00 |
|  clocking/system_clk_port |                                 | up_debounce/next_state[0]       |                3 |              8 |         2.67 |
|  clocking/system_clk_port | tracker/YCount                  |                                 |                3 |              9 |         3.00 |
|  clocking/system_clk_port | tracker/XCount                  |                                 |                4 |             10 |         2.50 |
|  clocking/system_clk_port |                                 | tracker/TickCount[18]_i_1_n_0   |                6 |             19 |         3.17 |
|  clocking/system_clk_port | vga_control/ycord               | vga_control/ycord[31]_i_1_n_0   |                8 |             31 |         3.88 |
|  clocking/system_clk_port |                                 | vga_control/ycord               |                9 |             32 |         3.56 |
|  clocking/system_clk_port | frame_update/dina[0]            | frame_update/hcount[31]_i_1_n_0 |                9 |             32 |         3.56 |
|  clocking/system_clk_port | frame_update/vcount[31]_i_2_n_0 | frame_update/vcount[31]_i_1_n_0 |               10 |             32 |         3.20 |
|  clocking/system_clk_port |                                 |                                 |               19 |             38 |         2.00 |
+---------------------------+---------------------------------+---------------------------------+------------------+----------------+--------------+


