
*** Running vivado
    with args -log vga_test_Shell.vds -m64 -product Vivado -mode batch -messageDb vivado.pb -notrace -source vga_test_Shell.tcl



****** Vivado v2024.2.2 (64-bit)
  **** SW Build 6060944 on Thu Mar 06 19:10:01 MST 2025
  **** IP Build 6050500 on Thu Mar  6 23:33:39 MST 2025
  **** SharedData Build 6060542 on Thu Mar 06 10:31:07 MST 2025
  **** Start of session at: Sun Aug 16 13:19:31 2026
    ** Copyright 1986-2022 Xilinx, Inc. All Rights Reserved.
    ** Copyright 2022-2025 Advanced Micro Devices, Inc. All Rights Reserved.

source vga_test_Shell.tcl -notrace
Command: read_checkpoint -auto_incremental -incremental O:/ENGS31/vgaDisplay/vgaDisplay.srcs/utils_1/imports/synth_1/vga_test_Shell.dcp
INFO: [Vivado 12-5825] Read reference checkpoint from O:/ENGS31/vgaDisplay/vgaDisplay.srcs/utils_1/imports/synth_1/vga_test_Shell.dcp for incremental synthesis
INFO: [Vivado 12-7989] Please ensure there are no constraint changes
Command: synth_design -top vga_test_Shell -part xc7a35tcpg236-1
Starting synth_design
Attempting to get a license for feature 'Synthesis' and/or device 'xc7a35t'
INFO: [Common 17-349] Got license for feature 'Synthesis' and/or device 'xc7a35t'
INFO: [Device 21-403] Loading part xc7a35tcpg236-1
INFO: [Designutils 20-5440] No compile time benefit to using incremental synthesis; A full resynthesis will be run
INFO: [Designutils 20-4379] Flow is switching to default flow due to incremental criteria not met. If you would like to alter this behaviour and have the flow terminate instead, please set the following parameter config_implementation {autoIncr.Synth.RejectBehavior Terminate}
INFO: [Synth 8-7079] Multithreading enabled for synth_design using a maximum of 2 processes.
INFO: [Synth 8-7078] Launching helper process for spawning children vivado processes
WARNING: [Common 17-1361] You have specified a new message control rule that is equivalent to an existing rule with attributes ' -id {17-179}  -suppress '. The existing rule will be replaced.
INFO: [Synth 8-7075] Helper process launched with PID 14652
---------------------------------------------------------------------------------
Starting RTL Elaboration : Time (s): cpu = 00:00:02 ; elapsed = 00:00:03 . Memory (MB): peak = 989.949 ; gain = 468.500
---------------------------------------------------------------------------------
INFO: [Synth 8-638] synthesizing module 'vga_test_Shell' [O:/ENGS31/vgaDisplay/vgaDisplay.srcs/sim_1/new/vga_test_Shell.vhd:36]
	Parameter CLOCK_DIVIDER_RATIO bound to: 4 - type: integer 
INFO: [Synth 8-3491] module 'system_clock_generator' declared at 'O:/ENGS31/vgaDisplay/vgaDisplay.srcs/sim_1/imports/vgaTestFiles/vga_test_clk.vhd:14' bound to instance 'clocking' of component 'system_clock_generator' [O:/ENGS31/vgaDisplay/vgaDisplay.srcs/sim_1/new/vga_test_Shell.vhd:84]
INFO: [Synth 8-638] synthesizing module 'system_clock_generator' [O:/ENGS31/vgaDisplay/vgaDisplay.srcs/sim_1/imports/vgaTestFiles/vga_test_clk.vhd:25]
	Parameter CLOCK_DIVIDER_RATIO bound to: 4 - type: integer 
INFO: [Synth 8-113] binding component instance 'system_clock_buffer' to cell 'BUFG' [O:/ENGS31/vgaDisplay/vgaDisplay.srcs/sim_1/imports/vgaTestFiles/vga_test_clk.vhd:63]
	Parameter DDR_CLK_EDGE bound to: SAME_EDGE - type: string 
	Parameter INIT bound to: 1'b0 
	Parameter SRTYPE bound to: SYNC - type: string 
INFO: [Synth 8-113] binding component instance 'clock_forwarding_ODDR' to cell 'ODDR' [O:/ENGS31/vgaDisplay/vgaDisplay.srcs/sim_1/imports/vgaTestFiles/vga_test_clk.vhd:72]
INFO: [Synth 8-256] done synthesizing module 'system_clock_generator' (0#1) [O:/ENGS31/vgaDisplay/vgaDisplay.srcs/sim_1/imports/vgaTestFiles/vga_test_clk.vhd:25]
INFO: [Synth 8-3491] module 'VGA_test' declared at 'O:/ENGS31/vgaDisplay/vgaDisplay.srcs/sim_1/imports/vgaTestFiles/vga_test.vhd:14' bound to instance 'TEST' of component 'VGA_test' [O:/ENGS31/vgaDisplay/vgaDisplay.srcs/sim_1/new/vga_test_Shell.vhd:97]
INFO: [Synth 8-638] synthesizing module 'VGA_test' [O:/ENGS31/vgaDisplay/vgaDisplay.srcs/sim_1/imports/vgaTestFiles/vga_test.vhd:29]
INFO: [Synth 8-256] done synthesizing module 'VGA_test' (0#1) [O:/ENGS31/vgaDisplay/vgaDisplay.srcs/sim_1/imports/vgaTestFiles/vga_test.vhd:29]
INFO: [Synth 8-256] done synthesizing module 'vga_test_Shell' (0#1) [O:/ENGS31/vgaDisplay/vgaDisplay.srcs/sim_1/new/vga_test_Shell.vhd:36]
---------------------------------------------------------------------------------
Finished RTL Elaboration : Time (s): cpu = 00:00:03 ; elapsed = 00:00:04 . Memory (MB): peak = 1096.305 ; gain = 574.855
---------------------------------------------------------------------------------
---------------------------------------------------------------------------------
Start Handling Custom Attributes
---------------------------------------------------------------------------------
---------------------------------------------------------------------------------
Finished Handling Custom Attributes : Time (s): cpu = 00:00:03 ; elapsed = 00:00:04 . Memory (MB): peak = 1096.305 ; gain = 574.855
---------------------------------------------------------------------------------
---------------------------------------------------------------------------------
Finished RTL Optimization Phase 1 : Time (s): cpu = 00:00:03 ; elapsed = 00:00:04 . Memory (MB): peak = 1096.305 ; gain = 574.855
---------------------------------------------------------------------------------
Netlist sorting complete. Time (s): cpu = 00:00:00 ; elapsed = 00:00:00.001 . Memory (MB): peak = 1096.305 ; gain = 0.000
INFO: [Netlist 29-17] Analyzing 1 Unisim elements for replacement
INFO: [Netlist 29-28] Unisim Transformation completed in 0 CPU seconds
INFO: [Project 1-570] Preparing netlist for logic optimization

Processing XDC Constraints
Initializing timing engine
Parsing XDC File [O:/ENGS31/vgaDisplay/vgaDisplay.srcs/constrs_1/new/ENGS31_Constraints_Template.xdc]
Finished Parsing XDC File [O:/ENGS31/vgaDisplay/vgaDisplay.srcs/constrs_1/new/ENGS31_Constraints_Template.xdc]
INFO: [Project 1-236] Implementation specific constraints were found while reading constraint file [O:/ENGS31/vgaDisplay/vgaDisplay.srcs/constrs_1/new/ENGS31_Constraints_Template.xdc]. These constraints will be ignored for synthesis but will be used in implementation. Impacted constraints are listed in the file [.Xil/vga_test_Shell_propImpl.xdc].
Resolution: To avoid this warning, move constraints listed in [.Xil/vga_test_Shell_propImpl.xdc] to another XDC file and exclude this new file from synthesis with the used_in_synthesis property (File Properties dialog in GUI) and re-run elaboration/synthesis.
Completed Processing XDC Constraints

Netlist sorting complete. Time (s): cpu = 00:00:00 ; elapsed = 00:00:00 . Memory (MB): peak = 1167.789 ; gain = 0.000
INFO: [Project 1-111] Unisim Transformation Summary:
No Unisim elements were transformed.

Constraint Validation Runtime : Time (s): cpu = 00:00:00 ; elapsed = 00:00:00.006 . Memory (MB): peak = 1167.789 ; gain = 0.000
INFO: [Designutils 20-5440] No compile time benefit to using incremental synthesis; A full resynthesis will be run
INFO: [Designutils 20-4379] Flow is switching to default flow due to incremental criteria not met. If you would like to alter this behaviour and have the flow terminate instead, please set the following parameter config_implementation {autoIncr.Synth.RejectBehavior Terminate}
---------------------------------------------------------------------------------
Finished Constraint Validation : Time (s): cpu = 00:00:07 ; elapsed = 00:00:09 . Memory (MB): peak = 1167.789 ; gain = 646.340
---------------------------------------------------------------------------------
---------------------------------------------------------------------------------
Start Loading Part and Timing Information
---------------------------------------------------------------------------------
Loading part: xc7a35tcpg236-1
---------------------------------------------------------------------------------
Finished Loading Part and Timing Information : Time (s): cpu = 00:00:07 ; elapsed = 00:00:09 . Memory (MB): peak = 1167.789 ; gain = 646.340
---------------------------------------------------------------------------------
---------------------------------------------------------------------------------
Start Applying 'set_property' XDC Constraints
---------------------------------------------------------------------------------
---------------------------------------------------------------------------------
Finished applying 'set_property' XDC Constraints : Time (s): cpu = 00:00:07 ; elapsed = 00:00:09 . Memory (MB): peak = 1167.789 ; gain = 646.340
---------------------------------------------------------------------------------
---------------------------------------------------------------------------------
Finished RTL Optimization Phase 2 : Time (s): cpu = 00:00:08 ; elapsed = 00:00:10 . Memory (MB): peak = 1167.789 ; gain = 646.340
---------------------------------------------------------------------------------
---------------------------------------------------------------------------------
Start RTL Component Statistics 
---------------------------------------------------------------------------------
Detailed RTL Component Info : 
+---Adders : 
	   2 Input   32 Bit       Adders := 2     
+---Registers : 
	               32 Bit    Registers := 2     
	                1 Bit    Registers := 2     
+---Muxes : 
	   2 Input    1 Bit        Muxes := 3     
---------------------------------------------------------------------------------
Finished RTL Component Statistics 
---------------------------------------------------------------------------------
---------------------------------------------------------------------------------
Start Part Resource Summary
---------------------------------------------------------------------------------
Part Resources:
DSPs: 90 (col length:60)
BRAMs: 100 (col length: RAMB18 60 RAMB36 30)
---------------------------------------------------------------------------------
Finished Part Resource Summary
---------------------------------------------------------------------------------
---------------------------------------------------------------------------------
Start Cross Boundary and Area Optimization
---------------------------------------------------------------------------------
WARNING: [Synth 8-7080] Parallel synthesis criteria is not met
---------------------------------------------------------------------------------
Finished Cross Boundary and Area Optimization : Time (s): cpu = 00:00:09 ; elapsed = 00:00:11 . Memory (MB): peak = 1167.789 ; gain = 646.340
---------------------------------------------------------------------------------
---------------------------------------------------------------------------------
Start Applying XDC Timing Constraints
---------------------------------------------------------------------------------
---------------------------------------------------------------------------------
Finished Applying XDC Timing Constraints : Time (s): cpu = 00:00:12 ; elapsed = 00:00:15 . Memory (MB): peak = 1285.430 ; gain = 763.980
---------------------------------------------------------------------------------
---------------------------------------------------------------------------------
Start Timing Optimization
---------------------------------------------------------------------------------
---------------------------------------------------------------------------------
Finished Timing Optimization : Time (s): cpu = 00:00:12 ; elapsed = 00:00:15 . Memory (MB): peak = 1285.578 ; gain = 764.129
---------------------------------------------------------------------------------
---------------------------------------------------------------------------------
Start Technology Mapping
---------------------------------------------------------------------------------
---------------------------------------------------------------------------------
Finished Technology Mapping : Time (s): cpu = 00:00:12 ; elapsed = 00:00:15 . Memory (MB): peak = 1304.676 ; gain = 783.227
---------------------------------------------------------------------------------
---------------------------------------------------------------------------------
Start IO Insertion
---------------------------------------------------------------------------------
---------------------------------------------------------------------------------
Start Flattening Before IO Insertion
---------------------------------------------------------------------------------
---------------------------------------------------------------------------------
Finished Flattening Before IO Insertion
---------------------------------------------------------------------------------
---------------------------------------------------------------------------------
Start Final Netlist Cleanup
---------------------------------------------------------------------------------
---------------------------------------------------------------------------------
Finished Final Netlist Cleanup
---------------------------------------------------------------------------------
---------------------------------------------------------------------------------
Finished IO Insertion : Time (s): cpu = 00:00:14 ; elapsed = 00:00:17 . Memory (MB): peak = 1512.059 ; gain = 990.609
---------------------------------------------------------------------------------
---------------------------------------------------------------------------------
Start Renaming Generated Instances
---------------------------------------------------------------------------------
---------------------------------------------------------------------------------
Finished Renaming Generated Instances : Time (s): cpu = 00:00:14 ; elapsed = 00:00:17 . Memory (MB): peak = 1512.059 ; gain = 990.609
---------------------------------------------------------------------------------
---------------------------------------------------------------------------------
Start Rebuilding User Hierarchy
---------------------------------------------------------------------------------
---------------------------------------------------------------------------------
Finished Rebuilding User Hierarchy : Time (s): cpu = 00:00:14 ; elapsed = 00:00:17 . Memory (MB): peak = 1512.059 ; gain = 990.609
---------------------------------------------------------------------------------
---------------------------------------------------------------------------------
Start Renaming Generated Ports
---------------------------------------------------------------------------------
---------------------------------------------------------------------------------
Finished Renaming Generated Ports : Time (s): cpu = 00:00:14 ; elapsed = 00:00:17 . Memory (MB): peak = 1512.059 ; gain = 990.609
---------------------------------------------------------------------------------
---------------------------------------------------------------------------------
Start Handling Custom Attributes
---------------------------------------------------------------------------------
---------------------------------------------------------------------------------
Finished Handling Custom Attributes : Time (s): cpu = 00:00:14 ; elapsed = 00:00:17 . Memory (MB): peak = 1512.059 ; gain = 990.609
---------------------------------------------------------------------------------
---------------------------------------------------------------------------------
Start Renaming Generated Nets
---------------------------------------------------------------------------------
---------------------------------------------------------------------------------
Finished Renaming Generated Nets : Time (s): cpu = 00:00:14 ; elapsed = 00:00:17 . Memory (MB): peak = 1512.059 ; gain = 990.609
---------------------------------------------------------------------------------
---------------------------------------------------------------------------------
Start Writing Synthesis Report
---------------------------------------------------------------------------------

Report BlackBoxes: 
+-+--------------+----------+
| |BlackBox name |Instances |
+-+--------------+----------+
+-+--------------+----------+

Report Cell Usage: 
+------+-------+------+
|      |Cell   |Count |
+------+-------+------+
|1     |BUFG   |     2|
|2     |CARRY4 |    56|
|3     |LUT1   |     9|
|4     |LUT2   |   244|
|5     |LUT4   |     3|
|6     |LUT5   |     1|
|7     |LUT6   |    11|
|8     |ODDR   |     1|
|9     |FDRE   |    66|
|10    |IBUF   |     1|
|11    |OBUF   |     5|
+------+-------+------+
---------------------------------------------------------------------------------
Finished Writing Synthesis Report : Time (s): cpu = 00:00:14 ; elapsed = 00:00:17 . Memory (MB): peak = 1512.059 ; gain = 990.609
---------------------------------------------------------------------------------
Synthesis finished with 0 errors, 0 critical warnings and 1 warnings.
Synthesis Optimization Runtime : Time (s): cpu = 00:00:10 ; elapsed = 00:00:16 . Memory (MB): peak = 1512.059 ; gain = 919.125
Synthesis Optimization Complete : Time (s): cpu = 00:00:14 ; elapsed = 00:00:17 . Memory (MB): peak = 1512.059 ; gain = 990.609
INFO: [Project 1-571] Translating synthesized netlist
Netlist sorting complete. Time (s): cpu = 00:00:00 ; elapsed = 00:00:00.002 . Memory (MB): peak = 1512.059 ; gain = 0.000
INFO: [Netlist 29-17] Analyzing 57 Unisim elements for replacement
INFO: [Netlist 29-28] Unisim Transformation completed in 0 CPU seconds
INFO: [Project 1-570] Preparing netlist for logic optimization
INFO: [Opt 31-138] Pushed 0 inverter(s) to 0 load pin(s).
Netlist sorting complete. Time (s): cpu = 00:00:00 ; elapsed = 00:00:00 . Memory (MB): peak = 1512.059 ; gain = 0.000
INFO: [Project 1-111] Unisim Transformation Summary:
No Unisim elements were transformed.

Synth Design complete | Checksum: 588bf8e0
INFO: [Common 17-83] Releasing license: Synthesis
33 Infos, 2 Warnings, 0 Critical Warnings and 0 Errors encountered.
synth_design completed successfully
synth_design: Time (s): cpu = 00:00:17 ; elapsed = 00:00:21 . Memory (MB): peak = 1512.059 ; gain = 1180.617
Write ShapeDB Complete: Time (s): cpu = 00:00:00 ; elapsed = 00:00:00.008 . Memory (MB): peak = 1512.059 ; gain = 0.000
INFO: [Common 17-1381] The checkpoint 'O:/ENGS31/vgaDisplay/vgaDisplay.runs/synth_1/vga_test_Shell.dcp' has been generated.
INFO: [Vivado 12-24828] Executing command : report_utilization -file vga_test_Shell_utilization_synth.rpt -pb vga_test_Shell_utilization_synth.pb
INFO: [Common 17-206] Exiting Vivado at Sun Aug 16 13:19:56 2026...
